Archive member included to satisfy reference by file (symbol)

/home/divan/.pico-sdk/toolchain/13_2_Rel1/bin/../lib/gcc/arm-none-eabi/13.2.1/thumb/v6-m/nofp/libgcc.a(_dvmd_tls.o)
                              CMakeFiles/Autonomous-Navigation.dir/home/divan/.pico-sdk/sdk/1.5.1/src/rp2_common/pico_divider/divider.S.obj (__aeabi_idiv0)
/home/divan/.pico-sdk/toolchain/13_2_Rel1/bin/../lib/gcc/arm-none-eabi/13.2.1/../../../../arm-none-eabi/lib/thumb/v6-m/nofp/libg.a(libc_a-strncmp.o)
                              CMakeFiles/Autonomous-Navigation.dir/home/divan/.pico-sdk/sdk/1.5.1/lib/lwip/src/core/def.c.obj (strncmp)
/home/divan/.pico-sdk/toolchain/13_2_Rel1/bin/../lib/gcc/arm-none-eabi/13.2.1/../../../../arm-none-eabi/lib/thumb/v6-m/nofp/libg.a(libc_a-malloc.o)
                              CMakeFiles/Autonomous-Navigation.dir/home/divan/.pico-sdk/sdk/1.5.1/src/rp2_common/pico_malloc/pico_malloc.c.obj (malloc)
/home/divan/.pico-sdk/toolchain/13_2_Rel1/bin/../lib/gcc/arm-none-eabi/13.2.1/../../../../arm-none-eabi/lib/thumb/v6-m/nofp/libg.a(libc_a-mallocr.o)
                              /home/divan/.pico-sdk/toolchain/13_2_Rel1/bin/../lib/gcc/arm-none-eabi/13.2.1/../../../../arm-none-eabi/lib/thumb/v6-m/nofp/libg.a(libc_a-malloc.o) (_malloc_r)
/home/divan/.pico-sdk/toolchain/13_2_Rel1/bin/../lib/gcc/arm-none-eabi/13.2.1/../../../../arm-none-eabi/lib/thumb/v6-m/nofp/libg.a(libc_a-memcmp.o)
                              CMakeFiles/Autonomous-Navigation.dir/home/divan/.pico-sdk/sdk/1.5.1/lib/lwip/src/netif/ethernet.c.obj (memcmp)
/home/divan/.pico-sdk/toolchain/13_2_Rel1/bin/../lib/gcc/arm-none-eabi/13.2.1/../../../../arm-none-eabi/lib/thumb/v6-m/nofp/libg.a(libc_a-memmove.o)
                              CMakeFiles/Autonomous-Navigation.dir/home/divan/.pico-sdk/sdk/1.5.1/lib/lwip/src/core/def.c.obj (memmove)
/home/divan/.pico-sdk/toolchain/13_2_Rel1/bin/../lib/gcc/arm-none-eabi/13.2.1/../../../../arm-none-eabi/lib/thumb/v6-m/nofp/libg.a(libc_a-init.o)
                              /home/divan/.pico-sdk/toolchain/13_2_Rel1/bin/../lib/gcc/arm-none-eabi/13.2.1/../../../../arm-none-eabi/lib/thumb/v6-m/nofp/crt0.o (__libc_init_array)
/home/divan/.pico-sdk/toolchain/13_2_Rel1/bin/../lib/gcc/arm-none-eabi/13.2.1/../../../../arm-none-eabi/lib/thumb/v6-m/nofp/libg.a(libc_a-sysconf.o)
                              /home/divan/.pico-sdk/toolchain/13_2_Rel1/bin/../lib/gcc/arm-none-eabi/13.2.1/../../../../arm-none-eabi/lib/thumb/v6-m/nofp/libg.a(libc_a-mallocr.o) (sysconf)
/home/divan/.pico-sdk/toolchain/13_2_Rel1/bin/../lib/gcc/arm-none-eabi/13.2.1/../../../../arm-none-eabi/lib/thumb/v6-m/nofp/libg.a(libc_a-strcmp.o)
                              CMakeFiles/Autonomous-Navigation.dir/Autonomous-Navigation.cpp.obj (strcmp)
/home/divan/.pico-sdk/toolchain/13_2_Rel1/bin/../lib/gcc/arm-none-eabi/13.2.1/../../../../arm-none-eabi/lib/thumb/v6-m/nofp/libg.a(libc_a-mlock.o)
                              /home/divan/.pico-sdk/toolchain/13_2_Rel1/bin/../lib/gcc/arm-none-eabi/13.2.1/../../../../arm-none-eabi/lib/thumb/v6-m/nofp/libg.a(libc_a-mallocr.o) (__malloc_lock)
/home/divan/.pico-sdk/toolchain/13_2_Rel1/bin/../lib/gcc/arm-none-eabi/13.2.1/../../../../arm-none-eabi/lib/thumb/v6-m/nofp/libg.a(libc_a-atoi.o)
                              CMakeFiles/Autonomous-Navigation.dir/home/divan/.pico-sdk/sdk/1.5.1/lib/lwip/src/core/netif.c.obj (atoi)
/home/divan/.pico-sdk/toolchain/13_2_Rel1/bin/../lib/gcc/arm-none-eabi/13.2.1/../../../../arm-none-eabi/lib/thumb/v6-m/nofp/libg.a(libc_a-calloc.o)
                              CMakeFiles/Autonomous-Navigation.dir/home/divan/.pico-sdk/sdk/1.5.1/src/rp2_common/pico_malloc/pico_malloc.c.obj (calloc)
/home/divan/.pico-sdk/toolchain/13_2_Rel1/bin/../lib/gcc/arm-none-eabi/13.2.1/../../../../arm-none-eabi/lib/thumb/v6-m/nofp/libg.a(libc_a-callocr.o)
                              /home/divan/.pico-sdk/toolchain/13_2_Rel1/bin/../lib/gcc/arm-none-eabi/13.2.1/../../../../arm-none-eabi/lib/thumb/v6-m/nofp/libg.a(libc_a-calloc.o) (_calloc_r)
/home/divan/.pico-sdk/toolchain/13_2_Rel1/bin/../lib/gcc/arm-none-eabi/13.2.1/../../../../arm-none-eabi/lib/thumb/v6-m/nofp/libg.a(libc_a-realloc.o)
                              CMakeFiles/Autonomous-Navigation.dir/home/divan/.pico-sdk/sdk/1.5.1/src/rp2_common/pico_malloc/pico_malloc.c.obj (realloc)
/home/divan/.pico-sdk/toolchain/13_2_Rel1/bin/../lib/gcc/arm-none-eabi/13.2.1/../../../../arm-none-eabi/lib/thumb/v6-m/nofp/libg.a(libc_a-ctype_.o)
                              CMakeFiles/Autonomous-Navigation.dir/home/divan/.pico-sdk/sdk/1.5.1/lib/lwip/src/core/dns.c.obj (_ctype_)
/home/divan/.pico-sdk/toolchain/13_2_Rel1/bin/../lib/gcc/arm-none-eabi/13.2.1/../../../../arm-none-eabi/lib/thumb/v6-m/nofp/libg.a(libc_a-impure.o)
                              /home/divan/.pico-sdk/toolchain/13_2_Rel1/bin/../lib/gcc/arm-none-eabi/13.2.1/../../../../arm-none-eabi/lib/thumb/v6-m/nofp/libg.a(libc_a-malloc.o) (_impure_ptr)
[...]
Memory Configuration

Name             Origin             Length             Attributes
FLASH            0x10000000         0x00200000         xr
RAM              0x20000000         0x00040000         xrw
SCRATCH_X        0x20040000         0x00001000         xrw
SCRATCH_Y        0x20041000         0x00001000         xrw
*default*        0x00000000         0xffffffff

Linker script and memory map

LOAD /home/divan/.pico-sdk/toolchain/13_2_Rel1/bin/../lib/gcc/arm-none-eabi/13.2.1/thumb/v6-m/nofp/crti.o
LOAD /home/divan/.pico-sdk/toolchain/13_2_Rel1/bin/../lib/gcc/arm-none-eabi/13.2.1/thumb/v6-m/nofp/crtbegin.o
LOAD /home/divan/.pico-sdk/toolchain/13_2_Rel1/bin/../lib/gcc/arm-none-eabi/13.2.1/../../../../arm-none-eabi/lib/thumb/v6-m/nofp/crt0.o

.flash_begin    0x10000000        0x0
                0x10000000                        __flash_binary_start = .

.boot2          0x10000000      0x100
                0x10000000                        __boot2_start__ = .
 *(.boot2)
 .boot2         0x10000000      0x100 /tmp/ccCabA0Z.o
                0x10000100                        __boot2_end__ = .
                0x00000001                        ASSERT (((__boot2_end__ - __boot2_start__) == 0x100), ERROR: Pico second stage bootloader must be 256 bytes in size)

.text           0x10000100    0x14980
                0x10000100                        __logical_binary_start = .
 *(.vectors)
 .vectors       0x10000100       0xd4 CMakeFiles/Autonomous-Navigation.dir/home/divan/.pico-sdk/sdk/1.5.1/src/rp2_common/pico_standard_link/crt0.S.obj
                0x10000100                __vectors
                0x10000100                __VECTOR_TABLE
                0x100001c0                isr_invalid
                0x100001c0                __default_isrs_start
                0x100001c2                isr_nmi
                0x100001c4                isr_hardfault
                0x100001c6                isr_svcall
                0x100001c8                isr_pendsv
                0x100001ca                isr_systick
                0x100001cc                isr_irq30
                0x100001cc                __unhandled_user_irq
                0x100001cc                isr_irq13
                0x100001cc                isr_irq27
                0x100001cc                isr_irq31
                0x100001cc                isr_irq5
                0x100001cc                isr_irq11
                0x100001cc                isr_irq23
                0x100001cc                isr_irq18
                0x100001cc                isr_irq28
                0x100001cc                isr_irq19
                0x100001cc                isr_irq0
                0x100001cc                isr_irq6
                0x100001cc                isr_irq22
                0x100001cc                isr_irq17
                0x100001cc                isr_irq14
                0x100001cc                isr_irq2
                0x100001cc                isr_irq10
                0x100001cc                isr_irq8
                0x100001cc                isr_irq24
                0x100001cc                isr_irq1
                0x100001cc                isr_irq7
                0x100001cc                isr_irq21
                0x100001cc                isr_irq20
                0x100001cc                isr_irq15
                0x100001cc                isr_irq25
                0x100001cc                isr_irq4
                0x100001cc                isr_irq16
                0x100001cc                isr_irq29
                0x100001cc                isr_irq26
                0x100001cc                __default_isrs_end
                0x100001cc                isr_irq3
                0x100001cc                isr_irq12
                0x100001cc                isr_irq9
                0x100001d2                unhandled_user_irq_num_in_r0
 *(.binary_info_header)
 .binary_info_header
                0x100001d4       0x14 CMakeFiles/Autonomous-Navigation.dir/home/divan/.pico-sdk/sdk/1.5.1/src/rp2_common/pico_standard_link/crt0.S.obj
                0x100001e8                        __binary_info_header_end = .
 *(.reset)
 .reset         0x100001e8       0xa0 CMakeFiles/Autonomous-Navigation.dir/home/divan/.pico-sdk/sdk/1.5.1/src/rp2_common/pico_standard_link/crt0.S.obj
                0x100001e8                _entry_point
 .reset         0x10000288       0x30 CMakeFiles/Autonomous-Navigation.dir/home/divan/.pico-sdk/sdk/1.5.1/src/rp2_common/pico_standard_link/binary_info.c.obj
 *(.init)
 .init          0x100002b8        0x4 /home/divan/.pico-sdk/toolchain/13_2_Rel1/bin/../lib/gcc/arm-none-eabi/13.2.1/thumb/v6-m/nofp/crti.o
                0x100002b8                _init
 *(EXCLUDE_FILE(*libm.a: *libc.a:*lib_a-mem*.o *libgcc.a:) .text*)
 .text.register_tm_clones
                0x100002bc       0x28 /home/divan/.pico-sdk/toolchain/13_2_Rel1/bin/../lib/gcc/arm-none-eabi/13.2.1/thumb/v6-m/nofp/crtbegin.o
 .text.frame_dummy
                0x100002e4       0x24 /home/divan/.pico-sdk/toolchain/13_2_Rel1/bin/../lib/gcc/arm-none-eabi/13.2.1/thumb/v6-m/nofp/crtbegin.o
 .text.pwm_set_chan_level
                0x10000308       0x40 CMakeFiles/Autonomous-Navigation.dir/Autonomous-Navigation.cpp.obj
 .text._ZL20update_us_since_bootP15absolute_time_ty
                0x10000348       0x24 CMakeFiles/Autonomous-Navigation.dir/Autonomous-Navigation.cpp.obj
 .text.get_absolute_time
                0x1000036c       0x16 CMakeFiles/Autonomous-Navigation.dir/Autonomous-Navigation.cpp.obj
 *fill*         0x10000382        0x2 
 .text._Z13recv_callbackPvP7tcp_pcbP4pbufa
                0x10000384       0x40 CMakeFiles/Autonomous-Navigation.dir/Autonomous-Navigation.cpp.obj
                0x10000384                recv_callback(void*, tcp_pcb*, pbuf*, signed char)
 .text._Z15accept_callbackPvP7tcp_pcba
                0x100003c4       0x14 CMakeFiles/Autonomous-Navigation.dir/Autonomous-Navigation.cpp.obj
                0x100003c4                accept_callback(void*, tcp_pcb*, signed char)
 .text._Z18blink_program_initP8pio_hw_tjjj
                0x100003d8       0x78 CMakeFiles/Autonomous-Navigation.dir/Autonomous-Navigation.cpp.obj
                0x100003d8                blink_program_init(pio_hw_t*, unsigned int, unsigned int, unsigned int)
 .text._Z17blink_pin_foreverP8pio_hw_tjjjj
                0x10000450       0x3c CMakeFiles/Autonomous-Navigation.dir/Autonomous-Navigation.cpp.obj
                0x10000450                blink_pin_forever(pio_hw_t*, unsigned int, unsigned int, unsigned int, unsigned int)
 .text._Z15usb_serial_initv
                0x1000048c        0x8 CMakeFiles/Autonomous-Navigation.dir/Autonomous-Navigation.cpp.obj
                0x1000048c                usb_serial_init()
 .text._Z15init_ultrasonicv
                0x10000494       0x22 CMakeFiles/Autonomous-Navigation.dir/Autonomous-Navigation.cpp.obj
                0x10000494                init_ultrasonic()
 *fill*         0x100004b6        0x2 
 .text._Z16measure_distancev
                0x100004b8       0x90 CMakeFiles/Autonomous-Navigation.dir/Autonomous-Navigation.cpp.obj
                0x100004b8                measure_distance()
 .text._Z15init_motor_pinsv
                0x10000548       0x40 CMakeFiles/Autonomous-Navigation.dir/Autonomous-Navigation.cpp.obj
                0x10000548                init_motor_pins()
 .text._Z15control_vehiclePKc
                0x10000588       0xd0 CMakeFiles/Autonomous-Navigation.dir/Autonomous-Navigation.cpp.obj
                0x10000588                control_vehicle(char const*)
 .text._Z15set_motor_speedjtt
                0x10000658       0x1e CMakeFiles/Autonomous-Navigation.dir/Autonomous-Navigation.cpp.obj
                0x10000658                set_motor_speed(unsigned int, unsigned short, unsigned short)
 *fill*         0x10000676        0x2 
 .text._Z16setup_tcp_serverv
                0x10000678       0x60 CMakeFiles/Autonomous-Navigation.dir/Autonomous-Navigation.cpp.obj
                0x10000678                setup_tcp_server()
 .text.main     0x100006d8      0x174 CMakeFiles/Autonomous-Navigation.dir/Autonomous-Navigation.cpp.obj
                0x100006d8                main
 .text.gpio_set_function
                0x1000084c       0x30 CMakeFiles/Autonomous-Navigation.dir/home/divan/.pico-sdk/sdk/1.5.1/src/rp2_common/hardware_gpio/gpio.c.obj
                0x1000084c                gpio_set_function
 .text.gpio_set_pulls
                0x1000087c       0x34 CMakeFiles/Autonomous-Navigation.dir/home/divan/.pico-sdk/sdk/1.5.1/src/rp2_common/hardware_gpio/gpio.c.obj
                0x1000087c                gpio_set_pulls
 .text.gpio_set_input_hysteresis_enabled
                0x100008b0       0x30 CMakeFiles/Autonomous-Navigation.dir/home/divan/.pico-sdk/sdk/1.5.1/src/rp2_common/hardware_gpio/gpio.c.obj
                0x100008b0                gpio_set_input_hysteresis_enabled
 .text.gpio_add_raw_irq_handler_with_order_priority_masked
                0x100008e0       0x40 CMakeFiles/Autonomous-Navigation.dir/home/divan/.pico-sdk/sdk/1.5.1/src/rp2_common/hardware_gpio/gpio.c.obj
                0x100008e0                gpio_add_raw_irq_handler_with_order_priority_masked
 .text.gpio_remove_raw_irq_handler_masked
                0x10000920       0x48 CMakeFiles/Autonomous-Navigation.dir/home/divan/.pico-sdk/sdk/1.5.1/src/rp2_common/hardware_gpio/gpio.c.obj
                0x10000920                gpio_remove_raw_irq_handler_masked
 .text.gpio_acknowledge_irq
                0x10000968       0x18 CMakeFiles/Autonomous-Navigation.dir/home/divan/.pico-sdk/sdk/1.5.1/src/rp2_common/hardware_gpio/gpio.c.obj
                0x10000968                gpio_acknowledge_irq
 .text._gpio_set_irq_enabled
                0x10000980       0x34 CMakeFiles/Autonomous-Navigation.dir/home/divan/.pico-sdk/sdk/1.5.1/src/rp2_common/hardware_gpio/gpio.c.obj
 .text.gpio_set_irq_enabled
                0x100009b4       0x20 CMakeFiles/Autonomous-Navigation.dir/home/divan/.pico-sdk/sdk/1.5.1/src/rp2_common/hardware_gpio/gpio.c.obj
                0x100009b4                gpio_set_irq_enabled
 .text.gpio_init
                0x100009d4       0x16 CMakeFiles/Autonomous-Navigation.dir/home/divan/.pico-sdk/sdk/1.5.1/src/rp2_common/hardware_gpio/gpio.c.obj
                0x100009d4                gpio_init
 *fill*         0x100009ea        0x2 
 .text.running_on_fpga
                0x100009ec       0x14 CMakeFiles/Autonomous-Navigation.dir/home/divan/.pico-sdk/sdk/1.5.1/src/rp2_common/pico_platform/platform.c.obj
                0x100009ec                running_on_fpga
 .text.hw_claim_lock
                0x10000a00       0x18 CMakeFiles/Autonomous-Navigation.dir/home/divan/.pico-sdk/sdk/1.5.1/src/rp2_common/hardware_claim/claim.c.obj
                0x10000a00                hw_claim_lock
 .text.hw_claim_unlock
                0x10000a18       0x14 CMakeFiles/Autonomous-Navigation.dir/home/divan/.pico-sdk/sdk/1.5.1/src/rp2_common/hardware_claim/claim.c.obj
                0x10000a18                hw_claim_unlock
 .text.hw_claim_or_assert
                0x10000a2c       0x32 CMakeFiles/Autonomous-Navigation.dir/home/divan/.pico-sdk/sdk/1.5.1/src/rp2_common/hardware_claim/claim.c.obj
                0x10000a2c                hw_claim_or_assert
 .text.hw_claim_unused_from_range
                0x10000a5e       0x50 CMakeFiles/Autonomous-Navigation.dir/home/divan/.pico-sdk/sdk/1.5.1/src/rp2_common/hardware_claim/claim.c.obj
                0x10000a5e                hw_claim_unused_from_range
 *fill*         0x10000aae        0x2 
 .text.hw_claim_clear
                0x10000ab0       0x40 CMakeFiles/Autonomous-Navigation.dir/home/divan/.pico-sdk/sdk/1.5.1/src/rp2_common/hardware_claim/claim.c.obj
                0x10000ab0                hw_claim_clear
 .text.spin_locks_reset
                0x10000af0       0x20 CMakeFiles/Autonomous-Navigation.dir/home/divan/.pico-sdk/sdk/1.5.1/src/rp2_common/hardware_sync/sync.c.obj
                0x10000af0                spin_locks_reset
 .text.next_striped_spin_lock_num
                0x10000b10       0x1c CMakeFiles/Autonomous-Navigation.dir/home/divan/.pico-sdk/sdk/1.5.1/src/rp2_common/hardware_sync/sync.c.obj
                0x10000b10                next_striped_spin_lock_num
 .text.spin_lock_claim_unused
                0x10000b2c       0x24 CMakeFiles/Autonomous-Navigation.dir/home/divan/.pico-sdk/sdk/1.5.1/src/rp2_common/hardware_sync/sync.c.obj
                0x10000b2c                spin_lock_claim_unused
 .text.set_raw_irq_handler_and_unlock
                0x10000b50       0x28 CMakeFiles/Autonomous-Navigation.dir/home/divan/.pico-sdk/sdk/1.5.1/src/rp2_common/hardware_irq/irq.c.obj
 .text.get_user_irq_claim_index
                0x10000b78        0x6 CMakeFiles/Autonomous-Navigation.dir/home/divan/.pico-sdk/sdk/1.5.1/src/rp2_common/hardware_irq/irq.c.obj
 *fill*         0x10000b7e        0x2 
 .text.resolve_branch
                0x10000b80       0x30 CMakeFiles/Autonomous-Navigation.dir/home/divan/.pico-sdk/sdk/1.5.1/src/rp2_common/hardware_irq/irq.c.obj
 .text.make_branch
                0x10000bb0       0x48 CMakeFiles/Autonomous-Navigation.dir/home/divan/.pico-sdk/sdk/1.5.1/src/rp2_common/hardware_irq/irq.c.obj
 .text.insert_branch_and_link
                0x10000bf8       0x40 CMakeFiles/Autonomous-Navigation.dir/home/divan/.pico-sdk/sdk/1.5.1/src/rp2_common/hardware_irq/irq.c.obj
 .text.irq_is_enabled
                0x10000c38       0x18 CMakeFiles/Autonomous-Navigation.dir/home/divan/.pico-sdk/sdk/1.5.1/src/rp2_common/hardware_irq/irq.c.obj
                0x10000c38                irq_is_enabled
 .text.irq_set_mask_enabled
                0x10000c50       0x20 CMakeFiles/Autonomous-Navigation.dir/home/divan/.pico-sdk/sdk/1.5.1/src/rp2_common/hardware_irq/irq.c.obj
                0x10000c50                irq_set_mask_enabled
 .text.irq_set_enabled
                0x10000c70        0xe CMakeFiles/Autonomous-Navigation.dir/home/divan/.pico-sdk/sdk/1.5.1/src/rp2_common/hardware_irq/irq.c.obj
                0x10000c70                irq_set_enabled
 *fill*         0x10000c7e        0x2 
 .text.irq_set_pending
                0x10000c80       0x10 CMakeFiles/Autonomous-Navigation.dir/home/divan/.pico-sdk/sdk/1.5.1/src/rp2_common/hardware_irq/irq.c.obj
                0x10000c80                irq_set_pending
 .text.irq_get_vtable_handler
                0x10000c90       0x10 CMakeFiles/Autonomous-Navigation.dir/home/divan/.pico-sdk/sdk/1.5.1/src/rp2_common/hardware_irq/irq.c.obj
                0x10000c90                irq_get_vtable_handler
 .text.irq_has_shared_handler
                0x10000ca0       0x24 CMakeFiles/Autonomous-Navigation.dir/home/divan/.pico-sdk/sdk/1.5.1/src/rp2_common/hardware_irq/irq.c.obj
                0x10000ca0                irq_has_shared_handler
 .text.irq_set_exclusive_handler
                0x10000cc4       0x54 CMakeFiles/Autonomous-Navigation.dir/home/divan/.pico-sdk/sdk/1.5.1/src/rp2_common/hardware_irq/irq.c.obj
                0x10000cc4                irq_set_exclusive_handler
 .text.irq_add_shared_handler
                0x10000d18      0x210 CMakeFiles/Autonomous-Navigation.dir/home/divan/.pico-sdk/sdk/1.5.1/src/rp2_common/hardware_irq/irq.c.obj
                0x10000d18                irq_add_shared_handler
 .text.irq_remove_handler
                0x10000f28      0x188 CMakeFiles/Autonomous-Navigation.dir/home/divan/.pico-sdk/sdk/1.5.1/src/rp2_common/hardware_irq/irq.c.obj
                0x10000f28                irq_remove_handler
 .text.irq_set_priority
                0x100010b0       0x28 CMakeFiles/Autonomous-Navigation.dir/home/divan/.pico-sdk/sdk/1.5.1/src/rp2_common/hardware_irq/irq.c.obj
                0x100010b0                irq_set_priority
 .text.irq_add_tail_to_free_list
                0x100010d8       0xf0 CMakeFiles/Autonomous-Navigation.dir/home/divan/.pico-sdk/sdk/1.5.1/src/rp2_common/hardware_irq/irq.c.obj
                0x100010d8                irq_add_tail_to_free_list
 .text.irq_init_priorities
                0x100011c8       0x1c CMakeFiles/Autonomous-Navigation.dir/home/divan/.pico-sdk/sdk/1.5.1/src/rp2_common/hardware_irq/irq.c.obj
                0x100011c8                irq_init_priorities
 .text.user_irq_unclaim
                0x100011e4       0x18 CMakeFiles/Autonomous-Navigation.dir/home/divan/.pico-sdk/sdk/1.5.1/src/rp2_common/hardware_irq/irq.c.obj
                0x100011e4                user_irq_unclaim
 .text.user_irq_claim_unused
                0x100011fc       0x2c CMakeFiles/Autonomous-Navigation.dir/home/divan/.pico-sdk/sdk/1.5.1/src/rp2_common/hardware_irq/irq.c.obj
                0x100011fc                user_irq_claim_unused
 .text.sem_init
                0x10001228       0x1e CMakeFiles/Autonomous-Navigation.dir/home/divan/.pico-sdk/sdk/1.5.1/src/common/pico_sync/sem.c.obj
                0x10001228                sem_init
 *fill*         0x10001246        0x2 
 .text.lock_init
                0x10001248       0x10 CMakeFiles/Autonomous-Navigation.dir/home/divan/.pico-sdk/sdk/1.5.1/src/common/pico_sync/lock_core.c.obj
                0x10001248                lock_init
 .text.update_us_since_boot
                0x10001258       0x24 CMakeFiles/Autonomous-Navigation.dir/home/divan/.pico-sdk/sdk/1.5.1/src/common/pico_sync/mutex.c.obj
 .text.delayed_by_ms
                0x1000127c       0x44 CMakeFiles/Autonomous-Navigation.dir/home/divan/.pico-sdk/sdk/1.5.1/src/common/pico_sync/mutex.c.obj
 .text.get_absolute_time
                0x100012c0       0x22 CMakeFiles/Autonomous-Navigation.dir/home/divan/.pico-sdk/sdk/1.5.1/src/common/pico_sync/mutex.c.obj
 .text.make_timeout_time_ms
                0x100012e2       0x20 CMakeFiles/Autonomous-Navigation.dir/home/divan/.pico-sdk/sdk/1.5.1/src/common/pico_sync/mutex.c.obj
 .text.mutex_init
                0x10001302       0x1a CMakeFiles/Autonomous-Navigation.dir/home/divan/.pico-sdk/sdk/1.5.1/src/common/pico_sync/mutex.c.obj
                0x10001302                mutex_init
 .text.recursive_mutex_init
                0x1000131c       0x1e CMakeFiles/Autonomous-Navigation.dir/home/divan/.pico-sdk/sdk/1.5.1/src/common/pico_sync/mutex.c.obj
                0x1000131c                recursive_mutex_init
 *fill*         0x1000133a        0x2 
 .text.critical_section_init_with_lock_num
                0x1000133c       0x14 CMakeFiles/Autonomous-Navigation.dir/home/divan/.pico-sdk/sdk/1.5.1/src/common/pico_sync/critical_section.c.obj
                0x1000133c                critical_section_init_with_lock_num
 .text.critical_section_init
                0x10001350       0x14 CMakeFiles/Autonomous-Navigation.dir/home/divan/.pico-sdk/sdk/1.5.1/src/common/pico_sync/critical_section.c.obj
                0x10001350                critical_section_init
 .text.time_reached
                0x10001364       0x28 CMakeFiles/Autonomous-Navigation.dir/home/divan/.pico-sdk/sdk/1.5.1/src/common/pico_time/time.c.obj
 .text.get_entry
                0x1000138c       0x38 CMakeFiles/Autonomous-Navigation.dir/home/divan/.pico-sdk/sdk/1.5.1/src/common/pico_time/time.c.obj
 .text.timer_pool_entry_comparator
                0x100013c4       0x2e CMakeFiles/Autonomous-Navigation.dir/home/divan/.pico-sdk/sdk/1.5.1/src/common/pico_time/time.c.obj
                0x100013c4                timer_pool_entry_comparator
 *fill*         0x100013f2        0x2 
 .text.update_us_since_boot
                0x100013f4       0x24 CMakeFiles/Autonomous-Navigation.dir/home/divan/.pico-sdk/sdk/1.5.1/src/common/pico_time/time.c.obj
 .text.delayed_by_us
                0x10001418       0x34 CMakeFiles/Autonomous-Navigation.dir/home/divan/.pico-sdk/sdk/1.5.1/src/common/pico_time/time.c.obj
 .text.ph_get_node
                0x1000144c       0x30 CMakeFiles/Autonomous-Navigation.dir/home/divan/.pico-sdk/sdk/1.5.1/src/common/pico_time/time.c.obj
 .text.ph_contains_node
                0x1000147c       0x1e CMakeFiles/Autonomous-Navigation.dir/home/divan/.pico-sdk/sdk/1.5.1/src/common/pico_time/time.c.obj
 .text.ph_new_node
                0x1000149a       0x28 CMakeFiles/Autonomous-Navigation.dir/home/divan/.pico-sdk/sdk/1.5.1/src/common/pico_time/time.c.obj
 *fill*         0x100014c2        0x2 
 .text.ph_add_child_node
                0x100014c4       0x6c CMakeFiles/Autonomous-Navigation.dir/home/divan/.pico-sdk/sdk/1.5.1/src/common/pico_time/time.c.obj
 .text.ph_merge_nodes
                0x10001530       0x3e CMakeFiles/Autonomous-Navigation.dir/home/divan/.pico-sdk/sdk/1.5.1/src/common/pico_time/time.c.obj
 *fill*         0x1000156e        0x2 
 .text.ph_insert_node
                0x10001570       0x3c CMakeFiles/Autonomous-Navigation.dir/home/divan/.pico-sdk/sdk/1.5.1/src/common/pico_time/time.c.obj
 .text.ph_free_node
                0x100015ac       0x5c CMakeFiles/Autonomous-Navigation.dir/home/divan/.pico-sdk/sdk/1.5.1/src/common/pico_time/time.c.obj
 .text.get_entry_id_high
                0x10001608       0x30 CMakeFiles/Autonomous-Navigation.dir/home/divan/.pico-sdk/sdk/1.5.1/src/common/pico_time/time.c.obj
 .text.alarm_pool_post_alloc_init
                0x10001638       0x40 CMakeFiles/Autonomous-Navigation.dir/home/divan/.pico-sdk/sdk/1.5.1/src/common/pico_time/time.c.obj
 .text.sleep_until_callback
                0x10001678       0x30 CMakeFiles/Autonomous-Navigation.dir/home/divan/.pico-sdk/sdk/1.5.1/src/common/pico_time/time.c.obj
 .text.get_absolute_time
                0x100016a8       0x22 CMakeFiles/Autonomous-Navigation.dir/home/divan/.pico-sdk/sdk/1.5.1/src/common/pico_time/time.c.obj
 .text.make_timeout_time_us
                0x100016ca       0x24 CMakeFiles/Autonomous-Navigation.dir/home/divan/.pico-sdk/sdk/1.5.1/src/common/pico_time/time.c.obj
 *fill*         0x100016ee        0x2 
 .text.add_alarm_under_lock
                0x100016f0       0x94 CMakeFiles/Autonomous-Navigation.dir/home/divan/.pico-sdk/sdk/1.5.1/src/common/pico_time/time.c.obj
 .text.alarm_pool_alarm_callback
                0x10001784      0x210 CMakeFiles/Autonomous-Navigation.dir/home/divan/.pico-sdk/sdk/1.5.1/src/common/pico_time/time.c.obj
 .text.alarm_pool_init_default
                0x10001994       0x40 CMakeFiles/Autonomous-Navigation.dir/home/divan/.pico-sdk/sdk/1.5.1/src/common/pico_time/time.c.obj
                0x10001994                alarm_pool_init_default
 .text.alarm_pool_get_default
                0x100019d4       0x2c CMakeFiles/Autonomous-Navigation.dir/home/divan/.pico-sdk/sdk/1.5.1/src/common/pico_time/time.c.obj
                0x100019d4                alarm_pool_get_default
 .text.alarm_pool_add_alarm_at
                0x10001a00      0x10e CMakeFiles/Autonomous-Navigation.dir/home/divan/.pico-sdk/sdk/1.5.1/src/common/pico_time/time.c.obj
                0x10001a00                alarm_pool_add_alarm_at
 .text.add_alarm_at
                0x10001b0e       0x2e CMakeFiles/Autonomous-Navigation.dir/home/divan/.pico-sdk/sdk/1.5.1/src/common/pico_time/time.c.obj
 .text.alarm_pool_cancel_alarm
                0x10001b3c       0xa8 CMakeFiles/Autonomous-Navigation.dir/home/divan/.pico-sdk/sdk/1.5.1/src/common/pico_time/time.c.obj
                0x10001b3c                alarm_pool_cancel_alarm
 .text.cancel_alarm
                0x10001be4       0x10 CMakeFiles/Autonomous-Navigation.dir/home/divan/.pico-sdk/sdk/1.5.1/src/common/pico_time/time.c.obj
 .text.alarm_pool_core_num
                0x10001bf4        0x4 CMakeFiles/Autonomous-Navigation.dir/home/divan/.pico-sdk/sdk/1.5.1/src/common/pico_time/time.c.obj
                0x10001bf4                alarm_pool_core_num
 .text.sleep_until
                0x10001bf8       0xb0 CMakeFiles/Autonomous-Navigation.dir/home/divan/.pico-sdk/sdk/1.5.1/src/common/pico_time/time.c.obj
                0x10001bf8                sleep_until
 .text.sleep_us
                0x10001ca8       0x1a CMakeFiles/Autonomous-Navigation.dir/home/divan/.pico-sdk/sdk/1.5.1/src/common/pico_time/time.c.obj
                0x10001ca8                sleep_us
 .text.sleep_ms
                0x10001cc2       0x14 CMakeFiles/Autonomous-Navigation.dir/home/divan/.pico-sdk/sdk/1.5.1/src/common/pico_time/time.c.obj
                0x10001cc2                sleep_ms
 *fill*         0x10001cd6        0x2 
 .text.best_effort_wfe_or_timeout
                0x10001cd8       0x44 CMakeFiles/Autonomous-Navigation.dir/home/divan/.pico-sdk/sdk/1.5.1/src/common/pico_time/time.c.obj
                0x10001cd8                best_effort_wfe_or_timeout
 .text.hardware_alarm_irq_handler
                0x10001d1c       0x8c CMakeFiles/Autonomous-Navigation.dir/home/divan/.pico-sdk/sdk/1.5.1/src/rp2_common/hardware_timer/timer.c.obj
 .text.hardware_alarm_claim
                0x10001da8       0x18 CMakeFiles/Autonomous-Navigation.dir/home/divan/.pico-sdk/sdk/1.5.1/src/rp2_common/hardware_timer/timer.c.obj
                0x10001da8                hardware_alarm_claim
 .text.time_us_64
                0x10001dc0       0x18 CMakeFiles/Autonomous-Navigation.dir/home/divan/.pico-sdk/sdk/1.5.1/src/rp2_common/hardware_timer/timer.c.obj
                0x10001dc0                time_us_64
 .text.busy_wait_until
                0x10001dd8       0x28 CMakeFiles/Autonomous-Navigation.dir/home/divan/.pico-sdk/sdk/1.5.1/src/rp2_common/hardware_timer/timer.c.obj
                0x10001dd8                busy_wait_until
 .text.hardware_alarm_set_callback
                0x10001e00       0x90 CMakeFiles/Autonomous-Navigation.dir/home/divan/.pico-sdk/sdk/1.5.1/src/rp2_common/hardware_timer/timer.c.obj
                0x10001e00                hardware_alarm_set_callback
 .text.hardware_alarm_set_target
                0x10001e90       0xe8 CMakeFiles/Autonomous-Navigation.dir/home/divan/.pico-sdk/sdk/1.5.1/src/rp2_common/hardware_timer/timer.c.obj
                0x10001e90                hardware_alarm_set_target
 .text.hardware_alarm_cancel
                0x10001f78       0x40 CMakeFiles/Autonomous-Navigation.dir/home/divan/.pico-sdk/sdk/1.5.1/src/rp2_common/hardware_timer/timer.c.obj
                0x10001f78                hardware_alarm_cancel
 .text.ph_get_node
                0x10001fb8       0x30 CMakeFiles/Autonomous-Navigation.dir/home/divan/.pico-sdk/sdk/1.5.1/src/common/pico_util/pheap.c.obj
 .text.ph_add_child_node
                0x10001fe8       0x6c CMakeFiles/Autonomous-Navigation.dir/home/divan/.pico-sdk/sdk/1.5.1/src/common/pico_util/pheap.c.obj
 .text.ph_merge_nodes
                0x10002054       0x3e CMakeFiles/Autonomous-Navigation.dir/home/divan/.pico-sdk/sdk/1.5.1/src/common/pico_util/pheap.c.obj
 .text.ph_clear
                0x10002092       0x34 CMakeFiles/Autonomous-Navigation.dir/home/divan/.pico-sdk/sdk/1.5.1/src/common/pico_util/pheap.c.obj
                0x10002092                ph_clear
 .text.ph_post_alloc_init
                0x100020c6        0xe CMakeFiles/Autonomous-Navigation.dir/home/divan/.pico-sdk/sdk/1.5.1/src/common/pico_util/pheap.c.obj
                0x100020c6                ph_post_alloc_init
 .text.ph_merge_two_pass
                0x100020d4       0x5c CMakeFiles/Autonomous-Navigation.dir/home/divan/.pico-sdk/sdk/1.5.1/src/common/pico_util/pheap.c.obj
                0x100020d4                ph_merge_two_pass
 .text.ph_remove_any_head
                0x10002130       0xc0 CMakeFiles/Autonomous-Navigation.dir/home/divan/.pico-sdk/sdk/1.5.1/src/common/pico_util/pheap.c.obj
 .text.ph_remove_head
                0x100021f0       0x14 CMakeFiles/Autonomous-Navigation.dir/home/divan/.pico-sdk/sdk/1.5.1/src/common/pico_util/pheap.c.obj
                0x100021f0                ph_remove_head
 .text.ph_remove_and_free_node
                0x10002204       0xa0 CMakeFiles/Autonomous-Navigation.dir/home/divan/.pico-sdk/sdk/1.5.1/src/common/pico_util/pheap.c.obj
                0x10002204                ph_remove_and_free_node
 .text.clock_configure
                0x100022a4      0x108 CMakeFiles/Autonomous-Navigation.dir/home/divan/.pico-sdk/sdk/1.5.1/src/rp2_common/hardware_clocks/clocks.c.obj
                0x100022a4                clock_configure
 .text.clocks_init
                0x100023ac      0x100 CMakeFiles/Autonomous-Navigation.dir/home/divan/.pico-sdk/sdk/1.5.1/src/rp2_common/hardware_clocks/clocks.c.obj
                0x100023ac                clocks_init
 .text.clock_get_hz
                0x100024ac        0xc CMakeFiles/Autonomous-Navigation.dir/home/divan/.pico-sdk/sdk/1.5.1/src/rp2_common/hardware_clocks/clocks.c.obj
                0x100024ac                clock_get_hz
 .text.pll_init
                0x100024b8      0x120 CMakeFiles/Autonomous-Navigation.dir/home/divan/.pico-sdk/sdk/1.5.1/src/rp2_common/hardware_pll/pll.c.obj
                0x100024b8                pll_init
 .text.watchdog_start_tick
                0x100025d8       0x10 CMakeFiles/Autonomous-Navigation.dir/home/divan/.pico-sdk/sdk/1.5.1/src/rp2_common/hardware_watchdog/watchdog.c.obj
                0x100025d8                watchdog_start_tick
 .text.watchdog_update
                0x100025e8       0x14 CMakeFiles/Autonomous-Navigation.dir/home/divan/.pico-sdk/sdk/1.5.1/src/rp2_common/hardware_watchdog/watchdog.c.obj
                0x100025e8                watchdog_update
 .text._watchdog_enable
                0x100025fc       0x78 CMakeFiles/Autonomous-Navigation.dir/home/divan/.pico-sdk/sdk/1.5.1/src/rp2_common/hardware_watchdog/watchdog.c.obj
                0x100025fc                _watchdog_enable
 .text.watchdog_reboot
                0x10002674       0x48 CMakeFiles/Autonomous-Navigation.dir/home/divan/.pico-sdk/sdk/1.5.1/src/rp2_common/hardware_watchdog/watchdog.c.obj
                0x10002674                watchdog_reboot
 .text.xosc_init
                0x100026bc       0x28 CMakeFiles/Autonomous-Navigation.dir/home/divan/.pico-sdk/sdk/1.5.1/src/rp2_common/hardware_xosc/xosc.c.obj
                0x100026bc                xosc_init
 .text._exit    0x100026e4        0x4 CMakeFiles/Autonomous-Navigation.dir/home/divan/.pico-sdk/sdk/1.5.1/src/rp2_common/pico_runtime/runtime.c.obj
                0x100026e4                _exit
 .text._sbrk    0x100026e8       0x38 CMakeFiles/Autonomous-Navigation.dir/home/divan/.pico-sdk/sdk/1.5.1/src/rp2_common/pico_runtime/runtime.c.obj
                0x100026e8                _sbrk
 .text.exit     0x10002720        0x6 CMakeFiles/Autonomous-Navigation.dir/home/divan/.pico-sdk/sdk/1.5.1/src/rp2_common/pico_runtime/runtime.c.obj
                0x10002720                exit
 *fill*         0x10002726        0x2 
 .text.__assert_func
                0x10002728       0x38 CMakeFiles/Autonomous-Navigation.dir/home/divan/.pico-sdk/sdk/1.5.1/src/rp2_common/pico_runtime/runtime.c.obj
                0x10002728                __assert_func
 .text.runtime_init
                0x10002760       0xf8 CMakeFiles/Autonomous-Navigation.dir/home/divan/.pico-sdk/sdk/1.5.1/src/rp2_common/pico_runtime/runtime.c.obj
                0x10002760                runtime_init
 .text.panic    0x10002858       0x30 CMakeFiles/Autonomous-Navigation.dir/home/divan/.pico-sdk/sdk/1.5.1/src/rp2_common/pico_runtime/runtime.c.obj
                0x10002858                panic
 .text.panic_unsupported
                0x10002888        0xc CMakeFiles/Autonomous-Navigation.dir/home/divan/.pico-sdk/sdk/1.5.1/src/rp2_common/pico_runtime/runtime.c.obj
                0x10002888                panic_unsupported
 .text._out_null
                0x10002894        0x2 CMakeFiles/Autonomous-Navigation.dir/home/divan/.pico-sdk/sdk/1.5.1/src/rp2_common/pico_printf/printf.c.obj
 .text._out_fct
                0x10002896        0xe CMakeFiles/Autonomous-Navigation.dir/home/divan/.pico-sdk/sdk/1.5.1/src/rp2_common/pico_printf/printf.c.obj
 .text._atoi    0x100028a4       0x24 CMakeFiles/Autonomous-Navigation.dir/home/divan/.pico-sdk/sdk/1.5.1/src/rp2_common/pico_printf/printf.c.obj
 .text._out_rev
                0x100028c8       0xae CMakeFiles/Autonomous-Navigation.dir/home/divan/.pico-sdk/sdk/1.5.1/src/rp2_common/pico_printf/printf.c.obj
 .text._ntoa_format
                0x10002976      0x110 CMakeFiles/Autonomous-Navigation.dir/home/divan/.pico-sdk/sdk/1.5.1/src/rp2_common/pico_printf/printf.c.obj
 .text._ntoa_long
                0x10002a86       0xbc CMakeFiles/Autonomous-Navigation.dir/home/divan/.pico-sdk/sdk/1.5.1/src/rp2_common/pico_printf/printf.c.obj
 .text._ntoa_long_long
                0x10002b42      0x10e CMakeFiles/Autonomous-Navigation.dir/home/divan/.pico-sdk/sdk/1.5.1/src/rp2_common/pico_printf/printf.c.obj
 .text._etoa    0x10002c50      0x420 CMakeFiles/Autonomous-Navigation.dir/home/divan/.pico-sdk/sdk/1.5.1/src/rp2_common/pico_printf/printf.c.obj
 .text._ftoa    0x10003070      0x354 CMakeFiles/Autonomous-Navigation.dir/home/divan/.pico-sdk/sdk/1.5.1/src/rp2_common/pico_printf/printf.c.obj
 .text._vsnprintf
                0x100033c4      0x668 CMakeFiles/Autonomous-Navigation.dir/home/divan/.pico-sdk/sdk/1.5.1/src/rp2_common/pico_printf/printf.c.obj
 .text.vfctprintf
                0x10003a2c       0x20 CMakeFiles/Autonomous-Navigation.dir/home/divan/.pico-sdk/sdk/1.5.1/src/rp2_common/pico_printf/printf.c.obj
                0x10003a2c                vfctprintf
 .text          0x10003a4c       0x10 CMakeFiles/Autonomous-Navigation.dir/home/divan/.pico-sdk/sdk/1.5.1/src/rp2_common/pico_bit_ops/bit_ops_aeabi.S.obj
 .text.ctzsi    0x10003a5c        0xc CMakeFiles/Autonomous-Navigation.dir/home/divan/.pico-sdk/sdk/1.5.1/src/rp2_common/pico_bit_ops/bit_ops_aeabi.S.obj
                0x10003a5c                __wrap___ctzsi2
 .text.rom_func_lookup
                0x10003a68       0x10 CMakeFiles/Autonomous-Navigation.dir/home/divan/.pico-sdk/sdk/1.5.1/src/rp2_common/pico_bootrom/bootrom.c.obj
                0x10003a68                rom_func_lookup
 .text.rom_data_lookup
                0x10003a78       0x10 CMakeFiles/Autonomous-Navigation.dir/home/divan/.pico-sdk/sdk/1.5.1/src/rp2_common/pico_bootrom/bootrom.c.obj
                0x10003a78                rom_data_lookup
 .text.rom_funcs_lookup
                0x10003a88       0x36 CMakeFiles/Autonomous-Navigation.dir/home/divan/.pico-sdk/sdk/1.5.1/src/rp2_common/pico_bootrom/bootrom.c.obj
                0x10003a88                rom_funcs_lookup
 *fill*         0x10003abe        0x2 
 .text.__wrap___aeabi_idiv
                0x10003ac0       0x50 CMakeFiles/Autonomous-Navigation.dir/home/divan/.pico-sdk/sdk/1.5.1/src/rp2_common/pico_divider/divider.S.obj
                0x10003ac0                __wrap___aeabi_idivmod
                0x10003ac0                divmod_s32s32
                0x10003ac0                div_s32s32
                0x10003ac0                __wrap___aeabi_idiv
                0x10003ac8                divmod_s32s32_unsafe
                0x10003af4                divmod_s32s32_savestate
 .text.__wrap___aeabi_uidiv
                0x10003b10       0x4c CMakeFiles/Autonomous-Navigation.dir/home/divan/.pico-sdk/sdk/1.5.1/src/rp2_common/pico_divider/divider.S.obj
                0x10003b10                __wrap___aeabi_uidiv
                0x10003b10                __wrap___aeabi_uidivmod
                0x10003b10                div_u32u32
                0x10003b10                divmod_u32u32
                0x10003b18                divmod_u32u32_unsafe
                0x10003b40                divmod_u32u32_savestate
 .text.__wrap___aeabi_ldiv
                0x10003b5c      0x424 CMakeFiles/Autonomous-Navigation.dir/home/divan/.pico-sdk/sdk/1.5.1/src/rp2_common/pico_divider/divider.S.obj
                0x10003b5c                div_s64s64
                0x10003b5c                divmod_s64s64
                0x10003b5c                __wrap___aeabi_ldivmod
                0x10003b8c                div_u64u64
                0x10003b8c                divmod_u64u64
                0x10003b8c                __wrap___aeabi_uldivmod
                0x10003b9c                divmod_u64u64_savestate
                0x10003bbc                divmod_s64s64_unsafe
                0x10003c44                divmod_u64u64_unsafe
 .text.__wrap___aeabi_darithmetic
                0x10003f80       0x60 CMakeFiles/Autonomous-Navigation.dir/home/divan/.pico-sdk/sdk/1.5.1/src/rp2_common/pico_double/double_aeabi.S.obj
                0x10003f80                __wrap___aeabi_drsub
                0x10003f86                __wrap___aeabi_dsub
                0x10003f90                __wrap___aeabi_dadd
                0x10003f9a                __wrap___aeabi_ddiv
                0x10003fce                __wrap___aeabi_dmul
 .text.__wrap___aeabi_cdcmple
                0x10003fe0       0x6c CMakeFiles/Autonomous-Navigation.dir/home/divan/.pico-sdk/sdk/1.5.1/src/rp2_common/pico_double/double_aeabi.S.obj
                0x10003fe0                __wrap___aeabi_cdrcmple
                0x10003ff0                __wrap___aeabi_cdcmple
                0x10003ff0                __wrap___aeabi_cdcmpeq
 .text.__wrap___aeabi_dcmplt
                0x1000404c        0xc CMakeFiles/Autonomous-Navigation.dir/home/divan/.pico-sdk/sdk/1.5.1/src/rp2_common/pico_double/double_aeabi.S.obj
                0x1000404c                __wrap___aeabi_dcmplt
 .text.__wrap___aeabi_dcmple
                0x10004058       0x10 CMakeFiles/Autonomous-Navigation.dir/home/divan/.pico-sdk/sdk/1.5.1/src/rp2_common/pico_double/double_aeabi.S.obj
                0x10004058                __wrap___aeabi_dcmple
 .text.__wrap___aeabi_dcmpge
                0x10004068       0x10 CMakeFiles/Autonomous-Navigation.dir/home/divan/.pico-sdk/sdk/1.5.1/src/rp2_common/pico_double/double_aeabi.S.obj
                0x10004068                __wrap___aeabi_dcmpge
 .text.__wrap___aeabi_dcmpgt
                0x10004078        0xa CMakeFiles/Autonomous-Navigation.dir/home/divan/.pico-sdk/sdk/1.5.1/src/rp2_common/pico_double/double_aeabi.S.obj
                0x10004078                __wrap___aeabi_dcmpgt
 .text.__wrap___aeabi_dcmpun
                0x10004082       0x1c CMakeFiles/Autonomous-Navigation.dir/home/divan/.pico-sdk/sdk/1.5.1/src/rp2_common/pico_double/double_aeabi.S.obj
                0x10004082                __wrap___aeabi_dcmpun
 *fill*         0x1000409e        0x2 
 .text.__wrap___aeabi_i2d
                0x100040a0       0x38 CMakeFiles/Autonomous-Navigation.dir/home/divan/.pico-sdk/sdk/1.5.1/src/rp2_common/pico_double/double_aeabi.S.obj
                0x100040a0                __wrap___aeabi_ui2d
                0x100040a8                __wrap___aeabi_i2d
 .text.__wrap___aeabi_d2iz
                0x100040d8       0x48 CMakeFiles/Autonomous-Navigation.dir/home/divan/.pico-sdk/sdk/1.5.1/src/rp2_common/pico_double/double_aeabi.S.obj
                0x100040d8                __wrap___aeabi_d2iz
                0x100040d8                double2int_z
 .text.__wrap___aeabi_d2uiz
                0x10004120       0x10 CMakeFiles/Autonomous-Navigation.dir/home/divan/.pico-sdk/sdk/1.5.1/src/rp2_common/pico_double/double_aeabi.S.obj
                0x10004120                double2uint
                0x10004120                __wrap___aeabi_d2uiz
 .text.__wrap___aeabi_l2d
                0x10004130       0x10 CMakeFiles/Autonomous-Navigation.dir/home/divan/.pico-sdk/sdk/1.5.1/src/rp2_common/pico_double/double_aeabi.S.obj
                0x10004130                __wrap___aeabi_l2d
 .text.__wrap___aeabi_d2f
                0x10004140       0x10 CMakeFiles/Autonomous-Navigation.dir/home/divan/.pico-sdk/sdk/1.5.1/src/rp2_common/pico_double/double_aeabi.S.obj
                0x10004140                __wrap___aeabi_d2f
 .text.missing_double_func_shim
                0x10004150        0xc CMakeFiles/Autonomous-Navigation.dir/home/divan/.pico-sdk/sdk/1.5.1/src/rp2_common/pico_double/double_init_rom.c.obj
 .text.__aeabi_double_init
                0x1000415c       0xd0 CMakeFiles/Autonomous-Navigation.dir/home/divan/.pico-sdk/sdk/1.5.1/src/rp2_common/pico_double/double_init_rom.c.obj
                0x1000415c                __aeabi_double_init
 .text.double_table_shim_on_use_helper
                0x1000422c       0x34 CMakeFiles/Autonomous-Navigation.dir/home/divan/.pico-sdk/sdk/1.5.1/src/rp2_common/pico_double/double_v1_rom_shim.S.obj
                0x1000422c                double_table_shim_on_use_helper
 .text.__aeabi_lmul
                0x10004260       0x32 CMakeFiles/Autonomous-Navigation.dir/home/divan/.pico-sdk/sdk/1.5.1/src/rp2_common/pico_int64_ops/pico_int64_ops_aeabi.S.obj
                0x10004260                __wrap___aeabi_lmul
 *fill*         0x10004292        0x2 
 .text.__wrap___aeabi_f2d
                0x10004294        0xc CMakeFiles/Autonomous-Navigation.dir/home/divan/.pico-sdk/sdk/1.5.1/src/rp2_common/pico_float/float_aeabi.S.obj
                0x10004294                __wrap___aeabi_f2d
 .text.missing_float_func_shim
                0x100042a0        0xc CMakeFiles/Autonomous-Navigation.dir/home/divan/.pico-sdk/sdk/1.5.1/src/rp2_common/pico_float/float_init_rom.c.obj
 .text.__aeabi_float_init
                0x100042ac       0x88 CMakeFiles/Autonomous-Navigation.dir/home/divan/.pico-sdk/sdk/1.5.1/src/rp2_common/pico_float/float_init_rom.c.obj
                0x100042ac                __aeabi_float_init
 .text.__wrap_free
                0x10004334        0x8 CMakeFiles/Autonomous-Navigation.dir/home/divan/.pico-sdk/sdk/1.5.1/src/rp2_common/pico_malloc/pico_malloc.c.obj
                0x10004334                __wrap_free
 .text          0x1000433c       0x10 CMakeFiles/Autonomous-Navigation.dir/home/divan/.pico-sdk/sdk/1.5.1/src/rp2_common/pico_mem_ops/mem_ops_aeabi.S.obj
                0x1000433c                __aeabi_mem_init
 .text.memset   0x1000434c        0xc CMakeFiles/Autonomous-Navigation.dir/home/divan/.pico-sdk/sdk/1.5.1/src/rp2_common/pico_mem_ops/mem_ops_aeabi.S.obj
                0x1000434c                __wrap_memset
 .text.memcpy   0x10004358        0xc CMakeFiles/Autonomous-Navigation.dir/home/divan/.pico-sdk/sdk/1.5.1/src/rp2_common/pico_mem_ops/mem_ops_aeabi.S.obj
                0x10004358                __wrap___aeabi_memcpy
                0x10004358                __wrap_memcpy
 .text.stdio_out_chars_no_crlf
                0x10004364        0xe CMakeFiles/Autonomous-Navigation.dir/home/divan/.pico-sdk/sdk/1.5.1/src/rp2_common/pico_stdio/stdio.c.obj
 *fill*         0x10004372        0x2 
 .text.stdio_out_chars_crlf
                0x10004374       0x80 CMakeFiles/Autonomous-Navigation.dir/home/divan/.pico-sdk/sdk/1.5.1/src/rp2_common/pico_stdio/stdio.c.obj
 .text.stdio_stack_buffer_flush
                0x100043f4       0x44 CMakeFiles/Autonomous-Navigation.dir/home/divan/.pico-sdk/sdk/1.5.1/src/rp2_common/pico_stdio/stdio.c.obj
 .text.stdio_buffered_printer
                0x10004438       0x20 CMakeFiles/Autonomous-Navigation.dir/home/divan/.pico-sdk/sdk/1.5.1/src/rp2_common/pico_stdio/stdio.c.obj
 .text.update_us_since_boot
                0x10004458       0x24 CMakeFiles/Autonomous-Navigation.dir/home/divan/.pico-sdk/sdk/1.5.1/src/rp2_common/pico_stdio/stdio.c.obj
 .text.get_absolute_time
                0x1000447c       0x22 CMakeFiles/Autonomous-Navigation.dir/home/divan/.pico-sdk/sdk/1.5.1/src/rp2_common/pico_stdio/stdio.c.obj
 *fill*         0x1000449e        0x2 
 .text.delayed_by_ms
                0x100044a0       0x44 CMakeFiles/Autonomous-Navigation.dir/home/divan/.pico-sdk/sdk/1.5.1/src/rp2_common/pico_stdio/stdio.c.obj
 .text.make_timeout_time_ms
                0x100044e4       0x20 CMakeFiles/Autonomous-Navigation.dir/home/divan/.pico-sdk/sdk/1.5.1/src/rp2_common/pico_stdio/stdio.c.obj
 .text.stdout_serialize_begin
                0x10004504       0x20 CMakeFiles/Autonomous-Navigation.dir/home/divan/.pico-sdk/sdk/1.5.1/src/rp2_common/pico_stdio/stdio.c.obj
                0x10004504                stdout_serialize_begin
 .text.stdout_serialize_end
                0x10004524       0x10 CMakeFiles/Autonomous-Navigation.dir/home/divan/.pico-sdk/sdk/1.5.1/src/rp2_common/pico_stdio/stdio.c.obj
                0x10004524                stdout_serialize_end
 .text.stdio_put_string
                0x10004534       0x98 CMakeFiles/Autonomous-Navigation.dir/home/divan/.pico-sdk/sdk/1.5.1/src/rp2_common/pico_stdio/stdio.c.obj
 .text.stdio_set_driver_enabled
                0x100045cc       0x2c CMakeFiles/Autonomous-Navigation.dir/home/divan/.pico-sdk/sdk/1.5.1/src/rp2_common/pico_stdio/stdio.c.obj
                0x100045cc                stdio_set_driver_enabled
 .text.stdio_flush
                0x100045f8       0x20 CMakeFiles/Autonomous-Navigation.dir/home/divan/.pico-sdk/sdk/1.5.1/src/rp2_common/pico_stdio/stdio.c.obj
                0x100045f8                stdio_flush
 .text.__wrap_puts
                0x10004618       0x1e CMakeFiles/Autonomous-Navigation.dir/home/divan/.pico-sdk/sdk/1.5.1/src/rp2_common/pico_stdio/stdio.c.obj
                0x10004618                __wrap_puts
 *fill*         0x10004636        0x2 
 .text.__wrap_vprintf
                0x10004638       0x40 CMakeFiles/Autonomous-Navigation.dir/home/divan/.pico-sdk/sdk/1.5.1/src/rp2_common/pico_stdio/stdio.c.obj
                0x10004638                __wrap_vprintf
 .text.__wrap_printf
                0x10004678       0x18 CMakeFiles/Autonomous-Navigation.dir/home/divan/.pico-sdk/sdk/1.5.1/src/rp2_common/pico_stdio/stdio.c.obj
                0x10004678                __wrap_printf
 .text.stdio_init_all
                0x10004690        0x8 CMakeFiles/Autonomous-Navigation.dir/home/divan/.pico-sdk/sdk/1.5.1/src/rp2_common/pico_stdio/stdio.c.obj
                0x10004690                stdio_init_all
 .text.resetd_init
                0x10004698        0x2 CMakeFiles/Autonomous-Navigation.dir/home/divan/.pico-sdk/sdk/1.5.1/src/rp2_common/pico_stdio_usb/reset_interface.c.obj
 *fill*         0x1000469a        0x2 
 .text.resetd_reset
                0x1000469c        0xc CMakeFiles/Autonomous-Navigation.dir/home/divan/.pico-sdk/sdk/1.5.1/src/rp2_common/pico_stdio_usb/reset_interface.c.obj
 .text.resetd_open
                0x100046a8       0x34 CMakeFiles/Autonomous-Navigation.dir/home/divan/.pico-sdk/sdk/1.5.1/src/rp2_common/pico_stdio_usb/reset_interface.c.obj
 .text.resetd_xfer_cb
                0x100046dc        0x4 CMakeFiles/Autonomous-Navigation.dir/home/divan/.pico-sdk/sdk/1.5.1/src/rp2_common/pico_stdio_usb/reset_interface.c.obj
 .text.reset_usb_boot
                0x100046e0       0x18 CMakeFiles/Autonomous-Navigation.dir/home/divan/.pico-sdk/sdk/1.5.1/src/rp2_common/pico_stdio_usb/reset_interface.c.obj
 .text.resetd_control_xfer_cb
                0x100046f8       0x5c CMakeFiles/Autonomous-Navigation.dir/home/divan/.pico-sdk/sdk/1.5.1/src/rp2_common/pico_stdio_usb/reset_interface.c.obj
 .text.usbd_app_driver_get_cb
                0x10004754        0xc CMakeFiles/Autonomous-Navigation.dir/home/divan/.pico-sdk/sdk/1.5.1/src/rp2_common/pico_stdio_usb/reset_interface.c.obj
                0x10004754                usbd_app_driver_get_cb
 .text.tud_cdc_line_coding_cb
                0x10004760       0x28 CMakeFiles/Autonomous-Navigation.dir/home/divan/.pico-sdk/sdk/1.5.1/src/rp2_common/pico_stdio_usb/reset_interface.c.obj
                0x10004760                tud_cdc_line_coding_cb
 .text.stdio_usb_set_chars_available_callback
                0x10004788       0x14 CMakeFiles/Autonomous-Navigation.dir/home/divan/.pico-sdk/sdk/1.5.1/src/rp2_common/pico_stdio_usb/stdio_usb.c.obj
                0x10004788                stdio_usb_set_chars_available_callback
 .text.update_us_since_boot
                0x1000479c       0x24 CMakeFiles/Autonomous-Navigation.dir/home/divan/.pico-sdk/sdk/1.5.1/src/rp2_common/pico_stdio_usb/stdio_usb.c.obj
 .text.get_absolute_time
                0x100047c0       0x22 CMakeFiles/Autonomous-Navigation.dir/home/divan/.pico-sdk/sdk/1.5.1/src/rp2_common/pico_stdio_usb/stdio_usb.c.obj
 *fill*         0x100047e2        0x2 
 .text.delayed_by_ms
                0x100047e4       0x44 CMakeFiles/Autonomous-Navigation.dir/home/divan/.pico-sdk/sdk/1.5.1/src/rp2_common/pico_stdio_usb/stdio_usb.c.obj
 .text.make_timeout_time_ms
                0x10004828       0x20 CMakeFiles/Autonomous-Navigation.dir/home/divan/.pico-sdk/sdk/1.5.1/src/rp2_common/pico_stdio_usb/stdio_usb.c.obj
 .text.delayed_by_us
                0x10004848       0x34 CMakeFiles/Autonomous-Navigation.dir/home/divan/.pico-sdk/sdk/1.5.1/src/rp2_common/pico_stdio_usb/stdio_usb.c.obj
 .text.usb_irq  0x1000487c       0x10 CMakeFiles/Autonomous-Navigation.dir/home/divan/.pico-sdk/sdk/1.5.1/src/rp2_common/pico_stdio_usb/stdio_usb.c.obj
 .text.critical_section_enter_blocking
                0x1000488c       0x16 CMakeFiles/Autonomous-Navigation.dir/home/divan/.pico-sdk/sdk/1.5.1/src/rp2_common/pico_stdio_usb/stdio_usb.c.obj
 *fill*         0x100048a2        0x2 
 .text.timer_task
                0x100048a4       0x4c CMakeFiles/Autonomous-Navigation.dir/home/divan/.pico-sdk/sdk/1.5.1/src/rp2_common/pico_stdio_usb/stdio_usb.c.obj
 .text.alarm_pool_add_alarm_in_us
                0x100048f0       0x3a CMakeFiles/Autonomous-Navigation.dir/home/divan/.pico-sdk/sdk/1.5.1/src/rp2_common/pico_stdio_usb/stdio_usb.c.obj
 .text.add_alarm_in_us
                0x1000492a       0x2e CMakeFiles/Autonomous-Navigation.dir/home/divan/.pico-sdk/sdk/1.5.1/src/rp2_common/pico_stdio_usb/stdio_usb.c.obj
 .text.low_priority_worker_irq
                0x10004958       0x7c CMakeFiles/Autonomous-Navigation.dir/home/divan/.pico-sdk/sdk/1.5.1/src/rp2_common/pico_stdio_usb/stdio_usb.c.obj
 .text.tud_cdc_rx_cb
                0x100049d4       0x20 CMakeFiles/Autonomous-Navigation.dir/home/divan/.pico-sdk/sdk/1.5.1/src/rp2_common/pico_stdio_usb/stdio_usb.c.obj
                0x100049d4                tud_cdc_rx_cb
 .text.stdio_usb_init
                0x100049f4       0xd0 CMakeFiles/Autonomous-Navigation.dir/home/divan/.pico-sdk/sdk/1.5.1/src/rp2_common/pico_stdio_usb/stdio_usb.c.obj
                0x100049f4                stdio_usb_init
 .text.stdio_usb_connected
                0x10004ac4        0xa CMakeFiles/Autonomous-Navigation.dir/home/divan/.pico-sdk/sdk/1.5.1/src/rp2_common/pico_stdio_usb/stdio_usb.c.obj
                0x10004ac4                stdio_usb_connected
 *fill*         0x10004ace        0x2 
 .text.stdio_usb_in_chars
                0x10004ad0       0x88 CMakeFiles/Autonomous-Navigation.dir/home/divan/.pico-sdk/sdk/1.5.1/src/rp2_common/pico_stdio_usb/stdio_usb.c.obj
                0x10004ad0                stdio_usb_in_chars
 .text.stdio_usb_out_chars
                0x10004b58       0xd8 CMakeFiles/Autonomous-Navigation.dir/home/divan/.pico-sdk/sdk/1.5.1/src/rp2_common/pico_stdio_usb/stdio_usb.c.obj
 .text.tud_descriptor_device_cb
                0x10004c30        0x8 CMakeFiles/Autonomous-Navigation.dir/home/divan/.pico-sdk/sdk/1.5.1/src/rp2_common/pico_stdio_usb/stdio_usb_descriptors.c.obj
                0x10004c30                tud_descriptor_device_cb
 .text.tud_descriptor_configuration_cb
                0x10004c38        0x8 CMakeFiles/Autonomous-Navigation.dir/home/divan/.pico-sdk/sdk/1.5.1/src/rp2_common/pico_stdio_usb/stdio_usb_descriptors.c.obj
                0x10004c38                tud_descriptor_configuration_cb
 .text.tud_descriptor_string_cb
                0x10004c40       0x6c CMakeFiles/Autonomous-Navigation.dir/home/divan/.pico-sdk/sdk/1.5.1/src/rp2_common/pico_stdio_usb/stdio_usb_descriptors.c.obj
                0x10004c40                tud_descriptor_string_cb
 .text._retrieve_unique_id_on_boot
                0x10004cac       0x10 CMakeFiles/Autonomous-Navigation.dir/home/divan/.pico-sdk/sdk/1.5.1/src/rp2_common/pico_unique_id/unique_id.c.obj
 .text.pico_get_unique_board_id
                0x10004cbc       0x10 CMakeFiles/Autonomous-Navigation.dir/home/divan/.pico-sdk/sdk/1.5.1/src/rp2_common/pico_unique_id/unique_id.c.obj
                0x10004cbc                pico_get_unique_board_id
 .text.pico_get_unique_board_id_string
                0x10004ccc       0x5c CMakeFiles/Autonomous-Navigation.dir/home/divan/.pico-sdk/sdk/1.5.1/src/rp2_common/pico_unique_id/unique_id.c.obj
                0x10004ccc                pico_get_unique_board_id_string
 .text.flash_get_unique_id
                0x10004d28       0x40 CMakeFiles/Autonomous-Navigation.dir/home/divan/.pico-sdk/sdk/1.5.1/src/rp2_common/hardware_flash/flash.c.obj
                0x10004d28                flash_get_unique_id
 .text.hw_endpoint_get_by_addr
                0x10004d68       0x18 CMakeFiles/Autonomous-Navigation.dir/home/divan/.pico-sdk/sdk/1.5.1/lib/tinyusb/src/portable/raspberrypi/rp2040/dcd_rp2040.c.obj
 .text._hw_endpoint_alloc
                0x10004d80       0x70 CMakeFiles/Autonomous-Navigation.dir/home/divan/.pico-sdk/sdk/1.5.1/lib/tinyusb/src/portable/raspberrypi/rp2040/dcd_rp2040.c.obj
 .text.hw_endpoint_init
                0x10004df0       0x88 CMakeFiles/Autonomous-Navigation.dir/home/divan/.pico-sdk/sdk/1.5.1/lib/tinyusb/src/portable/raspberrypi/rp2040/dcd_rp2040.c.obj
 .text.dcd_event_sof
                0x10004e78       0x2c CMakeFiles/Autonomous-Navigation.dir/home/divan/.pico-sdk/sdk/1.5.1/lib/tinyusb/src/portable/raspberrypi/rp2040/dcd_rp2040.c.obj
 .text.hw_endpoint_xfer
                0x10004ea4       0x14 CMakeFiles/Autonomous-Navigation.dir/home/divan/.pico-sdk/sdk/1.5.1/lib/tinyusb/src/portable/raspberrypi/rp2040/dcd_rp2040.c.obj
 .text.dcd_int_enable
                0x10004eb8       0x2c CMakeFiles/Autonomous-Navigation.dir/home/divan/.pico-sdk/sdk/1.5.1/lib/tinyusb/src/portable/raspberrypi/rp2040/dcd_rp2040.c.obj
                0x10004eb8                dcd_int_enable
 .text.dcd_set_address
                0x10004ee4       0x2c CMakeFiles/Autonomous-Navigation.dir/home/divan/.pico-sdk/sdk/1.5.1/lib/tinyusb/src/portable/raspberrypi/rp2040/dcd_rp2040.c.obj
                0x10004ee4                dcd_set_address
 .text.dcd_connect
                0x10004f10       0x10 CMakeFiles/Autonomous-Navigation.dir/home/divan/.pico-sdk/sdk/1.5.1/lib/tinyusb/src/portable/raspberrypi/rp2040/dcd_rp2040.c.obj
                0x10004f10                dcd_connect
 .text.dcd_init
                0x10004f20       0x80 CMakeFiles/Autonomous-Navigation.dir/home/divan/.pico-sdk/sdk/1.5.1/lib/tinyusb/src/portable/raspberrypi/rp2040/dcd_rp2040.c.obj
                0x10004f20                dcd_init
 .text.dcd_edpt0_status_complete
                0x10004fa0       0x1c CMakeFiles/Autonomous-Navigation.dir/home/divan/.pico-sdk/sdk/1.5.1/lib/tinyusb/src/portable/raspberrypi/rp2040/dcd_rp2040.c.obj
                0x10004fa0                dcd_edpt0_status_complete
 .text.dcd_edpt_open
                0x10004fbc       0x40 CMakeFiles/Autonomous-Navigation.dir/home/divan/.pico-sdk/sdk/1.5.1/lib/tinyusb/src/portable/raspberrypi/rp2040/dcd_rp2040.c.obj
                0x10004fbc                dcd_edpt_open
 .text.dcd_edpt_close_all
                0x10004ffc        0x8 CMakeFiles/Autonomous-Navigation.dir/home/divan/.pico-sdk/sdk/1.5.1/lib/tinyusb/src/portable/raspberrypi/rp2040/dcd_rp2040.c.obj
                0x10004ffc                dcd_edpt_close_all
 .text.dcd_edpt_xfer
                0x10005004       0x34 CMakeFiles/Autonomous-Navigation.dir/home/divan/.pico-sdk/sdk/1.5.1/lib/tinyusb/src/portable/raspberrypi/rp2040/dcd_rp2040.c.obj
                0x10005004                dcd_edpt_xfer
 .text.dcd_edpt_stall
                0x10005038       0x2c CMakeFiles/Autonomous-Navigation.dir/home/divan/.pico-sdk/sdk/1.5.1/lib/tinyusb/src/portable/raspberrypi/rp2040/dcd_rp2040.c.obj
                0x10005038                dcd_edpt_stall
 .text.dcd_edpt_clear_stall
                0x10005064       0x20 CMakeFiles/Autonomous-Navigation.dir/home/divan/.pico-sdk/sdk/1.5.1/lib/tinyusb/src/portable/raspberrypi/rp2040/dcd_rp2040.c.obj
                0x10005064                dcd_edpt_clear_stall
 .text.rp2040_usb_init
                0x10005084       0x4c CMakeFiles/Autonomous-Navigation.dir/home/divan/.pico-sdk/sdk/1.5.1/lib/tinyusb/src/portable/raspberrypi/rp2040/rp2040_usb.c.obj
                0x10005084                rp2040_usb_init
 .text.hw_endpoint_xfer_start
                0x100050d0       0x50 CMakeFiles/Autonomous-Navigation.dir/home/divan/.pico-sdk/sdk/1.5.1/lib/tinyusb/src/portable/raspberrypi/rp2040/rp2040_usb.c.obj
                0x100050d0                hw_endpoint_xfer_start
 .text.configuration_reset
                0x10005120       0x84 CMakeFiles/Autonomous-Navigation.dir/home/divan/.pico-sdk/sdk/1.5.1/lib/tinyusb/src/device/usbd.c.obj
 .text.critical_section_enter_blocking
                0x100051a4       0x16 CMakeFiles/Autonomous-Navigation.dir/home/divan/.pico-sdk/sdk/1.5.1/lib/tinyusb/src/device/usbd.c.obj
 .text.usbd_reset
                0x100051ba        0xc CMakeFiles/Autonomous-Navigation.dir/home/divan/.pico-sdk/sdk/1.5.1/lib/tinyusb/src/device/usbd.c.obj
 .text.invoke_class_control
                0x100051c6       0x1a CMakeFiles/Autonomous-Navigation.dir/home/divan/.pico-sdk/sdk/1.5.1/lib/tinyusb/src/device/usbd.c.obj
 .text.process_set_config
                0x100051e0      0x178 CMakeFiles/Autonomous-Navigation.dir/home/divan/.pico-sdk/sdk/1.5.1/lib/tinyusb/src/device/usbd.c.obj
 .text.process_get_descriptor
                0x10005358       0xdc CMakeFiles/Autonomous-Navigation.dir/home/divan/.pico-sdk/sdk/1.5.1/lib/tinyusb/src/device/usbd.c.obj
 .text.tud_mounted
                0x10005434       0x10 CMakeFiles/Autonomous-Navigation.dir/home/divan/.pico-sdk/sdk/1.5.1/lib/tinyusb/src/device/usbd.c.obj
                0x10005434                tud_mounted
 .text.tud_suspended
                0x10005444       0x10 CMakeFiles/Autonomous-Navigation.dir/home/divan/.pico-sdk/sdk/1.5.1/lib/tinyusb/src/device/usbd.c.obj
                0x10005444                tud_suspended
 .text.tud_inited
                0x10005454       0x14 CMakeFiles/Autonomous-Navigation.dir/home/divan/.pico-sdk/sdk/1.5.1/lib/tinyusb/src/device/usbd.c.obj
                0x10005454                tud_inited
 .text.tud_init
                0x10005468       0xcc CMakeFiles/Autonomous-Navigation.dir/home/divan/.pico-sdk/sdk/1.5.1/lib/tinyusb/src/device/usbd.c.obj
                0x10005468                tud_init
 .text.usbd_defer_func
                0x10005534       0x2a CMakeFiles/Autonomous-Navigation.dir/home/divan/.pico-sdk/sdk/1.5.1/lib/tinyusb/src/device/usbd.c.obj
                0x10005534                usbd_defer_func
 *fill*         0x1000555e        0x2 
 .text.usbd_edpt_open
                0x10005560       0x34 CMakeFiles/Autonomous-Navigation.dir/home/divan/.pico-sdk/sdk/1.5.1/lib/tinyusb/src/device/usbd.c.obj
                0x10005560                usbd_edpt_open
 .text.usbd_open_edpt_pair
                0x10005594       0x62 CMakeFiles/Autonomous-Navigation.dir/home/divan/.pico-sdk/sdk/1.5.1/lib/tinyusb/src/device/usbd.c.obj
                0x10005594                usbd_open_edpt_pair
 *fill*         0x100055f6        0x2 
 .text.usbd_edpt_claim
                0x100055f8       0x28 CMakeFiles/Autonomous-Navigation.dir/home/divan/.pico-sdk/sdk/1.5.1/lib/tinyusb/src/device/usbd.c.obj
                0x100055f8                usbd_edpt_claim
 .text.usbd_edpt_release
                0x10005620       0x28 CMakeFiles/Autonomous-Navigation.dir/home/divan/.pico-sdk/sdk/1.5.1/lib/tinyusb/src/device/usbd.c.obj
                0x10005620                usbd_edpt_release
 .text.usbd_edpt_xfer
                0x10005648       0x78 CMakeFiles/Autonomous-Navigation.dir/home/divan/.pico-sdk/sdk/1.5.1/lib/tinyusb/src/device/usbd.c.obj
                0x10005648                usbd_edpt_xfer
 .text.usbd_edpt_stall
                0x100056c0       0x48 CMakeFiles/Autonomous-Navigation.dir/home/divan/.pico-sdk/sdk/1.5.1/lib/tinyusb/src/device/usbd.c.obj
                0x100056c0                usbd_edpt_stall
 .text.usbd_edpt_clear_stall
                0x10005708       0x48 CMakeFiles/Autonomous-Navigation.dir/home/divan/.pico-sdk/sdk/1.5.1/lib/tinyusb/src/device/usbd.c.obj
                0x10005708                usbd_edpt_clear_stall
 .text.usbd_edpt_stalled
                0x10005750       0x1c CMakeFiles/Autonomous-Navigation.dir/home/divan/.pico-sdk/sdk/1.5.1/lib/tinyusb/src/device/usbd.c.obj
                0x10005750                usbd_edpt_stalled
 .text.process_control_request
                0x1000576c      0x374 CMakeFiles/Autonomous-Navigation.dir/home/divan/.pico-sdk/sdk/1.5.1/lib/tinyusb/src/device/usbd.c.obj
 .text.tud_task_ext
                0x10005ae0      0x1a8 CMakeFiles/Autonomous-Navigation.dir/home/divan/.pico-sdk/sdk/1.5.1/lib/tinyusb/src/device/usbd.c.obj
                0x10005ae0                tud_task_ext
 .text._status_stage_xact
                0x10005c88       0x1a CMakeFiles/Autonomous-Navigation.dir/home/divan/.pico-sdk/sdk/1.5.1/lib/tinyusb/src/device/usbd_control.c.obj
 *fill*         0x10005ca2        0x2 
 .text._data_stage_xact
                0x10005ca4       0x58 CMakeFiles/Autonomous-Navigation.dir/home/divan/.pico-sdk/sdk/1.5.1/lib/tinyusb/src/device/usbd_control.c.obj
 .text.tud_control_status
                0x10005cfc       0x28 CMakeFiles/Autonomous-Navigation.dir/home/divan/.pico-sdk/sdk/1.5.1/lib/tinyusb/src/device/usbd_control.c.obj
                0x10005cfc                tud_control_status
 .text.tud_control_xfer
                0x10005d24       0x68 CMakeFiles/Autonomous-Navigation.dir/home/divan/.pico-sdk/sdk/1.5.1/lib/tinyusb/src/device/usbd_control.c.obj
                0x10005d24                tud_control_xfer
 .text.usbd_control_reset
                0x10005d8c       0x14 CMakeFiles/Autonomous-Navigation.dir/home/divan/.pico-sdk/sdk/1.5.1/lib/tinyusb/src/device/usbd_control.c.obj
                0x10005d8c                usbd_control_reset
 .text.usbd_control_set_complete_callback
                0x10005da0        0xc CMakeFiles/Autonomous-Navigation.dir/home/divan/.pico-sdk/sdk/1.5.1/lib/tinyusb/src/device/usbd_control.c.obj
                0x10005da0                usbd_control_set_complete_callback
 .text.usbd_control_set_request
                0x10005dac       0x1c CMakeFiles/Autonomous-Navigation.dir/home/divan/.pico-sdk/sdk/1.5.1/lib/tinyusb/src/device/usbd_control.c.obj
                0x10005dac                usbd_control_set_request
 .text.usbd_control_xfer_cb
                0x10005dc8       0xbc CMakeFiles/Autonomous-Navigation.dir/home/divan/.pico-sdk/sdk/1.5.1/lib/tinyusb/src/device/usbd_control.c.obj
                0x10005dc8                usbd_control_xfer_cb
 .text._prep_out_transaction
                0x10005e84       0x4a CMakeFiles/Autonomous-Navigation.dir/home/divan/.pico-sdk/sdk/1.5.1/lib/tinyusb/src/class/cdc/cdc_device.c.obj
 *fill*         0x10005ece        0x2 
 .text.tud_cdc_n_connected
                0x10005ed0       0x38 CMakeFiles/Autonomous-Navigation.dir/home/divan/.pico-sdk/sdk/1.5.1/lib/tinyusb/src/class/cdc/cdc_device.c.obj
                0x10005ed0                tud_cdc_n_connected
 .text.tud_cdc_n_available
                0x10005f08       0x18 CMakeFiles/Autonomous-Navigation.dir/home/divan/.pico-sdk/sdk/1.5.1/lib/tinyusb/src/class/cdc/cdc_device.c.obj
                0x10005f08                tud_cdc_n_available
 .text.tud_cdc_n_read
                0x10005f20       0x28 CMakeFiles/Autonomous-Navigation.dir/home/divan/.pico-sdk/sdk/1.5.1/lib/tinyusb/src/class/cdc/cdc_device.c.obj
                0x10005f20                tud_cdc_n_read
 .text.tud_cdc_n_write_flush
                0x10005f48       0xb8 CMakeFiles/Autonomous-Navigation.dir/home/divan/.pico-sdk/sdk/1.5.1/lib/tinyusb/src/class/cdc/cdc_device.c.obj
                0x10005f48                tud_cdc_n_write_flush
 .text.tud_cdc_n_write
                0x10006000       0x38 CMakeFiles/Autonomous-Navigation.dir/home/divan/.pico-sdk/sdk/1.5.1/lib/tinyusb/src/class/cdc/cdc_device.c.obj
                0x10006000                tud_cdc_n_write
 .text.tud_cdc_n_write_available
                0x10006038       0x1c CMakeFiles/Autonomous-Navigation.dir/home/divan/.pico-sdk/sdk/1.5.1/lib/tinyusb/src/class/cdc/cdc_device.c.obj
                0x10006038                tud_cdc_n_write_available
 .text.cdcd_init
                0x10006054       0xbc CMakeFiles/Autonomous-Navigation.dir/home/divan/.pico-sdk/sdk/1.5.1/lib/tinyusb/src/class/cdc/cdc_device.c.obj
                0x10006054                cdcd_init
 .text.cdcd_reset
                0x10006110       0x44 CMakeFiles/Autonomous-Navigation.dir/home/divan/.pico-sdk/sdk/1.5.1/lib/tinyusb/src/class/cdc/cdc_device.c.obj
                0x10006110                cdcd_reset
 .text.cdcd_open
                0x10006154       0xc4 CMakeFiles/Autonomous-Navigation.dir/home/divan/.pico-sdk/sdk/1.5.1/lib/tinyusb/src/class/cdc/cdc_device.c.obj
                0x10006154                cdcd_open
 .text.cdcd_control_xfer_cb
                0x10006218      0x134 CMakeFiles/Autonomous-Navigation.dir/home/divan/.pico-sdk/sdk/1.5.1/lib/tinyusb/src/class/cdc/cdc_device.c.obj
                0x10006218                cdcd_control_xfer_cb
 .text.cdcd_xfer_cb
                0x1000634c      0x130 CMakeFiles/Autonomous-Navigation.dir/home/divan/.pico-sdk/sdk/1.5.1/lib/tinyusb/src/class/cdc/cdc_device.c.obj
                0x1000634c                cdcd_xfer_cb
 .text.tusb_init
                0x1000647c        0xa CMakeFiles/Autonomous-Navigation.dir/home/divan/.pico-sdk/sdk/1.5.1/lib/tinyusb/src/tusb.c.obj
                0x1000647c                tusb_init
 .text.tusb_inited
                0x10006486        0xe CMakeFiles/Autonomous-Navigation.dir/home/divan/.pico-sdk/sdk/1.5.1/lib/tinyusb/src/tusb.c.obj
                0x10006486                tusb_inited
 .text.tu_edpt_claim
                0x10006494       0x50 CMakeFiles/Autonomous-Navigation.dir/home/divan/.pico-sdk/sdk/1.5.1/lib/tinyusb/src/tusb.c.obj
                0x10006494                tu_edpt_claim
 .text.tu_edpt_release
                0x100064e4       0x38 CMakeFiles/Autonomous-Navigation.dir/home/divan/.pico-sdk/sdk/1.5.1/lib/tinyusb/src/tusb.c.obj
                0x100064e4                tu_edpt_release
 .text.tu_edpt_validate
                0x1000651c       0x78 CMakeFiles/Autonomous-Navigation.dir/home/divan/.pico-sdk/sdk/1.5.1/lib/tinyusb/src/tusb.c.obj
                0x1000651c                tu_edpt_validate
 .text.tu_edpt_bind_driver
                0x10006594       0x26 CMakeFiles/Autonomous-Navigation.dir/home/divan/.pico-sdk/sdk/1.5.1/lib/tinyusb/src/tusb.c.obj
                0x10006594                tu_edpt_bind_driver
 .text.advance_index
                0x100065ba       0x1a CMakeFiles/Autonomous-Navigation.dir/home/divan/.pico-sdk/sdk/1.5.1/lib/tinyusb/src/common/tusb_fifo.c.obj
 .text._tu_fifo_peek
                0x100065d4       0x56 CMakeFiles/Autonomous-Navigation.dir/home/divan/.pico-sdk/sdk/1.5.1/lib/tinyusb/src/common/tusb_fifo.c.obj
 .text._ff_pull_const_addr
                0x1000662a       0x4c CMakeFiles/Autonomous-Navigation.dir/home/divan/.pico-sdk/sdk/1.5.1/lib/tinyusb/src/common/tusb_fifo.c.obj
 .text._ff_pull_n
                0x10006676      0x110 CMakeFiles/Autonomous-Navigation.dir/home/divan/.pico-sdk/sdk/1.5.1/lib/tinyusb/src/common/tusb_fifo.c.obj
 .text._tu_fifo_peek_n
                0x10006786       0x6a CMakeFiles/Autonomous-Navigation.dir/home/divan/.pico-sdk/sdk/1.5.1/lib/tinyusb/src/common/tusb_fifo.c.obj
 .text._tu_fifo_read_n
                0x100067f0       0x4e CMakeFiles/Autonomous-Navigation.dir/home/divan/.pico-sdk/sdk/1.5.1/lib/tinyusb/src/common/tusb_fifo.c.obj
 .text._ff_push_const_addr
                0x1000683e       0x40 CMakeFiles/Autonomous-Navigation.dir/home/divan/.pico-sdk/sdk/1.5.1/lib/tinyusb/src/common/tusb_fifo.c.obj
 .text._ff_push_n
                0x1000687e      0x10c CMakeFiles/Autonomous-Navigation.dir/home/divan/.pico-sdk/sdk/1.5.1/lib/tinyusb/src/common/tusb_fifo.c.obj
 .text._tu_fifo_write_n
                0x1000698a       0xf0 CMakeFiles/Autonomous-Navigation.dir/home/divan/.pico-sdk/sdk/1.5.1/lib/tinyusb/src/common/tusb_fifo.c.obj
 .text.tu_fifo_config
                0x10006a7a       0x7c CMakeFiles/Autonomous-Navigation.dir/home/divan/.pico-sdk/sdk/1.5.1/lib/tinyusb/src/common/tusb_fifo.c.obj
                0x10006a7a                tu_fifo_config
 .text.tu_fifo_count
                0x10006af6       0x2a CMakeFiles/Autonomous-Navigation.dir/home/divan/.pico-sdk/sdk/1.5.1/lib/tinyusb/src/common/tusb_fifo.c.obj
                0x10006af6                tu_fifo_count
 .text.tu_fifo_empty
                0x10006b20        0xe CMakeFiles/Autonomous-Navigation.dir/home/divan/.pico-sdk/sdk/1.5.1/lib/tinyusb/src/common/tusb_fifo.c.obj
                0x10006b20                tu_fifo_empty
 .text.tu_fifo_full
                0x10006b2e       0x28 CMakeFiles/Autonomous-Navigation.dir/home/divan/.pico-sdk/sdk/1.5.1/lib/tinyusb/src/common/tusb_fifo.c.obj
                0x10006b2e                tu_fifo_full
 .text.tu_fifo_remaining
                0x10006b56       0x2c CMakeFiles/Autonomous-Navigation.dir/home/divan/.pico-sdk/sdk/1.5.1/lib/tinyusb/src/common/tusb_fifo.c.obj
                0x10006b56                tu_fifo_remaining
 .text.tu_fifo_read
                0x10006b82       0x42 CMakeFiles/Autonomous-Navigation.dir/home/divan/.pico-sdk/sdk/1.5.1/lib/tinyusb/src/common/tusb_fifo.c.obj
                0x10006b82                tu_fifo_read
 .text.tu_fifo_read_n
                0x10006bc4        0xa CMakeFiles/Autonomous-Navigation.dir/home/divan/.pico-sdk/sdk/1.5.1/lib/tinyusb/src/common/tusb_fifo.c.obj
                0x10006bc4                tu_fifo_read_n
 .text.tu_fifo_write
                0x10006bce       0x64 CMakeFiles/Autonomous-Navigation.dir/home/divan/.pico-sdk/sdk/1.5.1/lib/tinyusb/src/common/tusb_fifo.c.obj
                0x10006bce                tu_fifo_write
 .text.tu_fifo_write_n
                0x10006c32        0xa CMakeFiles/Autonomous-Navigation.dir/home/divan/.pico-sdk/sdk/1.5.1/lib/tinyusb/src/common/tusb_fifo.c.obj
                0x10006c32                tu_fifo_write_n
 .text.tu_fifo_clear
                0x10006c3c       0x3e CMakeFiles/Autonomous-Navigation.dir/home/divan/.pico-sdk/sdk/1.5.1/lib/tinyusb/src/common/tusb_fifo.c.obj
                0x10006c3c                tu_fifo_clear
 .text.tu_fifo_set_overwritable
                0x10006c7a       0x46 CMakeFiles/Autonomous-Navigation.dir/home/divan/.pico-sdk/sdk/1.5.1/lib/tinyusb/src/common/tusb_fifo.c.obj
                0x10006c7a                tu_fifo_set_overwritable
 .text.to_ms_since_boot
                0x10006cc0       0x1c CMakeFiles/Autonomous-Navigation.dir/home/divan/.pico-sdk/sdk/1.5.1/src/rp2_common/pico_lwip/lwip_nosys.c.obj
 .text.update_us_since_boot
                0x10006cdc       0x24 CMakeFiles/Autonomous-Navigation.dir/home/divan/.pico-sdk/sdk/1.5.1/src/rp2_common/pico_lwip/lwip_nosys.c.obj
 .text.delayed_by_ms
                0x10006d00       0x44 CMakeFiles/Autonomous-Navigation.dir/home/divan/.pico-sdk/sdk/1.5.1/src/rp2_common/pico_lwip/lwip_nosys.c.obj
 .text.lwip_timeout_reached
                0x10006d44       0x2c CMakeFiles/Autonomous-Navigation.dir/home/divan/.pico-sdk/sdk/1.5.1/src/rp2_common/pico_lwip/lwip_nosys.c.obj
 .text.get_absolute_time
                0x10006d70       0x22 CMakeFiles/Autonomous-Navigation.dir/home/divan/.pico-sdk/sdk/1.5.1/src/rp2_common/pico_lwip/lwip_nosys.c.obj
 .text.make_timeout_time_ms
                0x10006d92       0x20 CMakeFiles/Autonomous-Navigation.dir/home/divan/.pico-sdk/sdk/1.5.1/src/rp2_common/pico_lwip/lwip_nosys.c.obj
 *fill*         0x10006db2        0x2 
 .text.update_next_timeout
                0x10006db4       0x6c CMakeFiles/Autonomous-Navigation.dir/home/divan/.pico-sdk/sdk/1.5.1/src/rp2_common/pico_lwip/lwip_nosys.c.obj
 .text.lwip_nosys_init
                0x10006e20       0x34 CMakeFiles/Autonomous-Navigation.dir/home/divan/.pico-sdk/sdk/1.5.1/src/rp2_common/pico_lwip/lwip_nosys.c.obj
                0x10006e20                lwip_nosys_init
 .text.lwip_nosys_deinit
                0x10006e54       0x20 CMakeFiles/Autonomous-Navigation.dir/home/divan/.pico-sdk/sdk/1.5.1/src/rp2_common/pico_lwip/lwip_nosys.c.obj
                0x10006e54                lwip_nosys_deinit
 .text.sys_arch_protect
                0x10006e74        0x4 CMakeFiles/Autonomous-Navigation.dir/home/divan/.pico-sdk/sdk/1.5.1/src/rp2_common/pico_lwip/lwip_nosys.c.obj
                0x10006e74                sys_arch_protect
 .text.sys_arch_unprotect
                0x10006e78        0x2 CMakeFiles/Autonomous-Navigation.dir/home/divan/.pico-sdk/sdk/1.5.1/src/rp2_common/pico_lwip/lwip_nosys.c.obj
                0x10006e78                sys_arch_unprotect
 .text.sys_now  0x10006e7a       0x16 CMakeFiles/Autonomous-Navigation.dir/home/divan/.pico-sdk/sdk/1.5.1/src/rp2_common/pico_lwip/lwip_nosys.c.obj
                0x10006e7a                sys_now
 .text.is_at_the_end_of_time
                0x10006e90       0x1c CMakeFiles/Autonomous-Navigation.dir/home/divan/.pico-sdk/sdk/1.5.1/src/rp2_common/pico_async_context/async_context_base.c.obj
 .text.update_us_since_boot
                0x10006eac       0x24 CMakeFiles/Autonomous-Navigation.dir/home/divan/.pico-sdk/sdk/1.5.1/src/rp2_common/pico_async_context/async_context_base.c.obj
 .text.get_absolute_time
                0x10006ed0       0x22 CMakeFiles/Autonomous-Navigation.dir/home/divan/.pico-sdk/sdk/1.5.1/src/rp2_common/pico_async_context/async_context_base.c.obj
 .text.async_context_base_add_at_time_worker
                0x10006ef2       0x1c CMakeFiles/Autonomous-Navigation.dir/home/divan/.pico-sdk/sdk/1.5.1/src/rp2_common/pico_async_context/async_context_base.c.obj
                0x10006ef2                async_context_base_add_at_time_worker
 .text.async_context_base_remove_at_time_worker
                0x10006f0e       0x1c CMakeFiles/Autonomous-Navigation.dir/home/divan/.pico-sdk/sdk/1.5.1/src/rp2_common/pico_async_context/async_context_base.c.obj
                0x10006f0e                async_context_base_remove_at_time_worker
 .text.async_context_base_add_when_pending_worker
                0x10006f2a       0x1c CMakeFiles/Autonomous-Navigation.dir/home/divan/.pico-sdk/sdk/1.5.1/src/rp2_common/pico_async_context/async_context_base.c.obj
                0x10006f2a                async_context_base_add_when_pending_worker
 .text.async_context_base_remove_when_pending_worker
                0x10006f46       0x1c CMakeFiles/Autonomous-Navigation.dir/home/divan/.pico-sdk/sdk/1.5.1/src/rp2_common/pico_async_context/async_context_base.c.obj
                0x10006f46                async_context_base_remove_when_pending_worker
 *fill*         0x10006f62        0x2 
 .text.async_context_base_remove_ready_at_time_worker
                0x10006f64       0x78 CMakeFiles/Autonomous-Navigation.dir/home/divan/.pico-sdk/sdk/1.5.1/src/rp2_common/pico_async_context/async_context_base.c.obj
                0x10006f64                async_context_base_remove_ready_at_time_worker
 .text.async_context_base_refresh_next_timeout
                0x10006fdc       0x3c CMakeFiles/Autonomous-Navigation.dir/home/divan/.pico-sdk/sdk/1.5.1/src/rp2_common/pico_async_context/async_context_base.c.obj
                0x10006fdc                async_context_base_refresh_next_timeout
 .text.async_context_base_execute_once
                0x10007018       0x48 CMakeFiles/Autonomous-Navigation.dir/home/divan/.pico-sdk/sdk/1.5.1/src/rp2_common/pico_async_context/async_context_base.c.obj
                0x10007018                async_context_base_execute_once
 .text.splitmix64
                0x10007060       0x58 CMakeFiles/Autonomous-Navigation.dir/home/divan/.pico-sdk/sdk/1.5.1/src/rp2_common/pico_rand/rand.c.obj
 .text.sdbm_hash64_sram
                0x100070b8       0x64 CMakeFiles/Autonomous-Navigation.dir/home/divan/.pico-sdk/sdk/1.5.1/src/rp2_common/pico_rand/rand.c.obj
 .text.xoroshiro128ss
                0x1000711c       0xb8 CMakeFiles/Autonomous-Navigation.dir/home/divan/.pico-sdk/sdk/1.5.1/src/rp2_common/pico_rand/rand.c.obj
 .text.update_us_since_boot
                0x100071d4       0x24 CMakeFiles/Autonomous-Navigation.dir/home/divan/.pico-sdk/sdk/1.5.1/src/rp2_common/pico_rand/rand.c.obj
 .text.get_absolute_time
                0x100071f8       0x22 CMakeFiles/Autonomous-Navigation.dir/home/divan/.pico-sdk/sdk/1.5.1/src/rp2_common/pico_rand/rand.c.obj
 *fill*         0x1000721a        0x2 
 .text.delayed_by_us
                0x1000721c       0x34 CMakeFiles/Autonomous-Navigation.dir/home/divan/.pico-sdk/sdk/1.5.1/src/rp2_common/pico_rand/rand.c.obj
 .text.make_timeout_time_us
                0x10007250       0x24 CMakeFiles/Autonomous-Navigation.dir/home/divan/.pico-sdk/sdk/1.5.1/src/rp2_common/pico_rand/rand.c.obj
 .text.capture_additional_rosc_samples
                0x10007274      0x164 CMakeFiles/Autonomous-Navigation.dir/home/divan/.pico-sdk/sdk/1.5.1/src/rp2_common/pico_rand/rand.c.obj
 .text.initialise_rand
                0x100073d8      0x110 CMakeFiles/Autonomous-Navigation.dir/home/divan/.pico-sdk/sdk/1.5.1/src/rp2_common/pico_rand/rand.c.obj
 .text.get_rand_64
                0x100074e8      0x10c CMakeFiles/Autonomous-Navigation.dir/home/divan/.pico-sdk/sdk/1.5.1/src/rp2_common/pico_rand/rand.c.obj
                0x100074e8                get_rand_64
 .text.get_rand_32
                0x100075f4        0x8 CMakeFiles/Autonomous-Navigation.dir/home/divan/.pico-sdk/sdk/1.5.1/src/rp2_common/pico_rand/rand.c.obj
                0x100075f4                get_rand_32
 .text.lwip_init
                0x100075fc       0x24 CMakeFiles/Autonomous-Navigation.dir/home/divan/.pico-sdk/sdk/1.5.1/lib/lwip/src/core/init.c.obj
                0x100075fc                lwip_init
 .text.lwip_htons
                0x10007620        0xa CMakeFiles/Autonomous-Navigation.dir/home/divan/.pico-sdk/sdk/1.5.1/lib/lwip/src/core/def.c.obj
                0x10007620                lwip_htons
 .text.lwip_htonl
                0x1000762a       0x1e CMakeFiles/Autonomous-Navigation.dir/home/divan/.pico-sdk/sdk/1.5.1/lib/lwip/src/core/def.c.obj
                0x1000762a                lwip_htonl
 .text.dns_backupserver_available
                0x10007648       0x28 CMakeFiles/Autonomous-Navigation.dir/home/divan/.pico-sdk/sdk/1.5.1/lib/lwip/src/core/dns.c.obj
 .text.dns_create_txid
                0x10007670       0x3c CMakeFiles/Autonomous-Navigation.dir/home/divan/.pico-sdk/sdk/1.5.1/lib/lwip/src/core/dns.c.obj
 .text.dns_call_found
                0x100076ac       0xf4 CMakeFiles/Autonomous-Navigation.dir/home/divan/.pico-sdk/sdk/1.5.1/lib/lwip/src/core/dns.c.obj
 .text.dns_send
                0x100077a0      0x17c CMakeFiles/Autonomous-Navigation.dir/home/divan/.pico-sdk/sdk/1.5.1/lib/lwip/src/core/dns.c.obj
 .text.dns_check_entry
                0x1000791c      0x11c CMakeFiles/Autonomous-Navigation.dir/home/divan/.pico-sdk/sdk/1.5.1/lib/lwip/src/core/dns.c.obj
 .text.dns_check_entries
                0x10007a38       0x16 CMakeFiles/Autonomous-Navigation.dir/home/divan/.pico-sdk/sdk/1.5.1/lib/lwip/src/core/dns.c.obj
 .text.dns_init
                0x10007a4e        0x2 CMakeFiles/Autonomous-Navigation.dir/home/divan/.pico-sdk/sdk/1.5.1/lib/lwip/src/core/dns.c.obj
                0x10007a4e                dns_init
 .text.dns_setserver
                0x10007a50       0x28 CMakeFiles/Autonomous-Navigation.dir/home/divan/.pico-sdk/sdk/1.5.1/lib/lwip/src/core/dns.c.obj
                0x10007a50                dns_setserver
 .text.dns_tmr  0x10007a78        0x8 CMakeFiles/Autonomous-Navigation.dir/home/divan/.pico-sdk/sdk/1.5.1/lib/lwip/src/core/dns.c.obj
                0x10007a78                dns_tmr
 .text.lwip_standard_chksum
                0x10007a80       0xa0 CMakeFiles/Autonomous-Navigation.dir/home/divan/.pico-sdk/sdk/1.5.1/lib/lwip/src/core/inet_chksum.c.obj
                0x10007a80                lwip_standard_chksum
 .text.inet_cksum_pseudo_base
                0x10007b20       0x82 CMakeFiles/Autonomous-Navigation.dir/home/divan/.pico-sdk/sdk/1.5.1/lib/lwip/src/core/inet_chksum.c.obj
 .text.inet_chksum_pseudo
                0x10007ba2       0x30 CMakeFiles/Autonomous-Navigation.dir/home/divan/.pico-sdk/sdk/1.5.1/lib/lwip/src/core/inet_chksum.c.obj
                0x10007ba2                inet_chksum_pseudo
 .text.ip_chksum_pseudo
                0x10007bd2       0x10 CMakeFiles/Autonomous-Navigation.dir/home/divan/.pico-sdk/sdk/1.5.1/lib/lwip/src/core/inet_chksum.c.obj
                0x10007bd2                ip_chksum_pseudo
 .text.inet_chksum
                0x10007be2        0xc CMakeFiles/Autonomous-Navigation.dir/home/divan/.pico-sdk/sdk/1.5.1/lib/lwip/src/core/inet_chksum.c.obj
                0x10007be2                inet_chksum
 .text.inet_chksum_pbuf
                0x10007bee       0x52 CMakeFiles/Autonomous-Navigation.dir/home/divan/.pico-sdk/sdk/1.5.1/lib/lwip/src/core/inet_chksum.c.obj
                0x10007bee                inet_chksum_pbuf
 .text.ptr_to_mem
                0x10007c40        0xc CMakeFiles/Autonomous-Navigation.dir/home/divan/.pico-sdk/sdk/1.5.1/lib/lwip/src/core/mem.c.obj
 .text.mem_to_ptr
                0x10007c4c       0x10 CMakeFiles/Autonomous-Navigation.dir/home/divan/.pico-sdk/sdk/1.5.1/lib/lwip/src/core/mem.c.obj
 .text.mem_link_valid
                0x10007c5c       0x5c CMakeFiles/Autonomous-Navigation.dir/home/divan/.pico-sdk/sdk/1.5.1/lib/lwip/src/core/mem.c.obj
 .text.plug_holes
                0x10007cb8       0xd0 CMakeFiles/Autonomous-Navigation.dir/home/divan/.pico-sdk/sdk/1.5.1/lib/lwip/src/core/mem.c.obj
 .text.mem_init
                0x10007d88       0x40 CMakeFiles/Autonomous-Navigation.dir/home/divan/.pico-sdk/sdk/1.5.1/lib/lwip/src/core/mem.c.obj
                0x10007d88                mem_init
 .text.mem_free
                0x10007dc8       0x84 CMakeFiles/Autonomous-Navigation.dir/home/divan/.pico-sdk/sdk/1.5.1/lib/lwip/src/core/mem.c.obj
                0x10007dc8                mem_free
 .text.mem_trim
                0x10007e4c      0x134 CMakeFiles/Autonomous-Navigation.dir/home/divan/.pico-sdk/sdk/1.5.1/lib/lwip/src/core/mem.c.obj
                0x10007e4c                mem_trim
 .text.mem_malloc
                0x10007f80      0x134 CMakeFiles/Autonomous-Navigation.dir/home/divan/.pico-sdk/sdk/1.5.1/lib/lwip/src/core/mem.c.obj
                0x10007f80                mem_malloc
 .text.do_memp_malloc_pool
                0x100080b4       0x30 CMakeFiles/Autonomous-Navigation.dir/home/divan/.pico-sdk/sdk/1.5.1/lib/lwip/src/core/memp.c.obj
 .text.do_memp_free_pool
                0x100080e4       0x28 CMakeFiles/Autonomous-Navigation.dir/home/divan/.pico-sdk/sdk/1.5.1/lib/lwip/src/core/memp.c.obj
 .text.memp_init_pool
                0x1000810c       0x2a CMakeFiles/Autonomous-Navigation.dir/home/divan/.pico-sdk/sdk/1.5.1/lib/lwip/src/core/memp.c.obj
                0x1000810c                memp_init_pool
 *fill*         0x10008136        0x2 
 .text.memp_init
                0x10008138       0x20 CMakeFiles/Autonomous-Navigation.dir/home/divan/.pico-sdk/sdk/1.5.1/lib/lwip/src/core/memp.c.obj
                0x10008138                memp_init
 .text.memp_malloc
                0x10008158       0x24 CMakeFiles/Autonomous-Navigation.dir/home/divan/.pico-sdk/sdk/1.5.1/lib/lwip/src/core/memp.c.obj
                0x10008158                memp_malloc
 .text.memp_free
                0x1000817c       0x28 CMakeFiles/Autonomous-Navigation.dir/home/divan/.pico-sdk/sdk/1.5.1/lib/lwip/src/core/memp.c.obj
                0x1000817c                memp_free
 .text.netif_do_set_netmask
                0x100081a4       0x12 CMakeFiles/Autonomous-Navigation.dir/home/divan/.pico-sdk/sdk/1.5.1/lib/lwip/src/core/netif.c.obj
 .text.netif_do_set_gw
                0x100081b6       0x12 CMakeFiles/Autonomous-Navigation.dir/home/divan/.pico-sdk/sdk/1.5.1/lib/lwip/src/core/netif.c.obj
 .text.netif_null_output_ip4
                0x100081c8        0x6 CMakeFiles/Autonomous-Navigation.dir/home/divan/.pico-sdk/sdk/1.5.1/lib/lwip/src/core/netif.c.obj
 .text.netif_do_ip_addr_changed
                0x100081ce       0x1c CMakeFiles/Autonomous-Navigation.dir/home/divan/.pico-sdk/sdk/1.5.1/lib/lwip/src/core/netif.c.obj
 *fill*         0x100081ea        0x2 
 .text.netif_issue_reports
                0x100081ec       0x34 CMakeFiles/Autonomous-Navigation.dir/home/divan/.pico-sdk/sdk/1.5.1/lib/lwip/src/core/netif.c.obj
 .text.netif_do_set_ipaddr
                0x10008220       0x54 CMakeFiles/Autonomous-Navigation.dir/home/divan/.pico-sdk/sdk/1.5.1/lib/lwip/src/core/netif.c.obj
 .text.netif_init
                0x10008274        0x2 CMakeFiles/Autonomous-Navigation.dir/home/divan/.pico-sdk/sdk/1.5.1/lib/lwip/src/core/netif.c.obj
                0x10008274                netif_init
 *fill*         0x10008276        0x2 
 .text.netif_set_addr
                0x10008278       0x78 CMakeFiles/Autonomous-Navigation.dir/home/divan/.pico-sdk/sdk/1.5.1/lib/lwip/src/core/netif.c.obj
                0x10008278                netif_set_addr
 .text.netif_add
                0x100082f0      0x124 CMakeFiles/Autonomous-Navigation.dir/home/divan/.pico-sdk/sdk/1.5.1/lib/lwip/src/core/netif.c.obj
                0x100082f0                netif_add
 .text.netif_set_default
                0x10008414        0xc CMakeFiles/Autonomous-Navigation.dir/home/divan/.pico-sdk/sdk/1.5.1/lib/lwip/src/core/netif.c.obj
                0x10008414                netif_set_default
 .text.netif_set_up
                0x10008420       0x34 CMakeFiles/Autonomous-Navigation.dir/home/divan/.pico-sdk/sdk/1.5.1/lib/lwip/src/core/netif.c.obj
                0x10008420                netif_set_up
 .text.netif_set_down
                0x10008454       0x3c CMakeFiles/Autonomous-Navigation.dir/home/divan/.pico-sdk/sdk/1.5.1/lib/lwip/src/core/netif.c.obj
                0x10008454                netif_set_down
 .text.netif_remove
                0x10008490       0x64 CMakeFiles/Autonomous-Navigation.dir/home/divan/.pico-sdk/sdk/1.5.1/lib/lwip/src/core/netif.c.obj
                0x10008490                netif_remove
 .text.netif_set_link_up
                0x100084f4       0x3c CMakeFiles/Autonomous-Navigation.dir/home/divan/.pico-sdk/sdk/1.5.1/lib/lwip/src/core/netif.c.obj
                0x100084f4                netif_set_link_up
 .text.netif_set_link_down
                0x10008530       0x2c CMakeFiles/Autonomous-Navigation.dir/home/divan/.pico-sdk/sdk/1.5.1/lib/lwip/src/core/netif.c.obj
                0x10008530                netif_set_link_down
 .text.netif_get_by_index
                0x1000855c       0x24 CMakeFiles/Autonomous-Navigation.dir/home/divan/.pico-sdk/sdk/1.5.1/lib/lwip/src/core/netif.c.obj
                0x1000855c                netif_get_by_index
 .text.pbuf_init_alloced_pbuf
                0x10008580       0x20 CMakeFiles/Autonomous-Navigation.dir/home/divan/.pico-sdk/sdk/1.5.1/lib/lwip/src/core/pbuf.c.obj
 .text.pbuf_skip_const
                0x100085a0       0x1a CMakeFiles/Autonomous-Navigation.dir/home/divan/.pico-sdk/sdk/1.5.1/lib/lwip/src/core/pbuf.c.obj
 *fill*         0x100085ba        0x2 
 .text.pbuf_pool_is_empty
                0x100085bc       0x18 CMakeFiles/Autonomous-Navigation.dir/home/divan/.pico-sdk/sdk/1.5.1/lib/lwip/src/core/pbuf.c.obj
 .text.pbuf_add_header_impl
                0x100085d4       0x68 CMakeFiles/Autonomous-Navigation.dir/home/divan/.pico-sdk/sdk/1.5.1/lib/lwip/src/core/pbuf.c.obj
 .text.pbuf_free_ooseq
                0x1000863c       0x30 CMakeFiles/Autonomous-Navigation.dir/home/divan/.pico-sdk/sdk/1.5.1/lib/lwip/src/core/pbuf.c.obj
                0x1000863c                pbuf_free_ooseq
 .text.pbuf_alloc_reference
                0x1000866c       0x3c CMakeFiles/Autonomous-Navigation.dir/home/divan/.pico-sdk/sdk/1.5.1/lib/lwip/src/core/pbuf.c.obj
                0x1000866c                pbuf_alloc_reference
 .text.pbuf_add_header
                0x100086a8        0xa CMakeFiles/Autonomous-Navigation.dir/home/divan/.pico-sdk/sdk/1.5.1/lib/lwip/src/core/pbuf.c.obj
                0x100086a8                pbuf_add_header
 *fill*         0x100086b2        0x2 
 .text.pbuf_remove_header
                0x100086b4       0x50 CMakeFiles/Autonomous-Navigation.dir/home/divan/.pico-sdk/sdk/1.5.1/lib/lwip/src/core/pbuf.c.obj
                0x100086b4                pbuf_remove_header
 .text.pbuf_header_impl
                0x10008704       0x14 CMakeFiles/Autonomous-Navigation.dir/home/divan/.pico-sdk/sdk/1.5.1/lib/lwip/src/core/pbuf.c.obj
 .text.pbuf_header_force
                0x10008718        0xa CMakeFiles/Autonomous-Navigation.dir/home/divan/.pico-sdk/sdk/1.5.1/lib/lwip/src/core/pbuf.c.obj
                0x10008718                pbuf_header_force
 *fill*         0x10008722        0x2 
 .text.pbuf_free
                0x10008724       0x7c CMakeFiles/Autonomous-Navigation.dir/home/divan/.pico-sdk/sdk/1.5.1/lib/lwip/src/core/pbuf.c.obj
                0x10008724                pbuf_free
 .text.pbuf_alloc
                0x100087a0      0x144 CMakeFiles/Autonomous-Navigation.dir/home/divan/.pico-sdk/sdk/1.5.1/lib/lwip/src/core/pbuf.c.obj
                0x100087a0                pbuf_alloc
 .text.pbuf_realloc
                0x100088e4       0x84 CMakeFiles/Autonomous-Navigation.dir/home/divan/.pico-sdk/sdk/1.5.1/lib/lwip/src/core/pbuf.c.obj
                0x100088e4                pbuf_realloc
 .text.pbuf_clen
                0x10008968       0x12 CMakeFiles/Autonomous-Navigation.dir/home/divan/.pico-sdk/sdk/1.5.1/lib/lwip/src/core/pbuf.c.obj
                0x10008968                pbuf_clen
 *fill*         0x1000897a        0x2 
 .text.pbuf_ref
                0x1000897c       0x28 CMakeFiles/Autonomous-Navigation.dir/home/divan/.pico-sdk/sdk/1.5.1/lib/lwip/src/core/pbuf.c.obj
                0x1000897c                pbuf_ref
 .text.pbuf_cat
                0x100089a4       0x44 CMakeFiles/Autonomous-Navigation.dir/home/divan/.pico-sdk/sdk/1.5.1/lib/lwip/src/core/pbuf.c.obj
                0x100089a4                pbuf_cat
 .text.pbuf_chain
                0x100089e8       0x10 CMakeFiles/Autonomous-Navigation.dir/home/divan/.pico-sdk/sdk/1.5.1/lib/lwip/src/core/pbuf.c.obj
                0x100089e8                pbuf_chain
 .text.pbuf_copy_partial_pbuf
                0x100089f8      0x13c CMakeFiles/Autonomous-Navigation.dir/home/divan/.pico-sdk/sdk/1.5.1/lib/lwip/src/core/pbuf.c.obj
                0x100089f8                pbuf_copy_partial_pbuf
 .text.pbuf_copy
                0x10008b34       0x20 CMakeFiles/Autonomous-Navigation.dir/home/divan/.pico-sdk/sdk/1.5.1/lib/lwip/src/core/pbuf.c.obj
                0x10008b34                pbuf_copy
 .text.pbuf_copy_partial
                0x10008b54       0x88 CMakeFiles/Autonomous-Navigation.dir/home/divan/.pico-sdk/sdk/1.5.1/lib/lwip/src/core/pbuf.c.obj
                0x10008b54                pbuf_copy_partial
 .text.pbuf_skip
                0x10008bdc        0x8 CMakeFiles/Autonomous-Navigation.dir/home/divan/.pico-sdk/sdk/1.5.1/lib/lwip/src/core/pbuf.c.obj
                0x10008bdc                pbuf_skip
 .text.pbuf_take
                0x10008be4       0x98 CMakeFiles/Autonomous-Navigation.dir/home/divan/.pico-sdk/sdk/1.5.1/lib/lwip/src/core/pbuf.c.obj
                0x10008be4                pbuf_take
 .text.pbuf_take_at
                0x10008c7c       0x70 CMakeFiles/Autonomous-Navigation.dir/home/divan/.pico-sdk/sdk/1.5.1/lib/lwip/src/core/pbuf.c.obj
                0x10008c7c                pbuf_take_at
 .text.pbuf_clone
                0x10008cec       0x2c CMakeFiles/Autonomous-Navigation.dir/home/divan/.pico-sdk/sdk/1.5.1/lib/lwip/src/core/pbuf.c.obj
                0x10008cec                pbuf_clone
 .text.pbuf_put_at
                0x10008d18       0x26 CMakeFiles/Autonomous-Navigation.dir/home/divan/.pico-sdk/sdk/1.5.1/lib/lwip/src/core/pbuf.c.obj
                0x10008d18                pbuf_put_at
 *fill*         0x10008d3e        0x2 
 .text.raw_input_local_match
                0x10008d40       0x5c CMakeFiles/Autonomous-Navigation.dir/home/divan/.pico-sdk/sdk/1.5.1/lib/lwip/src/core/raw.c.obj
 .text.raw_input
                0x10008d9c       0xb4 CMakeFiles/Autonomous-Navigation.dir/home/divan/.pico-sdk/sdk/1.5.1/lib/lwip/src/core/raw.c.obj
                0x10008d9c                raw_input
 .text.raw_netif_ip_addr_changed
                0x10008e50       0x38 CMakeFiles/Autonomous-Navigation.dir/home/divan/.pico-sdk/sdk/1.5.1/lib/lwip/src/core/raw.c.obj
                0x10008e50                raw_netif_ip_addr_changed
 .text.stats_init
                0x10008e88        0x2 CMakeFiles/Autonomous-Navigation.dir/home/divan/.pico-sdk/sdk/1.5.1/lib/lwip/src/core/stats.c.obj
                0x10008e88                stats_init
 *fill*         0x10008e8a        0x2 
 .text.tcp_new_port
                0x10008e8c       0x6c CMakeFiles/Autonomous-Navigation.dir/home/divan/.pico-sdk/sdk/1.5.1/lib/lwip/src/core/tcp.c.obj
 .text.tcp_remove_listener
                0x10008ef8       0x24 CMakeFiles/Autonomous-Navigation.dir/home/divan/.pico-sdk/sdk/1.5.1/lib/lwip/src/core/tcp.c.obj
 .text.tcp_listen_closed
                0x10008f1c       0x40 CMakeFiles/Autonomous-Navigation.dir/home/divan/.pico-sdk/sdk/1.5.1/lib/lwip/src/core/tcp.c.obj
 .text.tcp_free_listen
                0x10008f5c       0x1c CMakeFiles/Autonomous-Navigation.dir/home/divan/.pico-sdk/sdk/1.5.1/lib/lwip/src/core/tcp.c.obj
 .text.tcp_close_shutdown_fin
                0x10008f78       0x64 CMakeFiles/Autonomous-Navigation.dir/home/divan/.pico-sdk/sdk/1.5.1/lib/lwip/src/core/tcp.c.obj
 .text.tcp_handle_closepend
                0x10008fdc       0x28 CMakeFiles/Autonomous-Navigation.dir/home/divan/.pico-sdk/sdk/1.5.1/lib/lwip/src/core/tcp.c.obj
 .text.tcp_init
                0x10009004       0x20 CMakeFiles/Autonomous-Navigation.dir/home/divan/.pico-sdk/sdk/1.5.1/lib/lwip/src/core/tcp.c.obj
                0x10009004                tcp_init
 .text.tcp_free
                0x10009024       0x1c CMakeFiles/Autonomous-Navigation.dir/home/divan/.pico-sdk/sdk/1.5.1/lib/lwip/src/core/tcp.c.obj
                0x10009024                tcp_free
 .text.tcp_bind
                0x10009040       0xc0 CMakeFiles/Autonomous-Navigation.dir/home/divan/.pico-sdk/sdk/1.5.1/lib/lwip/src/core/tcp.c.obj
                0x10009040                tcp_bind
 .text.tcp_listen_with_backlog_and_err
                0x10009100       0xd0 CMakeFiles/Autonomous-Navigation.dir/home/divan/.pico-sdk/sdk/1.5.1/lib/lwip/src/core/tcp.c.obj
                0x10009100                tcp_listen_with_backlog_and_err
 .text.tcp_listen_with_backlog