Archive member included to satisfy reference by file (symbol)

/home/divan/.pico-sdk/toolchain/13_2_Rel1/bin/../lib/gcc/arm-none-eabi/13.2.1/thumb/v6-m/nofp/libgcc.a(_dvmd_tls.o)
                              CMakeFiles/Autonomous-Navigation.dir/home/divan/.pico-sdk/sdk/1.5.1/src/rp2_common/pico_divider/divider.S.obj (__aeabi_idiv0)
/home/divan/.pico-sdk/toolchain/13_2_Rel1/bin/../lib/gcc/arm-none-eabi/13.2.1/../../../../arm-none-eabi/lib/thumb/v6-m/nofp/libg.a(libc_a-strncmp.o)
                              CMakeFiles/Autonomous-Navigation.dir/home/divan/.pico-sdk/sdk/1.5.1/lib/cyw43-driver/src/cyw43_ll.c.obj (strncmp)
/home/divan/.pico-sdk/toolchain/13_2_Rel1/bin/../lib/gcc/arm-none-eabi/13.2.1/../../../../arm-none-eabi/lib/thumb/v6-m/nofp/libg.a(libc_a-malloc.o)
                              CMakeFiles/Autonomous-Navigation.dir/home/divan/.pico-sdk/sdk/1.5.1/src/rp2_common/pico_malloc/pico_malloc.c.obj (malloc)
/home/divan/.pico-sdk/toolchain/13_2_Rel1/bin/../lib/gcc/arm-none-eabi/13.2.1/../../../../arm-none-eabi/lib/thumb/v6-m/nofp/libg.a(libc_a-mallocr.o)
                              /home/divan/.pico-sdk/toolchain/13_2_Rel1/bin/../lib/gcc/arm-none-eabi/13.2.1/../../../../arm-none-eabi/lib/thumb/v6-m/nofp/libg.a(libc_a-malloc.o) (_malloc_r)
/home/divan/.pico-sdk/toolchain/13_2_Rel1/bin/../lib/gcc/arm-none-eabi/13.2.1/../../../../arm-none-eabi/lib/thumb/v6-m/nofp/libg.a(libc_a-memcmp.o)
                              CMakeFiles/Autonomous-Navigation.dir/home/divan/.pico-sdk/sdk/1.5.1/lib/cyw43-driver/src/cyw43_ll.c.obj (memcmp)
/home/divan/.pico-sdk/toolchain/13_2_Rel1/bin/../lib/gcc/arm-none-eabi/13.2.1/../../../../arm-none-eabi/lib/thumb/v6-m/nofp/libg.a(libc_a-memmove.o)
                              CMakeFiles/Autonomous-Navigation.dir/home/divan/.pico-sdk/sdk/1.5.1/lib/cyw43-driver/src/cyw43_ll.c.obj (memmove)
/home/divan/.pico-sdk/toolchain/13_2_Rel1/bin/../lib/gcc/arm-none-eabi/13.2.1/../../../../arm-none-eabi/lib/thumb/v6-m/nofp/libg.a(libc_a-init.o)
                              /home/divan/.pico-sdk/toolchain/13_2_Rel1/bin/../lib/gcc/arm-none-eabi/13.2.1/../../../../arm-none-eabi/lib/thumb/v6-m/nofp/crt0.o (__libc_init_array)
/home/divan/.pico-sdk/toolchain/13_2_Rel1/bin/../lib/gcc/arm-none-eabi/13.2.1/../../../../arm-none-eabi/lib/thumb/v6-m/nofp/libg.a(libc_a-sysconf.o)
                              /home/divan/.pico-sdk/toolchain/13_2_Rel1/bin/../lib/gcc/arm-none-eabi/13.2.1/../../../../arm-none-eabi/lib/thumb/v6-m/nofp/libg.a(libc_a-mallocr.o) (sysconf)
/home/divan/.pico-sdk/toolchain/13_2_Rel1/bin/../lib/gcc/arm-none-eabi/13.2.1/../../../../arm-none-eabi/lib/thumb/v6-m/nofp/libg.a(libc_a-mlock.o)
                              /home/divan/.pico-sdk/toolchain/13_2_Rel1/bin/../lib/gcc/arm-none-eabi/13.2.1/../../../../arm-none-eabi/lib/thumb/v6-m/nofp/libg.a(libc_a-mallocr.o) (__malloc_lock)
/home/divan/.pico-sdk/toolchain/13_2_Rel1/bin/../lib/gcc/arm-none-eabi/13.2.1/../../../../arm-none-eabi/lib/thumb/v6-m/nofp/libg.a(libc_a-calloc.o)
                              CMakeFiles/Autonomous-Navigation.dir/home/divan/.pico-sdk/sdk/1.5.1/src/rp2_common/pico_malloc/pico_malloc.c.obj (calloc)
/home/divan/.pico-sdk/toolchain/13_2_Rel1/bin/../lib/gcc/arm-none-eabi/13.2.1/../../../../arm-none-eabi/lib/thumb/v6-m/nofp/libg.a(libc_a-callocr.o)
                              /home/divan/.pico-sdk/toolchain/13_2_Rel1/bin/../lib/gcc/arm-none-eabi/13.2.1/../../../../arm-none-eabi/lib/thumb/v6-m/nofp/libg.a(libc_a-calloc.o) (_calloc_r)
/home/divan/.pico-sdk/toolchain/13_2_Rel1/bin/../lib/gcc/arm-none-eabi/13.2.1/../../../../arm-none-eabi/lib/thumb/v6-m/nofp/libg.a(libc_a-realloc.o)
                              CMakeFiles/Autonomous-Navigation.dir/home/divan/.pico-sdk/sdk/1.5.1/src/rp2_common/pico_malloc/pico_malloc.c.obj (realloc)
/home/divan/.pico-sdk/toolchain/13_2_Rel1/bin/../lib/gcc/arm-none-eabi/13.2.1/../../../../arm-none-eabi/lib/thumb/v6-m/nofp/libg.a(libc_a-impure.o)
                              /home/divan/.pico-sdk/toolchain/13_2_Rel1/bin/../lib/gcc/arm-none-eabi/13.2.1/../../../../arm-none-eabi/lib/thumb/v6-m/nofp/libg.a(libc_a-malloc.o) (_impure_ptr)
/home/divan/.pico-sdk/toolchain/13_2_Rel1/bin/../lib/gcc/arm-none-eabi/13.2.1/../../../../arm-none-eabi/lib/thumb/v6-m/nofp/libg.a(libc_a-findfp.o)
                              /home/divan/.pico-sdk/toolchain/13_2_Rel1/bin/../lib/gcc/arm-none-eabi/13.2.1/../../../../arm-none-eabi/lib/thumb/v6-m/nofp/libg.a(libc_a-impure.o) (__sf)
/home/divan/.pico-sdk/toolchain/13_2_Rel1/bin/../lib/gcc/arm-none-eabi/13.2.1/../../../../arm-none-eabi/lib/thumb/v6-m/nofp/libg.a(libc_a-strlen-stub.o)
                              CMakeFiles/Autonomous-Navigation.dir/home/divan/.pico-sdk/sdk/1.5.1/src/rp2_common/pico_stdio/stdio.c.obj (strlen)
/home/divan/.pico-sdk/toolchain/13_2_Rel1/bin/../lib/gcc/arm-none-eabi/13.2.1/../../../../arm-none-eabi/lib/thumb/v6-m/nofp/libg.a(libc_a-reallocr.o)
[...]
Memory Configuration

Name             Origin             Length             Attributes
FLASH            0x10000000         0x00200000         xr
RAM              0x20000000         0x00040000         xrw
SCRATCH_X        0x20040000         0x00001000         xrw
SCRATCH_Y        0x20041000         0x00001000         xrw
*default*        0x00000000         0xffffffff

Linker script and memory map

LOAD /home/divan/.pico-sdk/toolchain/13_2_Rel1/bin/../lib/gcc/arm-none-eabi/13.2.1/thumb/v6-m/nofp/crti.o
LOAD /home/divan/.pico-sdk/toolchain/13_2_Rel1/bin/../lib/gcc/arm-none-eabi/13.2.1/thumb/v6-m/nofp/crtbegin.o
LOAD /home/divan/.pico-sdk/toolchain/13_2_Rel1/bin/../lib/gcc/arm-none-eabi/13.2.1/../../../../arm-none-eabi/lib/thumb/v6-m/nofp/crt0.o

.flash_begin    0x10000000        0x0
                0x10000000                        __flash_binary_start = .

.boot2          0x10000000      0x100
                0x10000000                        __boot2_start__ = .
 *(.boot2)
 .boot2         0x10000000      0x100 /tmp/cceSVbMn.o
                0x10000100                        __boot2_end__ = .
                0x00000001                        ASSERT (((__boot2_end__ - __boot2_start__) == 0x100), ERROR: Pico second stage bootloader must be 256 bytes in size)

.text           0x10000100     0xa3f0
                0x10000100                        __logical_binary_start = .
 *(.vectors)
 .vectors       0x10000100       0xd4 CMakeFiles/Autonomous-Navigation.dir/home/divan/.pico-sdk/sdk/1.5.1/src/rp2_common/pico_standard_link/crt0.S.obj
                0x10000100                __vectors
                0x10000100                __VECTOR_TABLE
                0x100001c0                isr_invalid
                0x100001c0                __default_isrs_start
                0x100001c2                isr_nmi
                0x100001c4                isr_hardfault
                0x100001c6                isr_svcall
                0x100001c8                isr_pendsv
                0x100001ca                isr_systick
                0x100001cc                isr_irq30
                0x100001cc                __unhandled_user_irq
                0x100001cc                isr_irq13
                0x100001cc                isr_irq27
                0x100001cc                isr_irq31
                0x100001cc                isr_irq5
                0x100001cc                isr_irq11
                0x100001cc                isr_irq23
                0x100001cc                isr_irq18
                0x100001cc                isr_irq28
                0x100001cc                isr_irq19
                0x100001cc                isr_irq0
                0x100001cc                isr_irq6
                0x100001cc                isr_irq22
                0x100001cc                isr_irq17
                0x100001cc                isr_irq14
                0x100001cc                isr_irq2
                0x100001cc                isr_irq10
                0x100001cc                isr_irq8
                0x100001cc                isr_irq24
                0x100001cc                isr_irq1
                0x100001cc                isr_irq7
                0x100001cc                isr_irq21
                0x100001cc                isr_irq20
                0x100001cc                isr_irq15
                0x100001cc                isr_irq25
                0x100001cc                isr_irq4
                0x100001cc                isr_irq16
                0x100001cc                isr_irq29
                0x100001cc                isr_irq26
                0x100001cc                __default_isrs_end
                0x100001cc                isr_irq3
                0x100001cc                isr_irq12
                0x100001cc                isr_irq9
                0x100001d2                unhandled_user_irq_num_in_r0
 *(.binary_info_header)
 .binary_info_header
                0x100001d4       0x14 CMakeFiles/Autonomous-Navigation.dir/home/divan/.pico-sdk/sdk/1.5.1/src/rp2_common/pico_standard_link/crt0.S.obj
                0x100001e8                        __binary_info_header_end = .
 *(.reset)
 .reset         0x100001e8       0xa0 CMakeFiles/Autonomous-Navigation.dir/home/divan/.pico-sdk/sdk/1.5.1/src/rp2_common/pico_standard_link/crt0.S.obj
                0x100001e8                _entry_point
 .reset         0x10000288       0x30 CMakeFiles/Autonomous-Navigation.dir/home/divan/.pico-sdk/sdk/1.5.1/src/rp2_common/pico_standard_link/binary_info.c.obj
 *(.init)
 .init          0x100002b8        0x4 /home/divan/.pico-sdk/toolchain/13_2_Rel1/bin/../lib/gcc/arm-none-eabi/13.2.1/thumb/v6-m/nofp/crti.o
                0x100002b8                _init
 *(EXCLUDE_FILE(*libm.a: *libc.a:*lib_a-mem*.o *libgcc.a:) .text*)
 .text.register_tm_clones
                0x100002bc       0x28 /home/divan/.pico-sdk/toolchain/13_2_Rel1/bin/../lib/gcc/arm-none-eabi/13.2.1/thumb/v6-m/nofp/crtbegin.o
 .text.frame_dummy
                0x100002e4       0x24 /home/divan/.pico-sdk/toolchain/13_2_Rel1/bin/../lib/gcc/arm-none-eabi/13.2.1/thumb/v6-m/nofp/crtbegin.o
 .text.pwm_set_chan_level
                0x10000308       0x40 CMakeFiles/Autonomous-Navigation.dir/Autonomous-Navigation.cpp.obj
 .text._ZL20update_us_since_bootP15absolute_time_ty
                0x10000348       0x24 CMakeFiles/Autonomous-Navigation.dir/Autonomous-Navigation.cpp.obj
 .text.get_absolute_time
                0x1000036c       0x16 CMakeFiles/Autonomous-Navigation.dir/Autonomous-Navigation.cpp.obj
 *fill*         0x10000382        0x2 
 .text._Z18blink_program_initP8pio_hw_tjjj
                0x10000384       0x78 CMakeFiles/Autonomous-Navigation.dir/Autonomous-Navigation.cpp.obj
                0x10000384                blink_program_init(pio_hw_t*, unsigned int, unsigned int, unsigned int)
 .text._Z17blink_pin_foreverP8pio_hw_tjjjj
                0x100003fc       0x3c CMakeFiles/Autonomous-Navigation.dir/Autonomous-Navigation.cpp.obj
                0x100003fc                blink_pin_forever(pio_hw_t*, unsigned int, unsigned int, unsigned int, unsigned int)
 .text._Z15usb_serial_initv
                0x10000438        0x8 CMakeFiles/Autonomous-Navigation.dir/Autonomous-Navigation.cpp.obj
                0x10000438                usb_serial_init()
 .text._Z15init_ultrasonicv
                0x10000440       0x22 CMakeFiles/Autonomous-Navigation.dir/Autonomous-Navigation.cpp.obj
                0x10000440                init_ultrasonic()
 *fill*         0x10000462        0x2 
 .text._Z16measure_distancev
                0x10000464       0x90 CMakeFiles/Autonomous-Navigation.dir/Autonomous-Navigation.cpp.obj
                0x10000464                measure_distance()
 .text._Z15init_motor_pinsv
                0x100004f4       0x40 CMakeFiles/Autonomous-Navigation.dir/Autonomous-Navigation.cpp.obj
                0x100004f4                init_motor_pins()
 .text._Z17set_motor_forwardb
                0x10000534       0x5a CMakeFiles/Autonomous-Navigation.dir/Autonomous-Navigation.cpp.obj
                0x10000534                set_motor_forward(bool)
 .text._Z16set_motor_rotateb
                0x1000058e       0x5a CMakeFiles/Autonomous-Navigation.dir/Autonomous-Navigation.cpp.obj
                0x1000058e                set_motor_rotate(bool)
 .text._Z17set_motor_A_speedjt
                0x100005e8       0x1a CMakeFiles/Autonomous-Navigation.dir/Autonomous-Navigation.cpp.obj
                0x100005e8                set_motor_A_speed(unsigned int, unsigned short)
 .text._Z17set_motor_B_speedjt
                0x10000602       0x1a CMakeFiles/Autonomous-Navigation.dir/Autonomous-Navigation.cpp.obj
                0x10000602                set_motor_B_speed(unsigned int, unsigned short)
 .text.main     0x1000061c      0x154 CMakeFiles/Autonomous-Navigation.dir/Autonomous-Navigation.cpp.obj
                0x1000061c                main
 .text.gpio_set_function
                0x10000770       0x30 CMakeFiles/Autonomous-Navigation.dir/home/divan/.pico-sdk/sdk/1.5.1/src/rp2_common/hardware_gpio/gpio.c.obj
                0x10000770                gpio_set_function
 .text.gpio_set_pulls
                0x100007a0       0x34 CMakeFiles/Autonomous-Navigation.dir/home/divan/.pico-sdk/sdk/1.5.1/src/rp2_common/hardware_gpio/gpio.c.obj
                0x100007a0                gpio_set_pulls
 .text.gpio_set_input_hysteresis_enabled
                0x100007d4       0x30 CMakeFiles/Autonomous-Navigation.dir/home/divan/.pico-sdk/sdk/1.5.1/src/rp2_common/hardware_gpio/gpio.c.obj
                0x100007d4                gpio_set_input_hysteresis_enabled
 .text.gpio_add_raw_irq_handler_with_order_priority_masked
                0x10000804       0x40 CMakeFiles/Autonomous-Navigation.dir/home/divan/.pico-sdk/sdk/1.5.1/src/rp2_common/hardware_gpio/gpio.c.obj
                0x10000804                gpio_add_raw_irq_handler_with_order_priority_masked
 .text.gpio_remove_raw_irq_handler_masked
                0x10000844       0x48 CMakeFiles/Autonomous-Navigation.dir/home/divan/.pico-sdk/sdk/1.5.1/src/rp2_common/hardware_gpio/gpio.c.obj
                0x10000844                gpio_remove_raw_irq_handler_masked
 .text.gpio_acknowledge_irq
                0x1000088c       0x18 CMakeFiles/Autonomous-Navigation.dir/home/divan/.pico-sdk/sdk/1.5.1/src/rp2_common/hardware_gpio/gpio.c.obj
                0x1000088c                gpio_acknowledge_irq
 .text._gpio_set_irq_enabled
                0x100008a4       0x34 CMakeFiles/Autonomous-Navigation.dir/home/divan/.pico-sdk/sdk/1.5.1/src/rp2_common/hardware_gpio/gpio.c.obj
 .text.gpio_set_irq_enabled
                0x100008d8       0x20 CMakeFiles/Autonomous-Navigation.dir/home/divan/.pico-sdk/sdk/1.5.1/src/rp2_common/hardware_gpio/gpio.c.obj
                0x100008d8                gpio_set_irq_enabled
 .text.gpio_init
                0x100008f8       0x16 CMakeFiles/Autonomous-Navigation.dir/home/divan/.pico-sdk/sdk/1.5.1/src/rp2_common/hardware_gpio/gpio.c.obj
                0x100008f8                gpio_init
 *fill*         0x1000090e        0x2 
 .text.running_on_fpga
                0x10000910       0x14 CMakeFiles/Autonomous-Navigation.dir/home/divan/.pico-sdk/sdk/1.5.1/src/rp2_common/pico_platform/platform.c.obj
                0x10000910                running_on_fpga
 .text.hw_claim_lock
                0x10000924       0x18 CMakeFiles/Autonomous-Navigation.dir/home/divan/.pico-sdk/sdk/1.5.1/src/rp2_common/hardware_claim/claim.c.obj
                0x10000924                hw_claim_lock
 .text.hw_claim_unlock
                0x1000093c       0x14 CMakeFiles/Autonomous-Navigation.dir/home/divan/.pico-sdk/sdk/1.5.1/src/rp2_common/hardware_claim/claim.c.obj
                0x1000093c                hw_claim_unlock
 .text.hw_claim_or_assert
                0x10000950       0x32 CMakeFiles/Autonomous-Navigation.dir/home/divan/.pico-sdk/sdk/1.5.1/src/rp2_common/hardware_claim/claim.c.obj
                0x10000950                hw_claim_or_assert
 .text.hw_claim_unused_from_range
                0x10000982       0x50 CMakeFiles/Autonomous-Navigation.dir/home/divan/.pico-sdk/sdk/1.5.1/src/rp2_common/hardware_claim/claim.c.obj
                0x10000982                hw_claim_unused_from_range
 *fill*         0x100009d2        0x2 
 .text.hw_claim_clear
                0x100009d4       0x40 CMakeFiles/Autonomous-Navigation.dir/home/divan/.pico-sdk/sdk/1.5.1/src/rp2_common/hardware_claim/claim.c.obj
                0x100009d4                hw_claim_clear
 .text.spin_locks_reset
                0x10000a14       0x20 CMakeFiles/Autonomous-Navigation.dir/home/divan/.pico-sdk/sdk/1.5.1/src/rp2_common/hardware_sync/sync.c.obj
                0x10000a14                spin_locks_reset
 .text.next_striped_spin_lock_num
                0x10000a34       0x1c CMakeFiles/Autonomous-Navigation.dir/home/divan/.pico-sdk/sdk/1.5.1/src/rp2_common/hardware_sync/sync.c.obj
                0x10000a34                next_striped_spin_lock_num
 .text.spin_lock_claim_unused
                0x10000a50       0x24 CMakeFiles/Autonomous-Navigation.dir/home/divan/.pico-sdk/sdk/1.5.1/src/rp2_common/hardware_sync/sync.c.obj
                0x10000a50                spin_lock_claim_unused
 .text.set_raw_irq_handler_and_unlock
                0x10000a74       0x28 CMakeFiles/Autonomous-Navigation.dir/home/divan/.pico-sdk/sdk/1.5.1/src/rp2_common/hardware_irq/irq.c.obj
 .text.get_user_irq_claim_index
                0x10000a9c        0x6 CMakeFiles/Autonomous-Navigation.dir/home/divan/.pico-sdk/sdk/1.5.1/src/rp2_common/hardware_irq/irq.c.obj
 *fill*         0x10000aa2        0x2 
 .text.resolve_branch
                0x10000aa4       0x30 CMakeFiles/Autonomous-Navigation.dir/home/divan/.pico-sdk/sdk/1.5.1/src/rp2_common/hardware_irq/irq.c.obj
 .text.make_branch
                0x10000ad4       0x48 CMakeFiles/Autonomous-Navigation.dir/home/divan/.pico-sdk/sdk/1.5.1/src/rp2_common/hardware_irq/irq.c.obj
 .text.insert_branch_and_link
                0x10000b1c       0x40 CMakeFiles/Autonomous-Navigation.dir/home/divan/.pico-sdk/sdk/1.5.1/src/rp2_common/hardware_irq/irq.c.obj
 .text.irq_is_enabled
                0x10000b5c       0x18 CMakeFiles/Autonomous-Navigation.dir/home/divan/.pico-sdk/sdk/1.5.1/src/rp2_common/hardware_irq/irq.c.obj
                0x10000b5c                irq_is_enabled
 .text.irq_set_mask_enabled
                0x10000b74       0x20 CMakeFiles/Autonomous-Navigation.dir/home/divan/.pico-sdk/sdk/1.5.1/src/rp2_common/hardware_irq/irq.c.obj
                0x10000b74                irq_set_mask_enabled
 .text.irq_set_enabled
                0x10000b94        0xe CMakeFiles/Autonomous-Navigation.dir/home/divan/.pico-sdk/sdk/1.5.1/src/rp2_common/hardware_irq/irq.c.obj
                0x10000b94                irq_set_enabled
 *fill*         0x10000ba2        0x2 
 .text.irq_set_pending
                0x10000ba4       0x10 CMakeFiles/Autonomous-Navigation.dir/home/divan/.pico-sdk/sdk/1.5.1/src/rp2_common/hardware_irq/irq.c.obj
                0x10000ba4                irq_set_pending
 .text.irq_get_vtable_handler
                0x10000bb4       0x10 CMakeFiles/Autonomous-Navigation.dir/home/divan/.pico-sdk/sdk/1.5.1/src/rp2_common/hardware_irq/irq.c.obj
                0x10000bb4                irq_get_vtable_handler
 .text.irq_has_shared_handler
                0x10000bc4       0x24 CMakeFiles/Autonomous-Navigation.dir/home/divan/.pico-sdk/sdk/1.5.1/src/rp2_common/hardware_irq/irq.c.obj
                0x10000bc4                irq_has_shared_handler
 .text.irq_set_exclusive_handler
                0x10000be8       0x54 CMakeFiles/Autonomous-Navigation.dir/home/divan/.pico-sdk/sdk/1.5.1/src/rp2_common/hardware_irq/irq.c.obj
                0x10000be8                irq_set_exclusive_handler
 .text.irq_add_shared_handler
                0x10000c3c      0x210 CMakeFiles/Autonomous-Navigation.dir/home/divan/.pico-sdk/sdk/1.5.1/src/rp2_common/hardware_irq/irq.c.obj
                0x10000c3c                irq_add_shared_handler
 .text.irq_remove_handler
                0x10000e4c      0x188 CMakeFiles/Autonomous-Navigation.dir/home/divan/.pico-sdk/sdk/1.5.1/src/rp2_common/hardware_irq/irq.c.obj
                0x10000e4c                irq_remove_handler
 .text.irq_set_priority
                0x10000fd4       0x28 CMakeFiles/Autonomous-Navigation.dir/home/divan/.pico-sdk/sdk/1.5.1/src/rp2_common/hardware_irq/irq.c.obj
                0x10000fd4                irq_set_priority
 .text.irq_add_tail_to_free_list
                0x10000ffc       0xf0 CMakeFiles/Autonomous-Navigation.dir/home/divan/.pico-sdk/sdk/1.5.1/src/rp2_common/hardware_irq/irq.c.obj
                0x10000ffc                irq_add_tail_to_free_list
 .text.irq_init_priorities
                0x100010ec       0x1c CMakeFiles/Autonomous-Navigation.dir/home/divan/.pico-sdk/sdk/1.5.1/src/rp2_common/hardware_irq/irq.c.obj
                0x100010ec                irq_init_priorities
 .text.user_irq_unclaim
                0x10001108       0x18 CMakeFiles/Autonomous-Navigation.dir/home/divan/.pico-sdk/sdk/1.5.1/src/rp2_common/hardware_irq/irq.c.obj
                0x10001108                user_irq_unclaim
 .text.user_irq_claim_unused
                0x10001120       0x2c CMakeFiles/Autonomous-Navigation.dir/home/divan/.pico-sdk/sdk/1.5.1/src/rp2_common/hardware_irq/irq.c.obj
                0x10001120                user_irq_claim_unused
 .text.sem_init
                0x1000114c       0x1e CMakeFiles/Autonomous-Navigation.dir/home/divan/.pico-sdk/sdk/1.5.1/src/common/pico_sync/sem.c.obj
                0x1000114c                sem_init
 *fill*         0x1000116a        0x2 
 .text.lock_init
                0x1000116c       0x10 CMakeFiles/Autonomous-Navigation.dir/home/divan/.pico-sdk/sdk/1.5.1/src/common/pico_sync/lock_core.c.obj
                0x1000116c                lock_init
 .text.update_us_since_boot
                0x1000117c       0x24 CMakeFiles/Autonomous-Navigation.dir/home/divan/.pico-sdk/sdk/1.5.1/src/common/pico_sync/mutex.c.obj
 .text.delayed_by_ms
                0x100011a0       0x44 CMakeFiles/Autonomous-Navigation.dir/home/divan/.pico-sdk/sdk/1.5.1/src/common/pico_sync/mutex.c.obj
 .text.get_absolute_time
                0x100011e4       0x22 CMakeFiles/Autonomous-Navigation.dir/home/divan/.pico-sdk/sdk/1.5.1/src/common/pico_sync/mutex.c.obj
 .text.make_timeout_time_ms
                0x10001206       0x20 CMakeFiles/Autonomous-Navigation.dir/home/divan/.pico-sdk/sdk/1.5.1/src/common/pico_sync/mutex.c.obj
 .text.mutex_init
                0x10001226       0x1a CMakeFiles/Autonomous-Navigation.dir/home/divan/.pico-sdk/sdk/1.5.1/src/common/pico_sync/mutex.c.obj
                0x10001226                mutex_init
 .text.recursive_mutex_init
                0x10001240       0x1e CMakeFiles/Autonomous-Navigation.dir/home/divan/.pico-sdk/sdk/1.5.1/src/common/pico_sync/mutex.c.obj
                0x10001240                recursive_mutex_init
 *fill*         0x1000125e        0x2 
 .text.critical_section_init_with_lock_num
                0x10001260       0x14 CMakeFiles/Autonomous-Navigation.dir/home/divan/.pico-sdk/sdk/1.5.1/src/common/pico_sync/critical_section.c.obj
                0x10001260                critical_section_init_with_lock_num
 .text.critical_section_init
                0x10001274       0x14 CMakeFiles/Autonomous-Navigation.dir/home/divan/.pico-sdk/sdk/1.5.1/src/common/pico_sync/critical_section.c.obj
                0x10001274                critical_section_init
 .text.time_reached
                0x10001288       0x28 CMakeFiles/Autonomous-Navigation.dir/home/divan/.pico-sdk/sdk/1.5.1/src/common/pico_time/time.c.obj
 .text.get_entry
                0x100012b0       0x38 CMakeFiles/Autonomous-Navigation.dir/home/divan/.pico-sdk/sdk/1.5.1/src/common/pico_time/time.c.obj
 .text.timer_pool_entry_comparator
                0x100012e8       0x2e CMakeFiles/Autonomous-Navigation.dir/home/divan/.pico-sdk/sdk/1.5.1/src/common/pico_time/time.c.obj
                0x100012e8                timer_pool_entry_comparator
 *fill*         0x10001316        0x2 
 .text.update_us_since_boot
                0x10001318       0x24 CMakeFiles/Autonomous-Navigation.dir/home/divan/.pico-sdk/sdk/1.5.1/src/common/pico_time/time.c.obj
 .text.delayed_by_us
                0x1000133c       0x34 CMakeFiles/Autonomous-Navigation.dir/home/divan/.pico-sdk/sdk/1.5.1/src/common/pico_time/time.c.obj
 .text.ph_get_node
                0x10001370       0x30 CMakeFiles/Autonomous-Navigation.dir/home/divan/.pico-sdk/sdk/1.5.1/src/common/pico_time/time.c.obj
 .text.ph_contains_node
                0x100013a0       0x1e CMakeFiles/Autonomous-Navigation.dir/home/divan/.pico-sdk/sdk/1.5.1/src/common/pico_time/time.c.obj
 .text.ph_new_node
                0x100013be       0x28 CMakeFiles/Autonomous-Navigation.dir/home/divan/.pico-sdk/sdk/1.5.1/src/common/pico_time/time.c.obj
 *fill*         0x100013e6        0x2 
 .text.ph_add_child_node
                0x100013e8       0x6c CMakeFiles/Autonomous-Navigation.dir/home/divan/.pico-sdk/sdk/1.5.1/src/common/pico_time/time.c.obj
 .text.ph_merge_nodes
                0x10001454       0x3e CMakeFiles/Autonomous-Navigation.dir/home/divan/.pico-sdk/sdk/1.5.1/src/common/pico_time/time.c.obj
 *fill*         0x10001492        0x2 
 .text.ph_insert_node
                0x10001494       0x3c CMakeFiles/Autonomous-Navigation.dir/home/divan/.pico-sdk/sdk/1.5.1/src/common/pico_time/time.c.obj
 .text.ph_free_node
                0x100014d0       0x5c CMakeFiles/Autonomous-Navigation.dir/home/divan/.pico-sdk/sdk/1.5.1/src/common/pico_time/time.c.obj
 .text.get_entry_id_high
                0x1000152c       0x30 CMakeFiles/Autonomous-Navigation.dir/home/divan/.pico-sdk/sdk/1.5.1/src/common/pico_time/time.c.obj
 .text.alarm_pool_post_alloc_init
                0x1000155c       0x40 CMakeFiles/Autonomous-Navigation.dir/home/divan/.pico-sdk/sdk/1.5.1/src/common/pico_time/time.c.obj
 .text.sleep_until_callback
                0x1000159c       0x30 CMakeFiles/Autonomous-Navigation.dir/home/divan/.pico-sdk/sdk/1.5.1/src/common/pico_time/time.c.obj
 .text.get_absolute_time
                0x100015cc       0x22 CMakeFiles/Autonomous-Navigation.dir/home/divan/.pico-sdk/sdk/1.5.1/src/common/pico_time/time.c.obj
 .text.make_timeout_time_us
                0x100015ee       0x24 CMakeFiles/Autonomous-Navigation.dir/home/divan/.pico-sdk/sdk/1.5.1/src/common/pico_time/time.c.obj
 *fill*         0x10001612        0x2 
 .text.add_alarm_under_lock
                0x10001614       0x94 CMakeFiles/Autonomous-Navigation.dir/home/divan/.pico-sdk/sdk/1.5.1/src/common/pico_time/time.c.obj
 .text.alarm_pool_alarm_callback
                0x100016a8      0x210 CMakeFiles/Autonomous-Navigation.dir/home/divan/.pico-sdk/sdk/1.5.1/src/common/pico_time/time.c.obj
 .text.alarm_pool_init_default
                0x100018b8       0x40 CMakeFiles/Autonomous-Navigation.dir/home/divan/.pico-sdk/sdk/1.5.1/src/common/pico_time/time.c.obj
                0x100018b8                alarm_pool_init_default
 .text.alarm_pool_get_default
                0x100018f8       0x2c CMakeFiles/Autonomous-Navigation.dir/home/divan/.pico-sdk/sdk/1.5.1/src/common/pico_time/time.c.obj
                0x100018f8                alarm_pool_get_default
 .text.alarm_pool_add_alarm_at
                0x10001924      0x10e CMakeFiles/Autonomous-Navigation.dir/home/divan/.pico-sdk/sdk/1.5.1/src/common/pico_time/time.c.obj
                0x10001924                alarm_pool_add_alarm_at
 .text.add_alarm_at
                0x10001a32       0x2e CMakeFiles/Autonomous-Navigation.dir/home/divan/.pico-sdk/sdk/1.5.1/src/common/pico_time/time.c.obj
 .text.alarm_pool_cancel_alarm
                0x10001a60       0xa8 CMakeFiles/Autonomous-Navigation.dir/home/divan/.pico-sdk/sdk/1.5.1/src/common/pico_time/time.c.obj
                0x10001a60                alarm_pool_cancel_alarm
 .text.cancel_alarm
                0x10001b08       0x10 CMakeFiles/Autonomous-Navigation.dir/home/divan/.pico-sdk/sdk/1.5.1/src/common/pico_time/time.c.obj
 .text.alarm_pool_core_num
                0x10001b18        0x4 CMakeFiles/Autonomous-Navigation.dir/home/divan/.pico-sdk/sdk/1.5.1/src/common/pico_time/time.c.obj
                0x10001b18                alarm_pool_core_num
 .text.sleep_until
                0x10001b1c       0xb0 CMakeFiles/Autonomous-Navigation.dir/home/divan/.pico-sdk/sdk/1.5.1/src/common/pico_time/time.c.obj
                0x10001b1c                sleep_until
 .text.sleep_us
                0x10001bcc       0x1a CMakeFiles/Autonomous-Navigation.dir/home/divan/.pico-sdk/sdk/1.5.1/src/common/pico_time/time.c.obj
                0x10001bcc                sleep_us
 .text.sleep_ms
                0x10001be6       0x14 CMakeFiles/Autonomous-Navigation.dir/home/divan/.pico-sdk/sdk/1.5.1/src/common/pico_time/time.c.obj
                0x10001be6                sleep_ms
 *fill*         0x10001bfa        0x2 
 .text.best_effort_wfe_or_timeout
                0x10001bfc       0x44 CMakeFiles/Autonomous-Navigation.dir/home/divan/.pico-sdk/sdk/1.5.1/src/common/pico_time/time.c.obj
                0x10001bfc                best_effort_wfe_or_timeout
 .text.hardware_alarm_irq_handler
                0x10001c40       0x8c CMakeFiles/Autonomous-Navigation.dir/home/divan/.pico-sdk/sdk/1.5.1/src/rp2_common/hardware_timer/timer.c.obj
 .text.hardware_alarm_claim
                0x10001ccc       0x18 CMakeFiles/Autonomous-Navigation.dir/home/divan/.pico-sdk/sdk/1.5.1/src/rp2_common/hardware_timer/timer.c.obj
                0x10001ccc                hardware_alarm_claim
 .text.time_us_64
                0x10001ce4       0x18 CMakeFiles/Autonomous-Navigation.dir/home/divan/.pico-sdk/sdk/1.5.1/src/rp2_common/hardware_timer/timer.c.obj
                0x10001ce4                time_us_64
 .text.busy_wait_until
                0x10001cfc       0x28 CMakeFiles/Autonomous-Navigation.dir/home/divan/.pico-sdk/sdk/1.5.1/src/rp2_common/hardware_timer/timer.c.obj
                0x10001cfc                busy_wait_until
 .text.hardware_alarm_set_callback
                0x10001d24       0x90 CMakeFiles/Autonomous-Navigation.dir/home/divan/.pico-sdk/sdk/1.5.1/src/rp2_common/hardware_timer/timer.c.obj
                0x10001d24                hardware_alarm_set_callback
 .text.hardware_alarm_set_target
                0x10001db4       0xe8 CMakeFiles/Autonomous-Navigation.dir/home/divan/.pico-sdk/sdk/1.5.1/src/rp2_common/hardware_timer/timer.c.obj
                0x10001db4                hardware_alarm_set_target
 .text.hardware_alarm_cancel
                0x10001e9c       0x40 CMakeFiles/Autonomous-Navigation.dir/home/divan/.pico-sdk/sdk/1.5.1/src/rp2_common/hardware_timer/timer.c.obj
                0x10001e9c                hardware_alarm_cancel
 .text.ph_get_node
                0x10001edc       0x30 CMakeFiles/Autonomous-Navigation.dir/home/divan/.pico-sdk/sdk/1.5.1/src/common/pico_util/pheap.c.obj
 .text.ph_add_child_node
                0x10001f0c       0x6c CMakeFiles/Autonomous-Navigation.dir/home/divan/.pico-sdk/sdk/1.5.1/src/common/pico_util/pheap.c.obj
 .text.ph_merge_nodes
                0x10001f78       0x3e CMakeFiles/Autonomous-Navigation.dir/home/divan/.pico-sdk/sdk/1.5.1/src/common/pico_util/pheap.c.obj
 .text.ph_clear
                0x10001fb6       0x34 CMakeFiles/Autonomous-Navigation.dir/home/divan/.pico-sdk/sdk/1.5.1/src/common/pico_util/pheap.c.obj
                0x10001fb6                ph_clear
 .text.ph_post_alloc_init
                0x10001fea        0xe CMakeFiles/Autonomous-Navigation.dir/home/divan/.pico-sdk/sdk/1.5.1/src/common/pico_util/pheap.c.obj
                0x10001fea                ph_post_alloc_init
 .text.ph_merge_two_pass
                0x10001ff8       0x5c CMakeFiles/Autonomous-Navigation.dir/home/divan/.pico-sdk/sdk/1.5.1/src/common/pico_util/pheap.c.obj
                0x10001ff8                ph_merge_two_pass
 .text.ph_remove_any_head
                0x10002054       0xc0 CMakeFiles/Autonomous-Navigation.dir/home/divan/.pico-sdk/sdk/1.5.1/src/common/pico_util/pheap.c.obj
 .text.ph_remove_head
                0x10002114       0x14 CMakeFiles/Autonomous-Navigation.dir/home/divan/.pico-sdk/sdk/1.5.1/src/common/pico_util/pheap.c.obj
                0x10002114                ph_remove_head
 .text.ph_remove_and_free_node
                0x10002128       0xa0 CMakeFiles/Autonomous-Navigation.dir/home/divan/.pico-sdk/sdk/1.5.1/src/common/pico_util/pheap.c.obj
                0x10002128                ph_remove_and_free_node
 .text.clock_configure
                0x100021c8      0x108 CMakeFiles/Autonomous-Navigation.dir/home/divan/.pico-sdk/sdk/1.5.1/src/rp2_common/hardware_clocks/clocks.c.obj
                0x100021c8                clock_configure
 .text.clocks_init
                0x100022d0      0x100 CMakeFiles/Autonomous-Navigation.dir/home/divan/.pico-sdk/sdk/1.5.1/src/rp2_common/hardware_clocks/clocks.c.obj
                0x100022d0                clocks_init
 .text.clock_get_hz
                0x100023d0        0xc CMakeFiles/Autonomous-Navigation.dir/home/divan/.pico-sdk/sdk/1.5.1/src/rp2_common/hardware_clocks/clocks.c.obj
                0x100023d0                clock_get_hz
 .text.pll_init
                0x100023dc      0x120 CMakeFiles/Autonomous-Navigation.dir/home/divan/.pico-sdk/sdk/1.5.1/src/rp2_common/hardware_pll/pll.c.obj
                0x100023dc                pll_init
 .text.watchdog_start_tick
                0x100024fc       0x10 CMakeFiles/Autonomous-Navigation.dir/home/divan/.pico-sdk/sdk/1.5.1/src/rp2_common/hardware_watchdog/watchdog.c.obj
                0x100024fc                watchdog_start_tick
 .text.watchdog_update
                0x1000250c       0x14 CMakeFiles/Autonomous-Navigation.dir/home/divan/.pico-sdk/sdk/1.5.1/src/rp2_common/hardware_watchdog/watchdog.c.obj
                0x1000250c                watchdog_update
 .text._watchdog_enable
                0x10002520       0x78 CMakeFiles/Autonomous-Navigation.dir/home/divan/.pico-sdk/sdk/1.5.1/src/rp2_common/hardware_watchdog/watchdog.c.obj
                0x10002520                _watchdog_enable
 .text.watchdog_reboot
                0x10002598       0x48 CMakeFiles/Autonomous-Navigation.dir/home/divan/.pico-sdk/sdk/1.5.1/src/rp2_common/hardware_watchdog/watchdog.c.obj
                0x10002598                watchdog_reboot
 .text.xosc_init
                0x100025e0       0x28 CMakeFiles/Autonomous-Navigation.dir/home/divan/.pico-sdk/sdk/1.5.1/src/rp2_common/hardware_xosc/xosc.c.obj
                0x100025e0                xosc_init
 .text._exit    0x10002608        0x4 CMakeFiles/Autonomous-Navigation.dir/home/divan/.pico-sdk/sdk/1.5.1/src/rp2_common/pico_runtime/runtime.c.obj
                0x10002608                _exit
 .text.exit     0x1000260c        0x6 CMakeFiles/Autonomous-Navigation.dir/home/divan/.pico-sdk/sdk/1.5.1/src/rp2_common/pico_runtime/runtime.c.obj
                0x1000260c                exit
 *fill*         0x10002612        0x2 
 .text.__assert_func
                0x10002614       0x38 CMakeFiles/Autonomous-Navigation.dir/home/divan/.pico-sdk/sdk/1.5.1/src/rp2_common/pico_runtime/runtime.c.obj
                0x10002614                __assert_func
 .text.runtime_init
                0x1000264c       0xf8 CMakeFiles/Autonomous-Navigation.dir/home/divan/.pico-sdk/sdk/1.5.1/src/rp2_common/pico_runtime/runtime.c.obj
                0x1000264c                runtime_init
 .text.panic    0x10002744       0x30 CMakeFiles/Autonomous-Navigation.dir/home/divan/.pico-sdk/sdk/1.5.1/src/rp2_common/pico_runtime/runtime.c.obj
                0x10002744                panic
 .text.panic_unsupported
                0x10002774        0xc CMakeFiles/Autonomous-Navigation.dir/home/divan/.pico-sdk/sdk/1.5.1/src/rp2_common/pico_runtime/runtime.c.obj
                0x10002774                panic_unsupported
 .text._out_null
                0x10002780        0x2 CMakeFiles/Autonomous-Navigation.dir/home/divan/.pico-sdk/sdk/1.5.1/src/rp2_common/pico_printf/printf.c.obj
 .text._out_fct
                0x10002782        0xe CMakeFiles/Autonomous-Navigation.dir/home/divan/.pico-sdk/sdk/1.5.1/src/rp2_common/pico_printf/printf.c.obj
 .text._atoi    0x10002790       0x24 CMakeFiles/Autonomous-Navigation.dir/home/divan/.pico-sdk/sdk/1.5.1/src/rp2_common/pico_printf/printf.c.obj
 .text._out_rev
                0x100027b4       0xae CMakeFiles/Autonomous-Navigation.dir/home/divan/.pico-sdk/sdk/1.5.1/src/rp2_common/pico_printf/printf.c.obj
 .text._ntoa_format
                0x10002862      0x110 CMakeFiles/Autonomous-Navigation.dir/home/divan/.pico-sdk/sdk/1.5.1/src/rp2_common/pico_printf/printf.c.obj
 .text._ntoa_long
                0x10002972       0xbc CMakeFiles/Autonomous-Navigation.dir/home/divan/.pico-sdk/sdk/1.5.1/src/rp2_common/pico_printf/printf.c.obj
 .text._ntoa_long_long
                0x10002a2e      0x10e CMakeFiles/Autonomous-Navigation.dir/home/divan/.pico-sdk/sdk/1.5.1/src/rp2_common/pico_printf/printf.c.obj
 .text._etoa    0x10002b3c      0x420 CMakeFiles/Autonomous-Navigation.dir/home/divan/.pico-sdk/sdk/1.5.1/src/rp2_common/pico_printf/printf.c.obj
 .text._ftoa    0x10002f5c      0x354 CMakeFiles/Autonomous-Navigation.dir/home/divan/.pico-sdk/sdk/1.5.1/src/rp2_common/pico_printf/printf.c.obj
 .text._vsnprintf
                0x100032b0      0x668 CMakeFiles/Autonomous-Navigation.dir/home/divan/.pico-sdk/sdk/1.5.1/src/rp2_common/pico_printf/printf.c.obj
 .text.vfctprintf
                0x10003918       0x20 CMakeFiles/Autonomous-Navigation.dir/home/divan/.pico-sdk/sdk/1.5.1/src/rp2_common/pico_printf/printf.c.obj
                0x10003918                vfctprintf
 .text          0x10003938       0x10 CMakeFiles/Autonomous-Navigation.dir/home/divan/.pico-sdk/sdk/1.5.1/src/rp2_common/pico_bit_ops/bit_ops_aeabi.S.obj
 .text.ctzsi    0x10003948        0xc CMakeFiles/Autonomous-Navigation.dir/home/divan/.pico-sdk/sdk/1.5.1/src/rp2_common/pico_bit_ops/bit_ops_aeabi.S.obj
                0x10003948                __wrap___ctzsi2
 .text.rom_func_lookup
                0x10003954       0x10 CMakeFiles/Autonomous-Navigation.dir/home/divan/.pico-sdk/sdk/1.5.1/src/rp2_common/pico_bootrom/bootrom.c.obj
                0x10003954                rom_func_lookup
 .text.rom_data_lookup
                0x10003964       0x10 CMakeFiles/Autonomous-Navigation.dir/home/divan/.pico-sdk/sdk/1.5.1/src/rp2_common/pico_bootrom/bootrom.c.obj
                0x10003964                rom_data_lookup
 .text.rom_funcs_lookup
                0x10003974       0x36 CMakeFiles/Autonomous-Navigation.dir/home/divan/.pico-sdk/sdk/1.5.1/src/rp2_common/pico_bootrom/bootrom.c.obj
                0x10003974                rom_funcs_lookup
 *fill*         0x100039aa        0x2 
 .text.__wrap___aeabi_idiv
                0x100039ac       0x50 CMakeFiles/Autonomous-Navigation.dir/home/divan/.pico-sdk/sdk/1.5.1/src/rp2_common/pico_divider/divider.S.obj
                0x100039ac                __wrap___aeabi_idivmod
                0x100039ac                divmod_s32s32
                0x100039ac                div_s32s32
                0x100039ac                __wrap___aeabi_idiv
                0x100039b4                divmod_s32s32_unsafe
                0x100039e0                divmod_s32s32_savestate
 .text.__wrap___aeabi_uidiv
                0x100039fc       0x4c CMakeFiles/Autonomous-Navigation.dir/home/divan/.pico-sdk/sdk/1.5.1/src/rp2_common/pico_divider/divider.S.obj
                0x100039fc                __wrap___aeabi_uidiv
                0x100039fc                __wrap___aeabi_uidivmod
                0x100039fc                div_u32u32
                0x100039fc                divmod_u32u32
                0x10003a04                divmod_u32u32_unsafe
                0x10003a2c                divmod_u32u32_savestate
 .text.__wrap___aeabi_ldiv
                0x10003a48      0x424 CMakeFiles/Autonomous-Navigation.dir/home/divan/.pico-sdk/sdk/1.5.1/src/rp2_common/pico_divider/divider.S.obj
                0x10003a48                div_s64s64
                0x10003a48                divmod_s64s64
                0x10003a48                __wrap___aeabi_ldivmod
                0x10003a78                div_u64u64
                0x10003a78                divmod_u64u64
                0x10003a78                __wrap___aeabi_uldivmod
                0x10003a88                divmod_u64u64_savestate
                0x10003aa8                divmod_s64s64_unsafe
                0x10003b30                divmod_u64u64_unsafe
 .text.__wrap___aeabi_darithmetic
                0x10003e6c       0x60 CMakeFiles/Autonomous-Navigation.dir/home/divan/.pico-sdk/sdk/1.5.1/src/rp2_common/pico_double/double_aeabi.S.obj
                0x10003e6c                __wrap___aeabi_drsub
                0x10003e72                __wrap___aeabi_dsub
                0x10003e7c                __wrap___aeabi_dadd
                0x10003e86                __wrap___aeabi_ddiv
                0x10003eba                __wrap___aeabi_dmul
 .text.__wrap___aeabi_cdcmple
                0x10003ecc       0x6c CMakeFiles/Autonomous-Navigation.dir/home/divan/.pico-sdk/sdk/1.5.1/src/rp2_common/pico_double/double_aeabi.S.obj
                0x10003ecc                __wrap___aeabi_cdrcmple
                0x10003edc                __wrap___aeabi_cdcmple
                0x10003edc                __wrap___aeabi_cdcmpeq
 .text.__wrap___aeabi_dcmplt
                0x10003f38        0xc CMakeFiles/Autonomous-Navigation.dir/home/divan/.pico-sdk/sdk/1.5.1/src/rp2_common/pico_double/double_aeabi.S.obj
                0x10003f38                __wrap___aeabi_dcmplt
 .text.__wrap___aeabi_dcmple
                0x10003f44       0x10 CMakeFiles/Autonomous-Navigation.dir/home/divan/.pico-sdk/sdk/1.5.1/src/rp2_common/pico_double/double_aeabi.S.obj
                0x10003f44                __wrap___aeabi_dcmple
 .text.__wrap___aeabi_dcmpge
                0x10003f54       0x10 CMakeFiles/Autonomous-Navigation.dir/home/divan/.pico-sdk/sdk/1.5.1/src/rp2_common/pico_double/double_aeabi.S.obj
                0x10003f54                __wrap___aeabi_dcmpge
 .text.__wrap___aeabi_dcmpgt
                0x10003f64        0xa CMakeFiles/Autonomous-Navigation.dir/home/divan/.pico-sdk/sdk/1.5.1/src/rp2_common/pico_double/double_aeabi.S.obj
                0x10003f64                __wrap___aeabi_dcmpgt
 .text.__wrap___aeabi_dcmpun
                0x10003f6e       0x1c CMakeFiles/Autonomous-Navigation.dir/home/divan/.pico-sdk/sdk/1.5.1/src/rp2_common/pico_double/double_aeabi.S.obj
                0x10003f6e                __wrap___aeabi_dcmpun
 *fill*         0x10003f8a        0x2 
 .text.__wrap___aeabi_i2d
                0x10003f8c       0x38 CMakeFiles/Autonomous-Navigation.dir/home/divan/.pico-sdk/sdk/1.5.1/src/rp2_common/pico_double/double_aeabi.S.obj
                0x10003f8c                __wrap___aeabi_ui2d
                0x10003f94                __wrap___aeabi_i2d
 .text.__wrap___aeabi_d2iz
                0x10003fc4       0x48 CMakeFiles/Autonomous-Navigation.dir/home/divan/.pico-sdk/sdk/1.5.1/src/rp2_common/pico_double/double_aeabi.S.obj
                0x10003fc4                __wrap___aeabi_d2iz
                0x10003fc4                double2int_z
 .text.__wrap___aeabi_d2uiz
                0x1000400c       0x10 CMakeFiles/Autonomous-Navigation.dir/home/divan/.pico-sdk/sdk/1.5.1/src/rp2_common/pico_double/double_aeabi.S.obj
                0x1000400c                double2uint
                0x1000400c                __wrap___aeabi_d2uiz
 .text.__wrap___aeabi_l2d
                0x1000401c       0x10 CMakeFiles/Autonomous-Navigation.dir/home/divan/.pico-sdk/sdk/1.5.1/src/rp2_common/pico_double/double_aeabi.S.obj
                0x1000401c                __wrap___aeabi_l2d
 .text.__wrap___aeabi_d2f
                0x1000402c       0x10 CMakeFiles/Autonomous-Navigation.dir/home/divan/.pico-sdk/sdk/1.5.1/src/rp2_common/pico_double/double_aeabi.S.obj
                0x1000402c                __wrap___aeabi_d2f
 .text.missing_double_func_shim
                0x1000403c        0xc CMakeFiles/Autonomous-Navigation.dir/home/divan/.pico-sdk/sdk/1.5.1/src/rp2_common/pico_double/double_init_rom.c.obj
 .text.__aeabi_double_init
                0x10004048       0xd0 CMakeFiles/Autonomous-Navigation.dir/home/divan/.pico-sdk/sdk/1.5.1/src/rp2_common/pico_double/double_init_rom.c.obj
                0x10004048                __aeabi_double_init
 .text.double_table_shim_on_use_helper
                0x10004118       0x34 CMakeFiles/Autonomous-Navigation.dir/home/divan/.pico-sdk/sdk/1.5.1/src/rp2_common/pico_double/double_v1_rom_shim.S.obj
                0x10004118                double_table_shim_on_use_helper
 .text.__aeabi_lmul
                0x1000414c       0x32 CMakeFiles/Autonomous-Navigation.dir/home/divan/.pico-sdk/sdk/1.5.1/src/rp2_common/pico_int64_ops/pico_int64_ops_aeabi.S.obj
                0x1000414c                __wrap___aeabi_lmul
 *fill*         0x1000417e        0x2 
 .text.__wrap___aeabi_cfcmple
                0x10004180       0x50 CMakeFiles/Autonomous-Navigation.dir/home/divan/.pico-sdk/sdk/1.5.1/src/rp2_common/pico_float/float_aeabi.S.obj
                0x10004180                __wrap___aeabi_cfrcmple
                0x1000418c                __wrap___aeabi_cfcmpeq
                0x1000418c                __wrap___aeabi_cfcmple
 .text.__wrap___aeabi_fcmplt
                0x100041d0        0xc CMakeFiles/Autonomous-Navigation.dir/home/divan/.pico-sdk/sdk/1.5.1/src/rp2_common/pico_float/float_aeabi.S.obj
                0x100041d0                __wrap___aeabi_fcmplt
 .text.__wrap___aeabi_fcmpge
                0x100041dc       0x10 CMakeFiles/Autonomous-Navigation.dir/home/divan/.pico-sdk/sdk/1.5.1/src/rp2_common/pico_float/float_aeabi.S.obj
                0x100041dc                __wrap___aeabi_fcmpge
 .text.__wrap___aeabi_f2d
                0x100041ec        0xc CMakeFiles/Autonomous-Navigation.dir/home/divan/.pico-sdk/sdk/1.5.1/src/rp2_common/pico_float/float_aeabi.S.obj
                0x100041ec                __wrap___aeabi_f2d
 .text.missing_float_func_shim
                0x100041f8        0xc CMakeFiles/Autonomous-Navigation.dir/home/divan/.pico-sdk/sdk/1.5.1/src/rp2_common/pico_float/float_init_rom.c.obj
 .text.__aeabi_float_init
                0x10004204       0x88 CMakeFiles/Autonomous-Navigation.dir/home/divan/.pico-sdk/sdk/1.5.1/src/rp2_common/pico_float/float_init_rom.c.obj
                0x10004204                __aeabi_float_init
 .text          0x1000428c       0x10 CMakeFiles/Autonomous-Navigation.dir/home/divan/.pico-sdk/sdk/1.5.1/src/rp2_common/pico_mem_ops/mem_ops_aeabi.S.obj
                0x1000428c                __aeabi_mem_init
 .text.memset   0x1000429c        0xc CMakeFiles/Autonomous-Navigation.dir/home/divan/.pico-sdk/sdk/1.5.1/src/rp2_common/pico_mem_ops/mem_ops_aeabi.S.obj
                0x1000429c                __wrap_memset
 .text.memcpy   0x100042a8        0xc CMakeFiles/Autonomous-Navigation.dir/home/divan/.pico-sdk/sdk/1.5.1/src/rp2_common/pico_mem_ops/mem_ops_aeabi.S.obj
                0x100042a8                __wrap___aeabi_memcpy
                0x100042a8                __wrap_memcpy
 .text.stdio_out_chars_no_crlf
                0x100042b4        0xe CMakeFiles/Autonomous-Navigation.dir/home/divan/.pico-sdk/sdk/1.5.1/src/rp2_common/pico_stdio/stdio.c.obj
 *fill*         0x100042c2        0x2 
 .text.stdio_out_chars_crlf
                0x100042c4       0x80 CMakeFiles/Autonomous-Navigation.dir/home/divan/.pico-sdk/sdk/1.5.1/src/rp2_common/pico_stdio/stdio.c.obj
 .text.stdio_stack_buffer_flush
                0x10004344       0x44 CMakeFiles/Autonomous-Navigation.dir/home/divan/.pico-sdk/sdk/1.5.1/src/rp2_common/pico_stdio/stdio.c.obj
 .text.stdio_buffered_printer
                0x10004388       0x20 CMakeFiles/Autonomous-Navigation.dir/home/divan/.pico-sdk/sdk/1.5.1/src/rp2_common/pico_stdio/stdio.c.obj
 .text.update_us_since_boot
                0x100043a8       0x24 CMakeFiles/Autonomous-Navigation.dir/home/divan/.pico-sdk/sdk/1.5.1/src/rp2_common/pico_stdio/stdio.c.obj
 .text.get_absolute_time
                0x100043cc       0x22 CMakeFiles/Autonomous-Navigation.dir/home/divan/.pico-sdk/sdk/1.5.1/src/rp2_common/pico_stdio/stdio.c.obj
 *fill*         0x100043ee        0x2 
 .text.delayed_by_ms
                0x100043f0       0x44 CMakeFiles/Autonomous-Navigation.dir/home/divan/.pico-sdk/sdk/1.5.1/src/rp2_common/pico_stdio/stdio.c.obj
 .text.make_timeout_time_ms
                0x10004434       0x20 CMakeFiles/Autonomous-Navigation.dir/home/divan/.pico-sdk/sdk/1.5.1/src/rp2_common/pico_stdio/stdio.c.obj
 .text.stdout_serialize_begin
                0x10004454       0x20 CMakeFiles/Autonomous-Navigation.dir/home/divan/.pico-sdk/sdk/1.5.1/src/rp2_common/pico_stdio/stdio.c.obj
                0x10004454                stdout_serialize_begin
 .text.stdout_serialize_end
                0x10004474       0x10 CMakeFiles/Autonomous-Navigation.dir/home/divan/.pico-sdk/sdk/1.5.1/src/rp2_common/pico_stdio/stdio.c.obj
                0x10004474                stdout_serialize_end
 .text.stdio_put_string
                0x10004484       0x98 CMakeFiles/Autonomous-Navigation.dir/home/divan/.pico-sdk/sdk/1.5.1/src/rp2_common/pico_stdio/stdio.c.obj
 .text.stdio_set_driver_enabled
                0x1000451c       0x2c CMakeFiles/Autonomous-Navigation.dir/home/divan/.pico-sdk/sdk/1.5.1/src/rp2_common/pico_stdio/stdio.c.obj
                0x1000451c                stdio_set_driver_enabled
 .text.stdio_flush
                0x10004548       0x20 CMakeFiles/Autonomous-Navigation.dir/home/divan/.pico-sdk/sdk/1.5.1/src/rp2_common/pico_stdio/stdio.c.obj
                0x10004548                stdio_flush
 .text.__wrap_puts
                0x10004568       0x1e CMakeFiles/Autonomous-Navigation.dir/home/divan/.pico-sdk/sdk/1.5.1/src/rp2_common/pico_stdio/stdio.c.obj
                0x10004568                __wrap_puts
 *fill*         0x10004586        0x2 
 .text.__wrap_vprintf
                0x10004588       0x40 CMakeFiles/Autonomous-Navigation.dir/home/divan/.pico-sdk/sdk/1.5.1/src/rp2_common/pico_stdio/stdio.c.obj
                0x10004588                __wrap_vprintf
 .text.__wrap_printf
                0x100045c8       0x18 CMakeFiles/Autonomous-Navigation.dir/home/divan/.pico-sdk/sdk/1.5.1/src/rp2_common/pico_stdio/stdio.c.obj
                0x100045c8                __wrap_printf
 .text.stdio_init_all
                0x100045e0        0x8 CMakeFiles/Autonomous-Navigation.dir/home/divan/.pico-sdk/sdk/1.5.1/src/rp2_common/pico_stdio/stdio.c.obj
                0x100045e0                stdio_init_all
 .text.resetd_init
                0x100045e8        0x2 CMakeFiles/Autonomous-Navigation.dir/home/divan/.pico-sdk/sdk/1.5.1/src/rp2_common/pico_stdio_usb/reset_interface.c.obj
 *fill*         0x100045ea        0x2 
 .text.resetd_reset
                0x100045ec        0xc CMakeFiles/Autonomous-Navigation.dir/home/divan/.pico-sdk/sdk/1.5.1/src/rp2_common/pico_stdio_usb/reset_interface.c.obj
 .text.resetd_open
                0x100045f8       0x34 CMakeFiles/Autonomous-Navigation.dir/home/divan/.pico-sdk/sdk/1.5.1/src/rp2_common/pico_stdio_usb/reset_interface.c.obj
 .text.resetd_xfer_cb
                0x1000462c        0x4 CMakeFiles/Autonomous-Navigation.dir/home/divan/.pico-sdk/sdk/1.5.1/src/rp2_common/pico_stdio_usb/reset_interface.c.obj
 .text.reset_usb_boot
                0x10004630       0x18 CMakeFiles/Autonomous-Navigation.dir/home/divan/.pico-sdk/sdk/1.5.1/src/rp2_common/pico_stdio_usb/reset_interface.c.obj
 .text.resetd_control_xfer_cb
                0x10004648       0x5c CMakeFiles/Autonomous-Navigation.dir/home/divan/.pico-sdk/sdk/1.5.1/src/rp2_common/pico_stdio_usb/reset_interface.c.obj
 .text.usbd_app_driver_get_cb
                0x100046a4        0xc CMakeFiles/Autonomous-Navigation.dir/home/divan/.pico-sdk/sdk/1.5.1/src/rp2_common/pico_stdio_usb/reset_interface.c.obj
                0x100046a4                usbd_app_driver_get_cb
 .text.tud_cdc_line_coding_cb
                0x100046b0       0x28 CMakeFiles/Autonomous-Navigation.dir/home/divan/.pico-sdk/sdk/1.5.1/src/rp2_common/pico_stdio_usb/reset_interface.c.obj
                0x100046b0                tud_cdc_line_coding_cb
 .text.stdio_usb_set_chars_available_callback
                0x100046d8       0x14 CMakeFiles/Autonomous-Navigation.dir/home/divan/.pico-sdk/sdk/1.5.1/src/rp2_common/pico_stdio_usb/stdio_usb.c.obj
                0x100046d8                stdio_usb_set_chars_available_callback
 .text.update_us_since_boot
                0x100046ec       0x24 CMakeFiles/Autonomous-Navigation.dir/home/divan/.pico-sdk/sdk/1.5.1/src/rp2_common/pico_stdio_usb/stdio_usb.c.obj
 .text.get_absolute_time
                0x10004710       0x22 CMakeFiles/Autonomous-Navigation.dir/home/divan/.pico-sdk/sdk/1.5.1/src/rp2_common/pico_stdio_usb/stdio_usb.c.obj
 *fill*         0x10004732        0x2 
 .text.delayed_by_ms
                0x10004734       0x44 CMakeFiles/Autonomous-Navigation.dir/home/divan/.pico-sdk/sdk/1.5.1/src/rp2_common/pico_stdio_usb/stdio_usb.c.obj
 .text.make_timeout_time_ms
                0x10004778       0x20 CMakeFiles/Autonomous-Navigation.dir/home/divan/.pico-sdk/sdk/1.5.1/src/rp2_common/pico_stdio_usb/stdio_usb.c.obj
 .text.delayed_by_us
                0x10004798       0x34 CMakeFiles/Autonomous-Navigation.dir/home/divan/.pico-sdk/sdk/1.5.1/src/rp2_common/pico_stdio_usb/stdio_usb.c.obj
 .text.usb_irq  0x100047cc       0x10 CMakeFiles/Autonomous-Navigation.dir/home/divan/.pico-sdk/sdk/1.5.1/src/rp2_common/pico_stdio_usb/stdio_usb.c.obj
 .text.critical_section_enter_blocking
                0x100047dc       0x16 CMakeFiles/Autonomous-Navigation.dir/home/divan/.pico-sdk/sdk/1.5.1/src/rp2_common/pico_stdio_usb/stdio_usb.c.obj
 *fill*         0x100047f2        0x2 
 .text.timer_task
                0x100047f4       0x4c CMakeFiles/Autonomous-Navigation.dir/home/divan/.pico-sdk/sdk/1.5.1/src/rp2_common/pico_stdio_usb/stdio_usb.c.obj
 .text.alarm_pool_add_alarm_in_us
                0x10004840       0x3a CMakeFiles/Autonomous-Navigation.dir/home/divan/.pico-sdk/sdk/1.5.1/src/rp2_common/pico_stdio_usb/stdio_usb.c.obj
 .text.add_alarm_in_us
                0x1000487a       0x2e CMakeFiles/Autonomous-Navigation.dir/home/divan/.pico-sdk/sdk/1.5.1/src/rp2_common/pico_stdio_usb/stdio_usb.c.obj
 .text.low_priority_worker_irq
                0x100048a8       0x7c CMakeFiles/Autonomous-Navigation.dir/home/divan/.pico-sdk/sdk/1.5.1/src/rp2_common/pico_stdio_usb/stdio_usb.c.obj
 .text.tud_cdc_rx_cb
                0x10004924       0x20 CMakeFiles/Autonomous-Navigation.dir/home/divan/.pico-sdk/sdk/1.5.1/src/rp2_common/pico_stdio_usb/stdio_usb.c.obj
                0x10004924                tud_cdc_rx_cb
 .text.stdio_usb_init
                0x10004944       0xd0 CMakeFiles/Autonomous-Navigation.dir/home/divan/.pico-sdk/sdk/1.5.1/src/rp2_common/pico_stdio_usb/stdio_usb.c.obj
                0x10004944                stdio_usb_init
 .text.stdio_usb_connected
                0x10004a14        0xa CMakeFiles/Autonomous-Navigation.dir/home/divan/.pico-sdk/sdk/1.5.1/src/rp2_common/pico_stdio_usb/stdio_usb.c.obj
                0x10004a14                stdio_usb_connected
 *fill*         0x10004a1e        0x2 
 .text.stdio_usb_in_chars
                0x10004a20       0x88 CMakeFiles/Autonomous-Navigation.dir/home/divan/.pico-sdk/sdk/1.5.1/src/rp2_common/pico_stdio_usb/stdio_usb.c.obj
                0x10004a20                stdio_usb_in_chars
 .text.stdio_usb_out_chars
                0x10004aa8       0xd8 CMakeFiles/Autonomous-Navigation.dir/home/divan/.pico-sdk/sdk/1.5.1/src/rp2_common/pico_stdio_usb/stdio_usb.c.obj
 .text.tud_descriptor_device_cb
                0x10004b80        0x8 CMakeFiles/Autonomous-Navigation.dir/home/divan/.pico-sdk/sdk/1.5.1/src/rp2_common/pico_stdio_usb/stdio_usb_descriptors.c.obj
                0x10004b80                tud_descriptor_device_cb
 .text.tud_descriptor_configuration_cb
                0x10004b88        0x8 CMakeFiles/Autonomous-Navigation.dir/home/divan/.pico-sdk/sdk/1.5.1/src/rp2_common/pico_stdio_usb/stdio_usb_descriptors.c.obj
                0x10004b88                tud_descriptor_configuration_cb
 .text.tud_descriptor_string_cb
                0x10004b90       0x6c CMakeFiles/Autonomous-Navigation.dir/home/divan/.pico-sdk/sdk/1.5.1/src/rp2_common/pico_stdio_usb/stdio_usb_descriptors.c.obj
                0x10004b90                tud_descriptor_string_cb
 .text._retrieve_unique_id_on_boot
                0x10004bfc       0x10 CMakeFiles/Autonomous-Navigation.dir/home/divan/.pico-sdk/sdk/1.5.1/src/rp2_common/pico_unique_id/unique_id.c.obj
 .text.pico_get_unique_board_id
                0x10004c0c       0x10 CMakeFiles/Autonomous-Navigation.dir/home/divan/.pico-sdk/sdk/1.5.1/src/rp2_common/pico_unique_id/unique_id.c.obj
                0x10004c0c                pico_get_unique_board_id
 .text.pico_get_unique_board_id_string
                0x10004c1c       0x5c CMakeFiles/Autonomous-Navigation.dir/home/divan/.pico-sdk/sdk/1.5.1/src/rp2_common/pico_unique_id/unique_id.c.obj
                0x10004c1c                pico_get_unique_board_id_string
 .text.flash_get_unique_id
                0x10004c78       0x40 CMakeFiles/Autonomous-Navigation.dir/home/divan/.pico-sdk/sdk/1.5.1/src/rp2_common/hardware_flash/flash.c.obj
                0x10004c78                flash_get_unique_id
 .text.hw_endpoint_get_by_addr
                0x10004cb8       0x18 CMakeFiles/Autonomous-Navigation.dir/home/divan/.pico-sdk/sdk/1.5.1/lib/tinyusb/src/portable/raspberrypi/rp2040/dcd_rp2040.c.obj
 .text._hw_endpoint_alloc
                0x10004cd0       0x70 CMakeFiles/Autonomous-Navigation.dir/home/divan/.pico-sdk/sdk/1.5.1/lib/tinyusb/src/portable/raspberrypi/rp2040/dcd_rp2040.c.obj
 .text.hw_endpoint_init
                0x10004d40       0x88 CMakeFiles/Autonomous-Navigation.dir/home/divan/.pico-sdk/sdk/1.5.1/lib/tinyusb/src/portable/raspberrypi/rp2040/dcd_rp2040.c.obj
 .text.dcd_event_sof
                0x10004dc8       0x2c CMakeFiles/Autonomous-Navigation.dir/home/divan/.pico-sdk/sdk/1.5.1/lib/tinyusb/src/portable/raspberrypi/rp2040/dcd_rp2040.c.obj
 .text.hw_endpoint_xfer
                0x10004df4       0x14 CMakeFiles/Autonomous-Navigation.dir/home/divan/.pico-sdk/sdk/1.5.1/lib/tinyusb/src/portable/raspberrypi/rp2040/dcd_rp2040.c.obj
 .text.dcd_int_enable
                0x10004e08       0x2c CMakeFiles/Autonomous-Navigation.dir/home/divan/.pico-sdk/sdk/1.5.1/lib/tinyusb/src/portable/raspberrypi/rp2040/dcd_rp2040.c.obj
                0x10004e08                dcd_int_enable
 .text.dcd_set_address
                0x10004e34       0x2c CMakeFiles/Autonomous-Navigation.dir/home/divan/.pico-sdk/sdk/1.5.1/lib/tinyusb/src/portable/raspberrypi/rp2040/dcd_rp2040.c.obj
                0x10004e34                dcd_set_address
 .text.dcd_connect
                0x10004e60       0x10 CMakeFiles/Autonomous-Navigation.dir/home/divan/.pico-sdk/sdk/1.5.1/lib/tinyusb/src/portable/raspberrypi/rp2040/dcd_rp2040.c.obj
                0x10004e60                dcd_connect
 .text.dcd_init
                0x10004e70       0x80 CMakeFiles/Autonomous-Navigation.dir/home/divan/.pico-sdk/sdk/1.5.1/lib/tinyusb/src/portable/raspberrypi/rp2040/dcd_rp2040.c.obj
                0x10004e70                dcd_init
 .text.dcd_edpt0_status_complete
                0x10004ef0       0x1c CMakeFiles/Autonomous-Navigation.dir/home/divan/.pico-sdk/sdk/1.5.1/lib/tinyusb/src/portable/raspberrypi/rp2040/dcd_rp2040.c.obj
                0x10004ef0                dcd_edpt0_status_complete
 .text.dcd_edpt_open
                0x10004f0c       0x40 CMakeFiles/Autonomous-Navigation.dir/home/divan/.pico-sdk/sdk/1.5.1/lib/tinyusb/src/portable/raspberrypi/rp2040/dcd_rp2040.c.obj
                0x10004f0c                dcd_edpt_open
 .text.dcd_edpt_close_all
                0x10004f4c        0x8 CMakeFiles/Autonomous-Navigation.dir/home/divan/.pico-sdk/sdk/1.5.1/lib/tinyusb/src/portable/raspberrypi/rp2040/dcd_rp2040.c.obj
                0x10004f4c                dcd_edpt_close_all
 .text.dcd_edpt_xfer
                0x10004f54       0x34 CMakeFiles/Autonomous-Navigation.dir/home/divan/.pico-sdk/sdk/1.5.1/lib/tinyusb/src/portable/raspberrypi/rp2040/dcd_rp2040.c.obj
                0x10004f54                dcd_edpt_xfer
 .text.dcd_edpt_stall
                0x10004f88       0x2c CMakeFiles/Autonomous-Navigation.dir/home/divan/.pico-sdk/sdk/1.5.1/lib/tinyusb/src/portable/raspberrypi/rp2040/dcd_rp2040.c.obj
                0x10004f88                dcd_edpt_stall
 .text.dcd_edpt_clear_stall
                0x10004fb4       0x20 CMakeFiles/Autonomous-Navigation.dir/home/divan/.pico-sdk/sdk/1.5.1/lib/tinyusb/src/portable/raspberrypi/rp2040/dcd_rp2040.c.obj
                0x10004fb4                dcd_edpt_clear_stall
 .text.rp2040_usb_init
                0x10004fd4       0x4c CMakeFiles/Autonomous-Navigation.dir/home/divan/.pico-sdk/sdk/1.5.1/lib/tinyusb/src/portable/raspberrypi/rp2040/rp2040_usb.c.obj
                0x10004fd4                rp2040_usb_init
 .text.hw_endpoint_xfer_start
                0x10005020       0x50 CMakeFiles/Autonomous-Navigation.dir/home/divan/.pico-sdk/sdk/1.5.1/lib/tinyusb/src/portable/raspberrypi/rp2040/rp2040_usb.c.obj
                0x10005020                hw_endpoint_xfer_start
 .text.configuration_reset
                0x10005070       0x84 CMakeFiles/Autonomous-Navigation.dir/home/divan/.pico-sdk/sdk/1.5.1/lib/tinyusb/src/device/usbd.c.obj
 .text.critical_section_enter_blocking
                0x100050f4       0x16 CMakeFiles/Autonomous-Navigation.dir/home/divan/.pico-sdk/sdk/1.5.1/lib/tinyusb/src/device/usbd.c.obj
 .text.usbd_reset
                0x1000510a        0xc CMakeFiles/Autonomous-Navigation.dir/home/divan/.pico-sdk/sdk/1.5.1/lib/tinyusb/src/device/usbd.c.obj
 .text.invoke_class_control
                0x10005116       0x1a CMakeFiles/Autonomous-Navigation.dir/home/divan/.pico-sdk/sdk/1.5.1/lib/tinyusb/src/device/usbd.c.obj
 .text.process_set_config
                0x10005130      0x178 CMakeFiles/Autonomous-Navigation.dir/home/divan/.pico-sdk/sdk/1.5.1/lib/tinyusb/src/device/usbd.c.obj
 .text.process_get_descriptor
                0x100052a8       0xdc CMakeFiles/Autonomous-Navigation.dir/home/divan/.pico-sdk/sdk/1.5.1/lib/tinyusb/src/device/usbd.c.obj
 .text.tud_mounted
                0x10005384       0x10 CMakeFiles/Autonomous-Navigation.dir/home/divan/.pico-sdk/sdk/1.5.1/lib/tinyusb/src/device/usbd.c.obj
                0x10005384                tud_mounted
 .text.tud_suspended
                0x10005394       0x10 CMakeFiles/Autonomous-Navigation.dir/home/divan/.pico-sdk/sdk/1.5.1/lib/tinyusb/src/device/usbd.c.obj
                0x10005394                tud_suspended
 .text.tud_inited
                0x100053a4       0x14 CMakeFiles/Autonomous-Navigation.dir/home/divan/.pico-sdk/sdk/1.5.1/lib/tinyusb/src/device/usbd.c.obj
                0x100053a4                tud_inited
 .text.tud_init
                0x100053b8       0xcc CMakeFiles/Autonomous-Navigation.dir/home/divan/.pico-sdk/sdk/1.5.1/lib/tinyusb/src/device/usbd.c.obj
                0x100053b8                tud_init
 .text.usbd_defer_func
                0x10005484       0x2a CMakeFiles/Autonomous-Navigation.dir/home/divan/.pico-sdk/sdk/1.5.1/lib/tinyusb/src/device/usbd.c.obj
                0x10005484                usbd_defer_func
 *fill*         0x100054ae        0x2 
 .text.usbd_edpt_open
                0x100054b0       0x34 CMakeFiles/Autonomous-Navigation.dir/home/divan/.pico-sdk/sdk/1.5.1/lib/tinyusb/src/device/usbd.c.obj
                0x100054b0                usbd_edpt_open
 .text.usbd_open_edpt_pair
                0x100054e4       0x62 CMakeFiles/Autonomous-Navigation.dir/home/divan/.pico-sdk/sdk/1.5.1/lib/tinyusb/src/device/usbd.c.obj
                0x100054e4                usbd_open_edpt_pair
 *fill*         0x10005546        0x2 
 .text.usbd_edpt_claim
                0x10005548       0x28 CMakeFiles/Autonomous-Navigation.dir/home/divan/.pico-sdk/sdk/1.5.1/lib/tinyusb/src/device/usbd.c.obj
                0x10005548                usbd_edpt_claim
 .text.usbd_edpt_release
                0x10005570       0x28 CMakeFiles/Autonomous-Navigation.dir/home/divan/.pico-sdk/sdk/1.5.1/lib/tinyusb/src/device/usbd.c.obj
                0x10005570                usbd_edpt_release
 .text.usbd_edpt_xfer
                0x10005598       0x78 CMakeFiles/Autonomous-Navigation.dir/home/divan/.pico-sdk/sdk/1.5.1/lib/tinyusb/src/device/usbd.c.obj
                0x10005598                usbd_edpt_xfer
 .text.usbd_edpt_stall
                0x10005610       0x48 CMakeFiles/Autonomous-Navigation.dir/home/divan/.pico-sdk/sdk/1.5.1/lib/tinyusb/src/device/usbd.c.obj
                0x10005610                usbd_edpt_stall
 .text.usbd_edpt_clear_stall
                0x10005658       0x48 CMakeFiles/Autonomous-Navigation.dir/home/divan/.pico-sdk/sdk/1.5.1/lib/tinyusb/src/device/usbd.c.obj
                0x10005658                usbd_edpt_clear_stall
 .text.usbd_edpt_stalled
                0x100056a0       0x1c CMakeFiles/Autonomous-Navigation.dir/home/divan/.pico-sdk/sdk/1.5.1/lib/tinyusb/src/device/usbd.c.obj
                0x100056a0                usbd_edpt_stalled
 .text.process_control_request
                0x100056bc      0x374 CMakeFiles/Autonomous-Navigation.dir/home/divan/.pico-sdk/sdk/1.5.1/lib/tinyusb/src/device/usbd.c.obj
 .text.tud_task_ext
                0x10005a30      0x1a8 CMakeFiles/Autonomous-Navigation.dir/home/divan/.pico-sdk/sdk/1.5.1/lib/tinyusb/src/device/usbd.c.obj
                0x10005a30                tud_task_ext
 .text._status_stage_xact
                0x10005bd8       0x1a CMakeFiles/Autonomous-Navigation.dir/home/divan/.pico-sdk/sdk/1.5.1/lib/tinyusb/src/device/usbd_control.c.obj
 *fill*         0x10005bf2        0x2 
 .text._data_stage_xact
                0x10005bf4       0x58 CMakeFiles/Autonomous-Navigation.dir/home/divan/.pico-sdk/sdk/1.5.1/lib/tinyusb/src/device/usbd_control.c.obj
 .text.tud_control_status
                0x10005c4c       0x28 CMakeFiles/Autonomous-Navigation.dir/home/divan/.pico-sdk/sdk/1.5.1/lib/tinyusb/src/device/usbd_control.c.obj
                0x10005c4c                tud_control_status
 .text.tud_control_xfer
                0x10005c74       0x68 CMakeFiles/Autonomous-Navigation.dir/home/divan/.pico-sdk/sdk/1.5.1/lib/tinyusb/src/device/usbd_control.c.obj
                0x10005c74                tud_control_xfer
 .text.usbd_control_reset
                0x10005cdc       0x14 CMakeFiles/Autonomous-Navigation.dir/home/divan/.pico-sdk/sdk/1.5.1/lib/tinyusb/src/device/usbd_control.c.obj
                0x10005cdc                usbd_control_reset
 .text.usbd_control_set_complete_callback
                0x10005cf0        0xc CMakeFiles/Autonomous-Navigation.dir/home/divan/.pico-sdk/sdk/1.5.1/lib/tinyusb/src/device/usbd_control.c.obj
                0x10005cf0                usbd_control_set_complete_callback
 .text.usbd_control_set_request
                0x10005cfc       0x1c CMakeFiles/Autonomous-Navigation.dir/home/divan/.pico-sdk/sdk/1.5.1/lib/tinyusb/src/device/usbd_control.c.obj
                0x10005cfc                usbd_control_set_request
 .text.usbd_control_xfer_cb
                0x10005d18       0xbc CMakeFiles/Autonomous-Navigation.dir/home/divan/.pico-sdk/sdk/1.5.1/lib/tinyusb/src/device/usbd_control.c.obj
                0x10005d18                usbd_control_xfer_cb
 .text._prep_out_transaction
                0x10005dd4       0x4a CMakeFiles/Autonomous-Navigation.dir/home/divan/.pico-sdk/sdk/1.5.1/lib/tinyusb/src/class/cdc/cdc_device.c.obj
 *fill*         0x10005e1e        0x2 
 .text.tud_cdc_n_connected
                0x10005e20       0x38 CMakeFiles/Autonomous-Navigation.dir/home/divan/.pico-sdk/sdk/1.5.1/lib/tinyusb/src/class/cdc/cdc_device.c.obj
                0x10005e20                tud_cdc_n_connected
 .text.tud_cdc_n_available
                0x10005e58       0x18 CMakeFiles/Autonomous-Navigation.dir/home/divan/.pico-sdk/sdk/1.5.1/lib/tinyusb/src/class/cdc/cdc_device.c.obj
                0x10005e58                tud_cdc_n_available
 .text.tud_cdc_n_read
                0x10005e70       0x28 CMakeFiles/Autonomous-Navigation.dir/home/divan/.pico-sdk/sdk/1.5.1/lib/tinyusb/src/class/cdc/cdc_device.c.obj
                0x10005e70                tud_cdc_n_read
 .text.tud_cdc_n_write_flush
                0x10005e98       0xb8 CMakeFiles/Autonomous-Navigation.dir/home/divan/.pico-sdk/sdk/1.5.1/lib/tinyusb/src/class/cdc/cdc_device.c.obj
                0x10005e98                tud_cdc_n_write_flush
 .text.tud_cdc_n_write
                0x10005f50       0x38 CMakeFiles/Autonomous-Navigation.dir/home/divan/.pico-sdk/sdk/1.5.1/lib/tinyusb/src/class/cdc/cdc_device.c.obj
                0x10005f50                tud_cdc_n_write
 .text.tud_cdc_n_write_available
                0x10005f88       0x1c CMakeFiles/Autonomous-Navigation.dir/home/divan/.pico-sdk/sdk/1.5.1/lib/tinyusb/src/class/cdc/cdc_device.c.obj
                0x10005f88                tud_cdc_n_write_available
 .text.cdcd_init
                0x10005fa4       0xbc CMakeFiles/Autonomous-Navigation.dir/home/divan/.pico-sdk/sdk/1.5.1/lib/tinyusb/src/class/cdc/cdc_device.c.obj
                0x10005fa4                cdcd_init
 .text.cdcd_reset
                0x10006060       0x44 CMakeFiles/Autonomous-Navigation.dir/home/divan/.pico-sdk/sdk/1.5.1/lib/tinyusb/src/class/cdc/cdc_device.c.obj
                0x10006060                cdcd_reset
 .text.cdcd_open
                0x100060a4       0xc4 CMakeFiles/Autonomous-Navigation.dir/home/divan/.pico-sdk/sdk/1.5.1/lib/tinyusb/src/class/cdc/cdc_device.c.obj
                0x100060a4                cdcd_open
 .text.cdcd_control_xfer_cb
                0x10006168      0x134 CMakeFiles/Autonomous-Navigation.dir/home/divan/.pico-sdk/sdk/1.5.1/lib/tinyusb/src/class/cdc/cdc_device.c.obj
                0x10006168                cdcd_control_xfer_cb
 .text.cdcd_xfer_cb
                0x1000629c      0x130 CMakeFiles/Autonomous-Navigation.dir/home/divan/.pico-sdk/sdk/1.5.1/lib/tinyusb/src/class/cdc/cdc_device.c.obj
                0x1000629c                cdcd_xfer_cb
 .text.tusb_init
                0x100063cc        0xa CMakeFiles/Autonomous-Navigation.dir/home/divan/.pico-sdk/sdk/1.5.1/lib/tinyusb/src/tusb.c.obj
                0x100063cc                tusb_init
 .text.tusb_inited
                0x100063d6        0xe CMakeFiles/Autonomous-Navigation.dir/home/divan/.pico-sdk/sdk/1.5.1/lib/tinyusb/src/tusb.c.obj
                0x100063d6                tusb_inited
 .text.tu_edpt_claim
                0x100063e4       0x50 CMakeFiles/Autonomous-Navigation.dir/home/divan/.pico-sdk/sdk/1.5.1/lib/tinyusb/src/tusb.c.obj
                0x100063e4                tu_edpt_claim
 .text.tu_edpt_release
                0x10006434       0x38 CMakeFiles/Autonomous-Navigation.dir/home/divan/.pico-sdk/sdk/1.5.1/lib/tinyusb/src/tusb.c.obj
                0x10006434                tu_edpt_release
 .text.tu_edpt_validate
                0x1000646c       0x78 CMakeFiles/Autonomous-Navigation.dir/home/divan/.pico-sdk/sdk/1.5.1/lib/tinyusb/src/tusb.c.obj
                0x1000646c                tu_edpt_validate
 .text.tu_edpt_bind_driver
                0x100064e4       0x26 CMakeFiles/Autonomous-Navigation.dir/home/divan/.pico-sdk/sdk/1.5.1/lib/tinyusb/src/tusb.c.obj
                0x100064e4                tu_edpt_bind_driver
 .text.advance_index
                0x1000650a       0x1a CMakeFiles/Autonomous-Navigation.dir/home/divan/.pico-sdk/sdk/1.5.1/lib/tinyusb/src/common/tusb_fifo.c.obj
 .text._tu_fifo_peek
                0x10006524       0x56 CMakeFiles/Autonomous-Navigation.dir/home/divan/.pico-sdk/sdk/1.5.1/lib/tinyusb/src/common/tusb_fifo.c.obj
 .text._ff_pull_const_addr
                0x1000657a       0x4c CMakeFiles/Autonomous-Navigation.dir/home/divan/.pico-sdk/sdk/1.5.1/lib/tinyusb/src/common/tusb_fifo.c.obj
 .text._ff_pull_n
                0x100065c6      0x110 CMakeFiles/Autonomous-Navigation.dir/home/divan/.pico-sdk/sdk/1.5.1/lib/tinyusb/src/common/tusb_fifo.c.obj
 .text._tu_fifo_peek_n
                0x100066d6       0x6a CMakeFiles/Autonomous-Navigation.dir/home/divan/.pico-sdk/sdk/1.5.1/lib/tinyusb/src/common/tusb_fifo.c.obj
 .text._tu_fifo_read_n
                0x10006740       0x4e CMakeFiles/Autonomous-Navigation.dir/home/divan/.pico-sdk/sdk/1.5.1/lib/tinyusb/src/common/tusb_fifo.c.obj
 .text._ff_push_const_addr
                0x1000678e       0x40 CMakeFiles/Autonomous-Navigation.dir/home/divan/.pico-sdk/sdk/1.5.1/lib/tinyusb/src/common/tusb_fifo.c.obj
 .text._ff_push_n
                0x100067ce      0x10c CMakeFiles/Autonomous-Navigation.dir/home/divan/.pico-sdk/sdk/1.5.1/lib/tinyusb/src/common/tusb_fifo.c.obj
 .text._tu_fifo_write_n
                0x100068da       0xf0 CMakeFiles/Autonomous-Navigation.dir/home/divan/.pico-sdk/sdk/1.5.1/lib/tinyusb/src/common/tusb_fifo.c.obj
 .text.tu_fifo_config
                0x100069ca       0x7c CMakeFiles/Autonomous-Navigation.dir/home/divan/.pico-sdk/sdk/1.5.1/lib/tinyusb/src/common/tusb_fifo.c.obj
                0x100069ca                tu_fifo_config
 .text.tu_fifo_count
                0x10006a46       0x2a CMakeFiles/Autonomous-Navigation.dir/home/divan/.pico-sdk/sdk/1.5.1/lib/tinyusb/src/common/tusb_fifo.c.obj
                0x10006a46                tu_fifo_count
 .text.tu_fifo_empty
                0x10006a70        0xe CMakeFiles/Autonomous-Navigation.dir/home/divan/.pico-sdk/sdk/1.5.1/lib/tinyusb/src/common/tusb_fifo.c.obj
                0x10006a70                tu_fifo_empty
 .text.tu_fifo_full
                0x10006a7e       0x28 CMakeFiles/Autonomous-Navigation.dir/home/divan/.pico-sdk/sdk/1.5.1/lib/tinyusb/src/common/tusb_fifo.c.obj
                0x10006a7e                tu_fifo_full
 .text.tu_fifo_remaining
                0x10006aa6       0x2c CMakeFiles/Autonomous-Navigation.dir/home/divan/.pico-sdk/sdk/1.5.1/lib/tinyusb/src/common/tusb_fifo.c.obj
                0x10006aa6                tu_fifo_remaining
 .text.tu_fifo_read
                0x10006ad2       0x42 CMakeFiles/Autonomous-Navigation.dir/home/divan/.pico-sdk/sdk/1.5.1/lib/tinyusb/src/common/tusb_fifo.c.obj
                0x10006ad2                tu_fifo_read
 .text.tu_fifo_read_n
                0x10006b14        0xa CMakeFiles/Autonomous-Navigation.dir/home/divan/.pico-sdk/sdk/1.5.1/lib/tinyusb/src/common/tusb_fifo.c.obj
                0x10006b14                tu_fifo_read_n
 .text.tu_fifo_write
                0x10006b1e       0x64 CMakeFiles/Autonomous-Navigation.dir/home/divan/.pico-sdk/sdk/1.5.1/lib/tinyusb/src/common/tusb_fifo.c.obj
                0x10006b1e                tu_fifo_write
 .text.tu_fifo_write_n
                0x10006b82        0xa CMakeFiles/Autonomous-Navigation.dir/home/divan/.pico-sdk/sdk/1.5.1/lib/tinyusb/src/common/tusb_fifo.c.obj
                0x10006b82                tu_fifo_write_n
 .text.tu_fifo_clear
                0x10006b8c       0x3e CMakeFiles/Autonomous-Navigation.dir/home/divan/.pico-sdk/sdk/1.5.1/lib/tinyusb/src/common/tusb_fifo.c.obj
                0x10006b8c                tu_fifo_clear
 .text.tu_fifo_set_overwritable
                0x10006bca       0x46 CMakeFiles/Autonomous-Navigation.dir/home/divan/.pico-sdk/sdk/1.5.1/lib/tinyusb/src/common/tusb_fifo.c.obj
                0x10006bca                tu_fifo_set_overwritable
 .text.pio_get_default_sm_config
                0x10006c10       0x28 CMakeFiles/Autonomous-Navigation.dir/home/divan/.pico-sdk/sdk/1.5.1/src/rp2_common/hardware_pio/pio.c.obj
 .text._pio_can_add_program_at_offset
                0x10006c38       0x3c CMakeFiles/Autonomous-Navigation.dir/home/divan/.pico-sdk/sdk/1.5.1/src/rp2_common/hardware_pio/pio.c.obj
 .text._pio_find_offset_for_program
                0x10006c74       0x7c CMakeFiles/Autonomous-Navigation.dir/home/divan/.pico-sdk/sdk/1.5.1/src/rp2_common/hardware_pio/pio.c.obj
 .text._pio_add_program_at_offset
                0x10006cf0       0x7c CMakeFiles/Autonomous-Navigation.dir/home/divan/.pico-sdk/sdk/1.5.1/src/rp2_common/hardware_pio/pio.c.obj
 .text.pio_sm_unclaim
                0x10006d6c       0x20 CMakeFiles/Autonomous-Navigation.dir/home/divan/.pico-sdk/sdk/1.5.1/src/rp2_common/hardware_pio/pio.c.obj
                0x10006d6c                pio_sm_unclaim
 .text.pio_claim_unused_sm
                0x10006d8c       0x3c CMakeFiles/Autonomous-Navigation.dir/home/divan/.pico-sdk/sdk/1.5.1/src/rp2_common/hardware_pio/pio.c.obj
                0x10006d8c                pio_claim_unused_sm
 .text.pio_can_add_program
                0x10006dc8       0x26 CMakeFiles/Autonomous-Navigation.dir/home/divan/.pico-sdk/sdk/1.5.1/src/rp2_common/hardware_pio/pio.c.obj
                0x10006dc8                pio_can_add_program
 *fill*         0x10006dee        0x2 
 .text.pio_add_program
                0x10006df0       0x38 CMakeFiles/Autonomous-Navigation.dir/home/divan/.pico-sdk/sdk/1.5.1/src/rp2_common/hardware_pio/pio.c.obj
                0x10006df0                pio_add_program
 .text.pio_remove_program
                0x10006e28       0x58 CMakeFiles/Autonomous-Navigation.dir/home/divan/.pico-sdk/sdk/1.5.1/src/rp2_common/hardware_pio/pio.c.obj
                0x10006e28                pio_remove_program
 .text.pio_sm_set_pindirs_with_mask
                0x10006e80       0x9c CMakeFiles/Autonomous-Navigation.dir/home/divan/.pico-sdk/sdk/1.5.1/src/rp2_common/hardware_pio/pio.c.obj
                0x10006e80                pio_sm_set_pindirs_with_mask
 .text.pio_sm_set_consecutive_pindirs
                0x10006f1c       0xa4 CMakeFiles/Autonomous-Navigation.dir/home/divan/.pico-sdk/sdk/1.5.1/src/rp2_common/hardware_pio/pio.c.obj
                0x10006f1c                pio_sm_set_consecutive_pindirs
 .text.pio_sm_init
                0x10006fc0       0xb0 CMakeFiles/Autonomous-Navigation.dir/home/divan/.pico-sdk/sdk/1.5.1/src/rp2_common/hardware_pio/pio.c.obj
                0x10006fc0                pio_sm_init
 .text.cyw43_arch_set_async_context
                0x10007070        0xc CMakeFiles/Autonomous-Navigation.dir/home/divan/.pico-sdk/sdk/1.5.1/src/rp2_common/pico_cyw43_arch/cyw43_arch.c.obj
                0x10007070                cyw43_arch_set_async_context
 .text.cyw43_arch_gpio_put
                0x1000707c       0x14 CMakeFiles/Autonomous-Navigation.dir/home/divan/.pico-sdk/sdk/1.5.1/src/rp2_common/pico_cyw43_arch/cyw43_arch.c.obj
                0x1000707c                cyw43_arch_gpio_put
 .text.cyw43_arch_async_context
                0x10007090        0xc CMakeFiles/Autonomous-Navigation.dir/home/divan/.pico-sdk/sdk/1.5.1/src/rp2_common/pico_cyw43_arch/cyw43_arch.c.obj
                0x10007090                cyw43_arch_async_context
 .text.cyw43_arch_init_default_async_context
                0x1000709c       0x20 CMakeFiles/Autonomous-Navigation.dir/home/divan/.pico-sdk/sdk/1.5.1/src/rp2_common/pico_cyw43_arch/cyw43_arch_threadsafe_background.c.obj
                0x1000709c                cyw43_arch_init_default_async_context
 .text.cyw43_arch_deinit
                0x100070bc       0x28 CMakeFiles/Autonomous-Navigation.dir/home/divan/.pico-sdk/sdk/1.5.1/src/rp2_common/pico_cyw43_arch/cyw43_arch_threadsafe_background.c.obj
                0x100070bc                cyw43_arch_deinit
 .text.cyw43_arch_init
                0x100070e4       0x36 CMakeFiles/Autonomous-Navigation.dir/home/divan/.pico-sdk/sdk/1.5.1/src/rp2_common/pico_cyw43_arch/cyw43_arch_threadsafe_background.c.obj
                0x100070e4                cyw43_arch_init
 .text.pio_get_default_sm_config
                0x1000711a       0x28 CMakeFiles/Autonomous-Navigation.dir/home/divan/.pico-sdk/sdk/1.5.1/src/rp2_common/pico_cyw43_driver/cyw43_bus_pio_spi.c.obj
 *fill*         0x10007142        0x2 
 .text.spi_gap01_sample0_program_get_default_config
                0x10007144       0x3c CMakeFiles/Autonomous-Navigation.dir/home/divan/.pico-sdk/sdk/1.5.1/src/rp2_common/pico_cyw43_driver/cyw43_bus_pio_spi.c.obj
 .text.cs_set   0x10007180       0x1c CMakeFiles/Autonomous-Navigation.dir/home/divan/.pico-sdk/sdk/1.5.1/src/rp2_common/pico_cyw43_driver/cyw43_bus_pio_spi.c.obj
 .text.channel_config_set_chain_to
                0x1000719c       0x30 CMakeFiles/Autonomous-Navigation.dir/home/divan/.pico-sdk/sdk/1.5.1/src/rp2_common/pico_cyw43_driver/cyw43_bus_pio_spi.c.obj
 .text.dma_channel_get_default_config
                0x100071cc       0x74 CMakeFiles/Autonomous-Navigation.dir/home/divan/.pico-sdk/sdk/1.5.1/src/rp2_common/pico_cyw43_driver/cyw43_bus_pio_spi.c.obj
 .text.channel_config_set_dreq
                0x10007240       0x30 CMakeFiles/Autonomous-Navigation.dir/home/divan/.pico-sdk/sdk/1.5.1/src/rp2_common/pico_cyw43_driver/cyw43_bus_pio_spi.c.obj
 .text.start_spi_comms
                0x10007270       0x2c CMakeFiles/Autonomous-Navigation.dir/home/divan/.pico-sdk/sdk/1.5.1/src/rp2_common/pico_cyw43_driver/cyw43_bus_pio_spi.c.obj
 .text.ns_delay
                0x1000729c       0x20 CMakeFiles/Autonomous-Navigation.dir/home/divan/.pico-sdk/sdk/1.5.1/src/rp2_common/pico_cyw43_driver/cyw43_bus_pio_spi.c.obj
 .text.stop_spi_comms
                0x100072bc       0x10 CMakeFiles/Autonomous-Navigation.dir/home/divan/.pico-sdk/sdk/1.5.1/src/rp2_common/pico_cyw43_driver/cyw43_bus_pio_spi.c.obj
 .text.cyw43_spi_deinit
                0x100072cc       0x74 CMakeFiles/Autonomous-Navigation.dir/home/divan/.pico-sdk/sdk/1.5.1/src/rp2_common/pico_cyw43_driver/cyw43_bus_pio_spi.c.obj
                0x100072cc                cyw43_spi_deinit
 .text.cyw43_spi_init
                0x10007340      0x234 CMakeFiles/Autonomous-Navigation.dir/home/divan/.pico-sdk/sdk/1.5.1/src/rp2_common/pico_cyw43_driver/cyw43_bus_pio_spi.c.obj
                0x10007340                cyw43_spi_init
 .text.cyw43_spi_transfer
                0x10007574      0x568 CMakeFiles/Autonomous-Navigation.dir/home/divan/.pico-sdk/sdk/1.5.1/src/rp2_common/pico_cyw43_driver/cyw43_bus_pio_spi.c.obj
                0x10007574                cyw43_spi_transfer
 .text._cyw43_read_reg
                0x10007adc       0x50 CMakeFiles/Autonomous-Navigation.dir/home/divan/.pico-sdk/sdk/1.5.1/src/rp2_common/pico_cyw43_driver/cyw43_bus_pio_spi.c.obj
 .text._cyw43_write_reg
                0x10007b2c       0x58 CMakeFiles/Autonomous-Navigation.dir/home/divan/.pico-sdk/sdk/1.5.1/src/rp2_common/pico_cyw43_driver/cyw43_bus_pio_spi.c.obj
 .text.cyw43_spi_gpio_setup
                0x10007b84       0x3a CMakeFiles/Autonomous-Navigation.dir/home/divan/.pico-sdk/sdk/1.5.1/src/rp2_common/pico_cyw43_driver/cyw43_bus_pio_spi.c.obj
                0x10007b84                cyw43_spi_gpio_setup
 .text.cyw43_spi_reset
                0x10007bbe       0x28 CMakeFiles/Autonomous-Navigation.dir/home/divan/.pico-sdk/sdk/1.5.1/src/rp2_common/pico_cyw43_driver/cyw43_bus_pio_spi.c.obj
                0x10007bbe                cyw43_spi_reset
 *fill*         0x10007be6        0x2 
 .text.read_reg_u32_swap
                0x10007be8       0x68 CMakeFiles/Autonomous-Navigation.dir/home/divan/.pico-sdk/sdk/1.5.1/src/rp2_common/pico_cyw43_driver/cyw43_bus_pio_spi.c.obj
                0x10007be8                read_reg_u32_swap
 .text.cyw43_read_reg_u32
                0x10007c50        0xa CMakeFiles/Autonomous-Navigation.dir/home/divan/.pico-sdk/sdk/1.5.1/src/rp2_common/pico_cyw43_driver/cyw43_bus_pio_spi.c.obj
                0x10007c50                cyw43_read_reg_u32
 .text.cyw43_read_reg_u16
                0x10007c5a        0xa CMakeFiles/Autonomous-Navigation.dir/home/divan/.pico-sdk/sdk/1.5.1/src/rp2_common/pico_cyw43_driver/cyw43_bus_pio_spi.c.obj
                0x10007c5a                cyw43_read_reg_u16
 .text.cyw43_read_reg_u8
                0x10007c64        0xa CMakeFiles/Autonomous-Navigation.dir/home/divan/.pico-sdk/sdk/1.5.1/src/rp2_common/pico_cyw43_driver/cyw43_bus_pio_spi.c.obj
                0x10007c64                cyw43_read_reg_u8
 *fill*         0x10007c6e        0x2 
 .text.write_reg_u32_swap
                0x10007c70       0x34 CMakeFiles/Autonomous-Navigation.dir/home/divan/.pico-sdk/sdk/1.5.1/src/rp2_common/pico_cyw43_driver/cyw43_bus_pio_spi.c.obj
                0x10007c70                write_reg_u32_swap
 .text.cyw43_write_reg_u32
                0x10007ca4       0x10 CMakeFiles/Autonomous-Navigation.dir/home/divan/.pico-sdk/sdk/1.5.1/src/rp2_common/pico_cyw43_driver/cyw43_bus_pio_spi.c.obj
                0x10007ca4                cyw43_write_reg_u32
 .text.cyw43_write_reg_u16
                0x10007cb4       0x10 CMakeFiles/Autonomous-Navigation.dir/home/divan/.pico-sdk/sdk/1.5.1/src/rp2_common/pico_cyw43_driver/cyw43_bus_pio_spi.c.obj
                0x10007cb4                cyw43_write_reg_u16
 .text.cyw43_write_reg_u8
                0x10007cc4       0x10 CMakeFiles/Autonomous-Navigation.dir/home/divan/.pico-sdk/sdk/1.5.1/src/rp2_common/pico_cyw43_driver/cyw43_bus_pio_spi.c.obj
                0x10007cc4                cyw43_write_reg_u8
 .text.cyw43_read_bytes
                0x10007cd4       0xfc CMakeFiles/Autonomous-Navigation.dir/home/divan/.pico-sdk/sdk/1.5.1/src/rp2_common/pico_cyw43_driver/cyw43_bus_pio_spi.c.obj
                0x10007cd4                cyw43_read_bytes
 .text.cyw43_write_bytes
                0x10007dd0      0x124 CMakeFiles/Autonomous-Navigation.dir/home/divan/.pico-sdk/sdk/1.5.1/src/rp2_common/pico_cyw43_driver/cyw43_bus_pio_spi.c.obj
                0x10007dd0                cyw43_write_bytes
 .text.get_core_address
                0x10007ef4       0x1c CMakeFiles/Autonomous-Navigation.dir/home/divan/.pico-sdk/sdk/1.5.1/lib/cyw43-driver/src/cyw43_ll.c.obj
 .text.sdpcm_process_rx_packet
                0x10007f10      0x180 CMakeFiles/Autonomous-Navigation.dir/home/divan/.pico-sdk/sdk/1.5.1/lib/cyw43-driver/src/cyw43_ll.c.obj
 .text.cyw43_ll_wifi_parse_scan_result
                0x10008090       0x9c CMakeFiles/Autonomous-Navigation.dir/home/divan/.pico-sdk/sdk/1.5.1/lib/cyw43-driver/src/cyw43_ll.c.obj
 .text.cyw43_ll_parse_async_event
                0x1000812c       0x8a CMakeFiles/Autonomous-Navigation.dir/home/divan/.pico-sdk/sdk/1.5.1/lib/cyw43-driver/src/cyw43_ll.c.obj
 *fill*         0x100081b6        0x2 
 .text.cyw43_kso_set
                0x100081b8       0x98 CMakeFiles/Autonomous-Navigation.dir/home/divan/.pico-sdk/sdk/1.5.1/lib/cyw43-driver/src/cyw43_ll.c.obj
 .text.cyw43_ll_bus_sleep_helper
                0x10008250        0xe CMakeFiles/Autonomous-Navigation.dir/home/divan/.pico-sdk/sdk/1.5.1/lib/cyw43-driver/src/cyw43_ll.c.obj
 *fill*         0x1000825e        0x2 
 .text.cyw43_read_reg
                0x10008260       0x48 CMakeFiles/Autonomous-Navigation.dir/home/divan/.pico-sdk/sdk/1.5.1/lib/cyw43-driver/src/cyw43_ll.c.obj
 .text.cyw43_write_reg
                0x100082a8       0x4c CMakeFiles/Autonomous-Navigation.dir/home/divan/.pico-sdk/sdk/1.5.1/lib/cyw43-driver/src/cyw43_ll.c.obj
 .text.cyw43_set_backplane_window
                0x100082f4       0x78 CMakeFiles/Autonomous-Navigation.dir/home/divan/.pico-sdk/sdk/1.5.1/lib/cyw43-driver/src/cyw43_ll.c.obj
 .text.cyw43_read_backplane
                0x1000836c       0x30 CMakeFiles/Autonomous-Navigation.dir/home/divan/.pico-sdk/sdk/1.5.1/lib/cyw43-driver/src/cyw43_ll.c.obj
 .text.disable_device_core
                0x1000839c       0x3c CMakeFiles/Autonomous-Navigation.dir/home/divan/.pico-sdk/sdk/1.5.1/lib/cyw43-driver/src/cyw43_ll.c.obj
 .text.device_core_is_up
                0x100083d8       0x4c CMakeFiles/Autonomous-Navigation.dir/home/divan/.pico-sdk/sdk/1.5.1/lib/cyw43-driver/src/cyw43_ll.c.obj
 .text.cyw43_write_backplane
                0x10008424       0x34 CMakeFiles/Autonomous-Navigation.dir/home/divan/.pico-sdk/sdk/1.5.1/lib/cyw43-driver/src/cyw43_ll.c.obj
 .text.reset_device_core
                0x10008458       0x74 CMakeFiles/Autonomous-Navigation.dir/home/divan/.pico-sdk/sdk/1.5.1/lib/cyw43-driver/src/cyw43_ll.c.obj
 .text.cyw43_download_resource
                0x100084cc      0x17c CMakeFiles/Autonomous-Navigation.dir/home/divan/.pico-sdk/sdk/1.5.1/lib/cyw43-driver/src/cyw43_ll.c.obj
 .text.cyw43_ll_init
                0x10008648       0x20 CMakeFiles/Autonomous-Navigation.dir/home/divan/.pico-sdk/sdk/1.5.1/lib/cyw43-driver/src/cyw43_ll.c.obj
                0x10008648                cyw43_ll_init
 .text.cyw43_ll_deinit
                0x10008668        0x8 CMakeFiles/Autonomous-Navigation.dir/home/divan/.pico-sdk/sdk/1.5.1/lib/cyw43-driver/src/cyw43_ll.c.obj
                0x10008668                cyw43_ll_deinit
 .text.cyw43_ll_bus_sleep
                0x10008670       0x34 CMakeFiles/Autonomous-Navigation.dir/home/divan/.pico-sdk/sdk/1.5.1/lib/cyw43-driver/src/cyw43_ll.c.obj
                0x10008670                cyw43_ll_bus_sleep
 .text.cyw43_ll_sdpcm_poll_device
                0x100086a4      0x158 CMakeFiles/Autonomous-Navigation.dir/home/divan/.pico-sdk/sdk/1.5.1/lib/cyw43-driver/src/cyw43_ll.c.obj
 .text.cyw43_ll_process_packets
                0x100087fc       0x5c CMakeFiles/Autonomous-Navigation.dir/home/divan/.pico-sdk/sdk/1.5.1/lib/cyw43-driver/src/cyw43_ll.c.obj
                0x100087fc                cyw43_ll_process_packets
 .text.cyw43_sdpcm_send_common
                0x10008858      0x104 CMakeFiles/Autonomous-Navigation.dir/home/divan/.pico-sdk/sdk/1.5.1/lib/cyw43-driver/src/cyw43_ll.c.obj
 .text.cyw43_send_ioctl
                0x1000895c       0x56 CMakeFiles/Autonomous-Navigation.dir/home/divan/.pico-sdk/sdk/1.5.1/lib/cyw43-driver/src/cyw43_ll.c.obj
 *fill*         0x100089b2        0x2 
 .text.cyw43_do_ioctl
                0x100089b4       0xc0 CMakeFiles/Autonomous-Navigation.dir/home/divan/.pico-sdk/sdk/1.5.1/lib/cyw43-driver/src/cyw43_ll.c.obj
 .text.cyw43_ll_ioctl
                0x10008a74       0x1e CMakeFiles/Autonomous-Navigation.dir/home/divan/.pico-sdk/sdk/1.5.1/lib/cyw43-driver/src/cyw43_ll.c.obj
                0x10008a74                cyw43_ll_ioctl
 *fill*         0x10008a92        0x2 
 .text.cyw43_clm_load
                0x10008a94       0xdc CMakeFiles/Autonomous-Navigation.dir/home/divan/.pico-sdk/sdk/1.5.1/lib/cyw43-driver/src/cyw43_ll.c.obj
 .text.cyw43_write_iovar_u32
                0x10008b70       0x60 CMakeFiles/Autonomous-Navigation.dir/home/divan/.pico-sdk/sdk/1.5.1/lib/cyw43-driver/src/cyw43_ll.c.obj
 .text.cyw43_write_iovar_n
                0x10008bd0       0x50 CMakeFiles/Autonomous-Navigation.dir/home/divan/.pico-sdk/sdk/1.5.1/lib/cyw43-driver/src/cyw43_ll.c.obj
 .text.cyw43_set_ioctl_u32
                0x10008c20       0x30 CMakeFiles/Autonomous-Navigation.dir/home/divan/.pico-sdk/sdk/1.5.1/lib/cyw43-driver/src/cyw43_ll.c.obj
 .text.cyw43_write_iovar_u32_u32
                0x10008c50       0x74 CMakeFiles/Autonomous-Navigation.dir/home/divan/.pico-sdk/sdk/1.5.1/lib/cyw43-driver/src/cyw43_ll.c.obj
 .text.cyw43_ll_wifi_get_mac
                0x10008cc4       0x44 CMakeFiles/Autonomous-Navigation.dir/home/divan/.pico-sdk/sdk/1.5.1/lib/cyw43-driver/src/cyw43_ll.c.obj
                0x10008cc4                cyw43_ll_wifi_get_mac
 .text.cyw43_ll_bus_init
                0x10008d08      0x360 CMakeFiles/Autonomous-Navigation.dir/home/divan/.pico-sdk/sdk/1.5.1/lib/cyw43-driver/src/cyw43_ll.c.obj
                0x10008d08                cyw43_ll_bus_init
 .text.cyw43_ll_wifi_set_wpa_auth
                0x10009068        0xe CMakeFiles/Autonomous-Navigation.dir/home/divan/.pico-sdk/sdk/1.5.1/lib/cyw43-driver/src/cyw43_ll.c.obj
                0x10009068                cyw43_ll_wifi_set_wpa_auth
 *fill*         0x10009076        0x2 
 .text.cyw43_ll_wifi_rejoin
                0x10009078       0x20 CMakeFiles/Autonomous-Navigation.dir/home/divan/.pico-sdk/sdk/1.5.1/lib/cyw43-driver/src/cyw43_ll.c.obj
                0x10009078                cyw43_ll_wifi_rejoin
 .text.cyw43_ll_gpio_set
                0x10009098       0x30 CMakeFiles/Autonomous-Navigation.dir/home/divan/.pico-sdk/sdk/1.5.1/lib/cyw43-driver/src/cyw43_ll.c.obj
                0x10009098                cyw43_ll_gpio_set
 .text.cyw43_ll_has_work
                0x100090c8       0x12 CMakeFiles/Autonomous-Navigation.dir/home/divan/.pico-sdk/sdk/1.5.1/lib/cyw43-driver/src/cyw43_ll.c.obj
                0x100090c8                cyw43_ll_has_work
 .text.to_ms_since_boot
                0x100090da       0x1c CMakeFiles/Autonomous-Navigation.dir/home/divan/.pico-sdk/sdk/1.5.1/lib/cyw43-driver/src/cyw43_ctrl.c.obj
 *fill*         0x100090f6        0x2 
 .text.update_us_since_boot
                0x100090f8       0x24 CMakeFiles/Autonomous-Navigation.dir/home/divan/.pico-sdk/sdk/1.5.1/lib/cyw43-driver/src/cyw43_ctrl.c.obj
 .text.cyw43_poll_func
                0x1000911c       0xac CMakeFiles/Autonomous-Navigation.dir/home/divan/.pico-sdk/sdk/1.5.1/lib/cyw43-driver/src/cyw43_ctrl.c.obj
 .text.get_absolute_time
                0x100091c8       0x22 CMakeFiles/Autonomous-Navigation.dir/home/divan/.pico-sdk/sdk/1.5.1/lib/cyw43-driver/src/cyw43_ctrl.c.obj
 .text.cyw43_hal_ticks_ms
                0x100091ea       0x16 CMakeFiles/Autonomous-Navigation.dir/home/divan/.pico-sdk/sdk/1.5.1/lib/cyw43-driver/src/cyw43_ctrl.c.obj
 .text.cyw43_dump_async_event
                0x10009200       0x58 CMakeFiles/Autonomous-Navigation.dir/home/divan/.pico-sdk/sdk/1.5.1/lib/cyw43-driver/src/cyw43_ctrl.c.obj
 .text.cyw43_ensure_up
                0x10009258       0xec CMakeFiles/Autonomous-Navigation.dir/home/divan/.pico-sdk/sdk/1.5.1/lib/cyw43-driver/src/cyw43_ctrl.c.obj
 .text.cyw43_init
                0x10009344       0x8c CMakeFiles/Autonomous-Navigation.dir/home/divan/.pico-sdk/sdk/1.5.1/lib/cyw43-driver/src/cyw43_ctrl.c.obj
                0x10009344                cyw43_init
 .text.cyw43_deinit
                0x100093d0       0x3c CMakeFiles/Autonomous-Navigation.dir/home/divan/.pico-sdk/sdk/1.5.1/lib/cyw43-driver/src/cyw43_ctrl.c.obj
                0x100093d0                cyw43_deinit
 .text.cyw43_cb_read_host_interrupt_pin
                0x1000940c        0xe CMakeFiles/Autonomous-Navigation.dir/home/divan/.pico-sdk/sdk/1.5.1/lib/cyw43-driver/src/cyw43_ctrl.c.obj
                0x1000940c                cyw43_cb_read_host_interrupt_pin
 *fill*         0x1000941a        0x2 
 .text.cyw43_cb_ensure_awake
                0x1000941c        0xc CMakeFiles/Autonomous-Navigation.dir/home/divan/.pico-sdk/sdk/1.5.1/lib/cyw43-driver/src/cyw43_ctrl.c.obj
                0x1000941c                cyw43_cb_ensure_awake
 .text.cyw43_cb_process_async_event
                0x10009428      0x1ac CMakeFiles/Autonomous-Navigation.dir/home/divan/.pico-sdk/sdk/1.5.1/lib/cyw43-driver/src/cyw43_ctrl.c.obj
                0x10009428                cyw43_cb_process_async_event
 .text.cyw43_gpio_set
                0x100095d4       0x30 CMakeFiles/Autonomous-Navigation.dir/home/divan/.pico-sdk/sdk/1.5.1/lib/cyw43-driver/src/cyw43_ctrl.c.obj
                0x100095d4                cyw43_gpio_set
 .text.dma_channel_unclaim
                0x10009604       0x14 CMakeFiles/Autonomous-Navigation.dir/home/divan/.pico-sdk/sdk/1.5.1/src/rp2_common/hardware_dma/dma.c.obj
                0x10009604                dma_channel_unclaim
 .text.dma_claim_unused_channel
                0x10009618       0x24 CMakeFiles/Autonomous-Navigation.dir/home/divan/.pico-sdk/sdk/1.5.1/src/rp2_common/hardware_dma/dma.c.obj
                0x10009618                dma_claim_unused_channel
 .text.dma_channel_cleanup
                0x1000963c       0x5c CMakeFiles/Autonomous-Navigation.dir/home/divan/.pico-sdk/sdk/1.5.1/src/rp2_common/hardware_dma/dma.c.obj
                0x1000963c                dma_channel_cleanup
 .text.cyw43_sleep_timeout_reached
                0x10009698       0x50 CMakeFiles/Autonomous-Navigation.dir/home/divan/.pico-sdk/sdk/1.5.1/src/rp2_common/pico_cyw43_driver/cyw43_driver.c.obj
 .text.update_us_since_boot
                0x100096e8       0x24 CMakeFiles/Autonomous-Navigation.dir/home/divan/.pico-sdk/sdk/1.5.1/src/rp2_common/pico_cyw43_driver/cyw43_driver.c.obj
 .text.delayed_by_ms
                0x1000970c       0x44 CMakeFiles/Autonomous-Navigation.dir/home/divan/.pico-sdk/sdk/1.5.1/src/rp2_common/pico_cyw43_driver/cyw43_driver.c.obj
 .text.delayed_by_us
                0x10009750       0x34 CMakeFiles/Autonomous-Navigation.dir/home/divan/.pico-sdk/sdk/1.5.1/src/rp2_common/pico_cyw43_driver/cyw43_driver.c.obj
 .text.get_absolute_time
                0x10009784       0x22 CMakeFiles/Autonomous-Navigation.dir/home/divan/.pico-sdk/sdk/1.5.1/src/rp2_common/pico_cyw43_driver/cyw43_driver.c.obj
 .text.make_timeout_time_ms
                0x100097a6       0x20 CMakeFiles/Autonomous-Navigation.dir/home/divan/.pico-sdk/sdk/1.5.1/src/rp2_common/pico_cyw43_driver/cyw43_driver.c.obj
 .text.async_context_add_at_time_worker_in_ms
                0x100097c6       0x26 CMakeFiles/Autonomous-Navigation.dir/home/divan/.pico-sdk/sdk/1.5.1/src/rp2_common/pico_cyw43_driver/cyw43_driver.c.obj
 .text.cyw43_do_poll
                0x100097ec       0x74 CMakeFiles/Autonomous-Navigation.dir/home/divan/.pico-sdk/sdk/1.5.1/src/rp2_common/pico_cyw43_driver/cyw43_driver.c.obj
 .text.make_timeout_time_us
                0x10009860       0x24 CMakeFiles/Autonomous-Navigation.dir/home/divan/.pico-sdk/sdk/1.5.1/src/rp2_common/pico_cyw43_driver/cyw43_driver.c.obj
 .text.cyw43_set_irq_enabled
                0x10009884        0xe CMakeFiles/Autonomous-Navigation.dir/home/divan/.pico-sdk/sdk/1.5.1/src/rp2_common/pico_cyw43_driver/cyw43_driver.c.obj
 *fill*         0x10009892        0x2 
 .text.cyw43_irq_init
                0x10009894       0x50 CMakeFiles/Autonomous-Navigation.dir/home/divan/.pico-sdk/sdk/1.5.1/src/rp2_common/pico_cyw43_driver/cyw43_driver.c.obj
                0x10009894                cyw43_irq_init
 .text.cyw43_gpio_irq_handler
                0x100098e4       0x40 CMakeFiles/Autonomous-Navigation.dir/home/divan/.pico-sdk/sdk/1.5.1/src/rp2_common/pico_cyw43_driver/cyw43_driver.c.obj
 .text.cyw43_irq_deinit
                0x10009924       0x48 CMakeFiles/Autonomous-Navigation.dir/home/divan/.pico-sdk/sdk/1.5.1/src/rp2_common/pico_cyw43_driver/cyw43_driver.c.obj
                0x10009924                cyw43_irq_deinit
 .text.no_lwip_fail
                0x1000996c        0xc CMakeFiles/Autonomous-Navigation.dir/home/divan/.pico-sdk/sdk/1.5.1/src/rp2_common/pico_cyw43_driver/cyw43_driver.c.obj
 .text.cyw43_post_poll_hook
                0x10009978       0x38 CMakeFiles/Autonomous-Navigation.dir/home/divan/.pico-sdk/sdk/1.5.1/src/rp2_common/pico_cyw43_driver/cyw43_driver.c.obj
                0x10009978                cyw43_post_poll_hook
 .text.cyw43_schedule_internal_poll_dispatch
                0x100099b0       0x3c CMakeFiles/Autonomous-Navigation.dir/home/divan/.pico-sdk/sdk/1.5.1/src/rp2_common/pico_cyw43_driver/cyw43_driver.c.obj
                0x100099b0                cyw43_schedule_internal_poll_dispatch
 .text.cyw43_driver_init
                0x100099ec       0x38 CMakeFiles/Autonomous-Navigation.dir/home/divan/.pico-sdk/sdk/1.5.1/src/rp2_common/pico_cyw43_driver/cyw43_driver.c.obj
                0x100099ec                cyw43_driver_init
 .text.cyw43_driver_deinit
                0x10009a24       0x64 CMakeFiles/Autonomous-Navigation.dir/home/divan/.pico-sdk/sdk/1.5.1/src/rp2_common/pico_cyw43_driver/cyw43_driver.c.obj
                0x10009a24                cyw43_driver_deinit